[10vuJA_wv6Z4#0] ^Pre_nom<SN><@HNOUN><ind><m><sg><nom><pers-pro>{^kong<n><m><sg><ind>$ ^Harald<np><ant><m><ind>$}$
[/10vuJA_wv6Z4]
[5lw5MRaU9oZe#0] ^adpos<PR><@ADVL>{^på grunn av<pr>$}$ ^nom<SN><@→P><def><nt><sg><agreem-pro>{^vær<n><nt><sg><def><gen>$}$
[/5lw5MRaU9oZe]
[7cJvryNjmakD#0] ^nom<SN><@HNOUN><ind><m><sg><nom><unc><agreem-pro>{^språkrevitalisering<n><m><sg><ind>$}$
[/7cJvryNjmakD]
[A2pYKBduUi4Q#0] ^Nom<SN><@SUBJ→><def><nt><pl><nom><agreem-pro>{^barn<n><nt><pl><def>$}$ ^vcop<SV><@+FMAINV><indic><pres><p3><pl><agreem-pro><NC>{^være<vblex><pres>$}$ ^adv<ADV><@←ADVL-ine><adv>{^alene<adv>$}$ ^adv<ADV><@←ADVL-ine><adv>{^hjemme<adv>$}$^sent<SENT>{^.<sent><clb>$}$
[/A2pYKBduUi4Q]
[EZyWS1Hp7O3O#0] ^nom<SN><@X><ind><m><sg><unc><agreem-pro>{^snøsmelting<n><m><sg><ind>$}$
[/EZyWS1Hp7O3O]
[EloK9Q8SACDJ#0] ^pre_pre_nom<SN><@HNOUN><ind><f><nom><pers-pro>{^Anne<np><ant><f>$ ^Tornensis<np><cog>$ ^Hætta<np><cog>$}$
[/EloK9Q8SACDJ]
[FFAYuJZpZY3g#0] ^nom<SN><@SUBJ→><ind><f><sg><nom><pers-pro>{^Ánne<np><ant><f>$}$ ^verb<SV><@+FMAINV><indic><pres><p3><sg><pers-pro><NC><f>{^lage<vblex><pres>$}$ ^nom<SN><@←OBJ><ind><m><sg><acc><agreem-pro>{^mat<n><m><sg><ind>$}$^sent<SENT>{^.<sent><clb>$}$
[/FFAYuJZpZY3g]
[GmxCMyX7kT7N#0] ^verb<SV><@-FMAINV><inf><incongr-pro><NC>{^fryse<vblex><inf>$}$^lemq<lemq>{^# til$}$
[/GmxCMyX7kT7N]
[HhTSEzVzKwBk#0] ^Nom<SN><@SUBJ→><def><nt><sg><nom><agreem-pro>{^barn<n><nt><sg><def>$}$ ^verb<SV><@+FMAINV><indic><pres><p3><sg><pers-pro><NC>{^sove<vblex><pres>$}$^sent<SENT>{^.<sent><clb>$}$
[/HhTSEzVzKwBk]
[Ht8MgRVMsB60#0] ^Verb<SV><@+FMAINV><qst><indic><pres><p3><sg><pers-pro><loc-fra><esubj>{^komme<vblex><pres>$}$ ^nom<SN><@←SUBJ><ind><m><sg><nom><agreem-pro>{^far<n><m><sg><ind>$}$ ^adv<ADV><@←ADVL-ela><adv>{^i morgen<adv>$}$^sent<SENT>{^?<sent><clb>$}$
[/Ht8MgRVMsB60]
[NN8bEy129TeS#0] ^caseprep<PR><ill>{^til<pr>$}$ ^nom<SN><@←ADVL><ind><m><sg><ill><unc><agreem-pro>{^fjernundervisning<n><m><sg><ind>$}$
[/NN8bEy129TeS]
[QtUeuIcMULft#0] ^Nom<SN><@HNOUN><ind><m><sg><nom><agreem-pro>{^takk<n><m><sg><ind>$}$ ^adpos<PR><@ADVL>{^for<pr>$}$ ^nom<SN><@→P><def><m><sg><agreem-pro><maydetind>{^gave<n><m><sg><def><gen>$}$^sent<SENT>{^.<sent><clb>$}$
[/QtUeuIcMULft]
[UgIirDVITxyD#0] ^Verb<@+FMAINV><qst><pres><p3><sg>{^være<vblex><pres>$}$ ^pro<@SUBJ><p3><nt><sg><nom>{^prpers<prn><pers><p3><nt><sg><nom>$}$ ^nom<SN><@SUBJ→><ind><qst><m><sg><nom><agreem-pro>{^far<n><m><sg><ind>$}$ ^conj<@CVP>{^som<cnjsub>$}$ ^verb<SV><@+FMAINV><indic><pres><p3><sg><pers-pro><loc-fra><esubj><m>{^komme<vblex><pres>$}$ ^adv<ADV><@←ADVL-ela><adv>{^i morgen<adv>$}$^sent<SENT>{^?<sent><clb>$}$
[/UgIirDVITxyD]
[go3AerZbHggq#0] ^nom<SN><@SUBJ→><ind><m><sg><nom><pers-pro>{^Máhtte<np><ant><m>$}$ ^verb<SV><@+FMAINV><indic><pret><p3><sg><pers-pro><NC><m>{^fortelle<vblex><pret>$}$ ^conj<@CVP><cnjsub>{^at<cnjsub>$}$ ^nom<SN><@SUBJ→><ind><m><sg><nom><agreem-pro>{^bestefar<n><m><sg><ind>$}$ ^verb<SV><@+FMAINV><indic><pres><p3><sg><pers-pro><loc-fra><esubj><m>{^komme<vblex><pres>$}$^sent<SENT>{^.<sent><clb>$}$
[/go3AerZbHggq]
[hHShlqfnaLiV#0] ^Nom<SN><@SUBJ→><def><f><sg><nom><agreem-pro>{^rypejakt<n><f><sg><def>$}$ ^verb<SV><@+FMAINV><indic><pret><p1><sg><agreem-pro><NC><f>{^minke<vblex><pret>$}$ ^caseprep<PR><com>{^med<pr>$}$ ^nom<SN><@←ADVL><def><m><sg><com><agreem-pro><maydetind>{^halvpart<n><m><sg><def>$}$^sent<SENT>{^.<sent><clb>$}$
[/hHShlqfnaLiV]
[kXEXDm061tua#0] ^Pre_pre_pre_nom<SN><@HNOUN><ind><m><pl><agreem-pro><neverdet><maydetind>{^syv<det><qnt><un><pl>$ ^ny<adj><sint><pst><mf><pl><ind>$ ^samisk<adj><pst><un><pl><ind>$ ^talent<n><m><pl><ind>$}$ ^caseprep<PR><loc>{^i<pr>$}$ ^nom<SN><@←ADVL><ind><sg><loc><agreem-pro>{^NRK<np><org>$}$ ^adpos<PR><@ADVL>{^fra<pr>$}$ ^nom<SN><@→P><def><m><sg><agreem-pro><neverdet>{^høst<n><m><sg><def><gen>$}$^sent<SENT>{^.<sent><clb>$}$
[/kXEXDm061tua]
[rbBca6UsyWin#0] ^adpos<PR><@ADVL>{^på grunn av<pr>$}$ ^pre_nom<SN><@→P><ind><nt><sg><agreem-pro>{^dårlig<adj><sint><pst><nt><sg><3>$ ^vær<n><nt><sg><ind><gen>$}$
[/rbBca6UsyWin]
[rtfC5S_yOAH0#0] ^Nom<SN><@SUBJ→><def><m><sg><nom><agreem-pro><maydetind>{^hund<n><m><sg><def>$}$ ^vcop<SV><@+FMAINV><indic><pres><p3><sg><agreem-pro><NC><m>{^være<vblex><pres>$}$ ^adv<ADV><@→A><adv>{^svært<adv>$}$ ^adj<SA><@←SPRED><ind><m><sg><nom>{^glad<adj><sint><pst><GD><sg><3>$}$ ^adv<ADV><@←ADVL-ine><adv><sadv>{^nå<adv>$}$^sent<SENT>{^.<sent><clb>$}$
[/rtfC5S_yOAH0]
[uepE5Ju82hmC#0] ^Nom<SN><@SUBJ→><def><m><sg><nom><agreem-pro>{^kommune<n><m><sg><def>$}$ ^vcop<SV><@+FMAINV><indic><pret><p3><sg><agreem-pro><NC><m>{^være<vblex><pret>$}$ ^adj<SA><@←SPRED><ind><m><sg><nom>{^positiv<adj><pst><GD><sg><3>$}$ ^adv<ADV><@←ADVL-ine><adv><sadv>{^nettopp<adv>$}$ ^adv<ADV><@→ADVL><adv><sadv>{^så<adv>$}$ ^adv<ADV><@←ADVL-ine><adv>{^langt<adv>$}$ ^conj<@CVP><cnjsub>{^som<cnjsub>$}$ ^nom<SN><@SUBJ→><def><m><sg><nom><agreem-pro>{^lov<n><m><sg><def>$}$ ^verb<SV><@+FMAINV><indic><pret><p3><sg><pers-pro><NC><m>{^plikte<vblex><pret>$}$^sent<SENT>{^.<sent><clb>$}$
[/uepE5Ju82hmC]
