[-XoQr4Wxwlg8#0] ^Conj<@CVP><cnjcoo>{^men<cnjcoo>$}$ ^adv<ADV><@ADVL-ine→><adv>{^i går<adv>$}$ ^vcop<SV><@+FMAINV><indic><pret><p3><sg><agreem-pro><NC>{^være<vblex><pret>$}$ ^adv<ADV><@→A><adv>{^svært<adv>$}$ ^adj<SA><@←SPRED><ind><GD><sg><nom>{^kald<adj><sint><pst><GD><sg><3>$}$^sent<SENT>{^!<sent><clb>$}$
[/-XoQr4Wxwlg8]
[20HgeipBy8NN#0] ^Prn<SN><@SUBJ→><p3><GD_pers><sg><nom>{^han<prn><pers><p3><GD_pers><sg><nom>$}$ ^verb<SV><@+FMAINV><indic><pres><p3><sg><pers-pro><NC>{^lytte<vblex><pres>$}$ ^adv<ADV><@←ADVL-ine><adv>{^nøyaktig<adv>$}$^sent<SENT>{^.<sent><clb>$}$
[/20HgeipBy8NN]
[2AsFxSd_q8It#0] ^nom<SN><@SUBJ→><ind><f><sg><nom><pers-pro>{^Máret<np><ant><f>$}$ ^verb<SV><@+FMAINV><indic><pres><p3><sg><pers-pro><NC><f>{^tenke<vblex><pres>$}$^comma<SENT>{^,<cm><clb>$}$ ^conj<@CVP><cnjsub>{^at<cnjsub>$}$ ^det<SN><@SUBJ→><nt><sg><nom>{^den<det><dem><nt><sg><acc>$}$ ^verb<SV><@+FAUXV><indic><pres><p3><sg><pers-pro><NC><f>{^ha<vblex><pres>$}$ ^verb<SV><@-FMAINV><pp><pers-pro><NC><f>{^se<vblex><pp>$}$ ^adv<ADV><@ADVLcs-ine→><adv>{^hvor<adv>$}$ ^nom<SN><@SUBJ→><ind><m><sg><nom><pers-pro>{^Jaakko<np><ant><m>$}$ ^verb<SV><@+FAUXV><indic><pres><p3><sg><pers-pro><NC><m>{^ha<vblex><pres>$}$ ^verb<SV><@-FMAINV><pp><pers-pro><NC><esubj><m>{^gå<vblex><pp>$}$^default<default>{^:<sent><clb>$}$ "^Verb<SV><@+FMAINV><imp><p2><sg><pers-pro><NC><m>{^fortelle<vblex><imp>$}$ ^caseprep<PR><ill>{^til<pr>$}$ ^prn<SN><@←ADVL><p1><mf><sg><acc>{^jeg<prn><pers><p1><mf><sg><acc>$}$ ^adv<ADV><@ADVLcs-ine→><adv>{^hvor<adv>$}$ ^prn<SN><@SUBJ→><p3><m><sg><nom>{^han<prn><pers><p3><m><sg><nom>$}$ ^vcop<SV><@+FMAINV><indic><pres><p3><sg><agreem-pro><NC><m>{^være<vblex><pres>$}$^sent<SENT>{^!<sent><clb>$}$"^comma<SENT>{^,<cm><clb>$}$ ^prn<SN><@SUBJ→><p3><m><sg><nom>{^han<prn><pers><p3><m><sg><nom>$}$ ^verb<SV><@+FMAINV><indic><pres><p3><sg><pers-pro><NC><m>{^si<vblex><pres>$}$ ^caseprep<PR><ill>{^til<pr>$}$ ^nom<SN><@←ADVL><ind><f><sg><ill><agreem-pro>{^mor<n><f><sg><ind>$}$^sent<SENT>{^.<sent><clb>$}$
[/2AsFxSd_q8It]
[49QBS5nTCoAn#0] ^Prn<SN><@SUBJ→><p3><GD_pers><sg><nom>{^han<prn><pers><p3><GD_pers><sg><nom>$}$ ^verb<SV><@+FMAINV><indic><pres><p3><sg><pers-pro><ill-på>{^se<vblex><pres>$}$ ^adpos<PR><@←ADVL-ine>{^under<pr>$}$ ^nom<SN><@→P><def><nt><sg><agreem-pro>{^bord<n><nt><sg><def><gen>$}$ ^conj<@CNP><cnjcoo>{^og<cnjcoo>$}$ ^adpos<PR><@←ADVL-ine>{^under<pr>$}$ ^nom<SN><@→P><def><m><pl><agreem-pro><maydetind>{^stol<n><m><pl><def><gen>$}$^comma<SENT>{^,<cm><clb>$}$ ^conj<@CVP><cnjcoo>{^men<cnjcoo>$}$ ^nom<SN><@SUBJ→><ind><m><sg><nom><pers-pro>{^Jaakko<np><ant><m>$}$ ^adv<SV><@+FAUXV><neg><indic><p3><sg><NC><m>{^ikke<adv>$}$ ^vcop<SV><@-FMAINV><indic><pres><agreem-pro><NC><m>{^være<vblex><pres>$}$ ^adv<ADV><@←ADVL-ine><adv>{^derfra<adv>$}$^sent<SENT>{^.<sent><clb>$}$
[/49QBS5nTCoAn]
[4az6DzI2UoCs#0] ^Prn<SN><@SUBJ→><p3><GD_pers><sg><nom>{^han<prn><pers><p3><GD_pers><sg><nom>$}$ ^adv<SV><@+FAUXV><neg><indic><p3><sg><NC>{^ikke<adv>$}$ ^verb<SV><@-FMAINV><indic><pres><pers-pro><NC>{^se<vblex><pres>$}$ ^det<SN><@←OBJ><nt><sg><acc>{^noe<det><qnt><nt><sg><acc>$}$ ^conj<@CVP><cnjcoo>{^og<cnjcoo>$}$ ^prn<SN><@SUBJ→><p3><GD_pers><sg><nom>{^han<prn><pers><p3><GD_pers><sg><nom>$}$ ^verb<SV><@+FMAINV><indic><pres><p3><sg><pers-pro><NC>{^lese<vblex><pres>$}$^sent<SENT>{^.<sent><clb>$}$
[/4az6DzI2UoCs]
[7Hx4JwM5kbFX#0] ^Prn<SN><@SUBJ→><p3><m><sg><nom>{^han<prn><pers><p3><m><sg><nom>$}$ ^verb<SV><@+FMAINV><indic><pres><p3><sg><pers-pro><NC><m>{^prøve<vblex><pres>$}$ ^adv<ADV><@←ADVL-ine><adv><sadv>{^enda<adv>$}$ ^verb<SV><@←OBJ><inf><pers-pro><NC><m>{^søke<vblex><inf>$}$ ^nom<SN><@-F←OBJ><ind><m><sg><acc><pers-pro>{^Jaakko<np><ant><m>$}$^sent<SENT>{^.<sent><clb>$}$
[/7Hx4JwM5kbFX]
[9n7FXDql-dLe#0] ^Adv<ADV><@ADVL-ine→><adv><sadv>{^så<adv>$}$ ^prn<SN><@SUBJ→><p3><GD_pers><sg><nom>{^han<prn><pers><p3><GD_pers><sg><nom>$}$ ^verb<SV><@+FMAINV><indic><pres><p3><sg><pers-pro><NC>{^se<vblex><pres>$}$ ^pre_nom<SN><@←OBJ><ind><f><sg><acc><agreem-pro>{^liten<adj><sint><pst><mf><sg><3>$ ^hånd<n><f><sg><ind>$}$ ^adv<@PCLE>{^også<adv>$}$ ^conj<@CVP><cnjcoo>{^og<cnjcoo>$}$ ^conj<@CVP><cnjsub>{^når<cnjsub>$}$ ^prn<SN><@SUBJ→><p3><GD_pers><sg><nom>{^han<prn><pers><p3><GD_pers><sg><nom>$}$ ^verb<SV><@+FMAINV><indic><pres><p3><sg><pers-pro><loc-fra><esubj>{^komme<vblex><pres>$}$ ^adv<ADV><@←ADVL-ela><adv>{^nærmere<adv>$}$^comma<SENT>{^,<cm><clb>$}$ ^adv<ADV><@ADVL-ine→><adv><sadv>{^så<adv>$}$ ^prn<SN><@SUBJ→><p3><GD_pers><sg><nom>{^han<prn><pers><p3><GD_pers><sg><nom>$}$ ^verb<SV><@+FMAINV><indic><pres><p3><sg><pers-pro><NC>{^se<vblex><pres>$}$ ^pre_nom<SN><@←OBJ><ind><nt><sg><acc><agreem-pro><maydetind>{^hun/han<det><pos><nt><sg>$ ^hode<n><nt><sg><ind>$}$ ^adv<ADV><@←ADVL-ine><adv><sadv>{^også<adv>$}$^sent<SENT>{^!<sent><clb>$}$
[/9n7FXDql-dLe]
[AiTlE_q9DH0E#0] ^nom_conj_nom<SN><@OBJ→><ind><m><sg><acc><pers-pro>{^Jaakko<np><ant><m>$ ^og<cnjcoo>$ ^Máret<np><ant><f>$}$ ^vcop<SV><@+FMAINV><indic><pres><p3><du><agreem-pro><NC><f>{^være<vblex><pres>$}$ ^caseprep<PR><loc>{^på<pr>$}$ ^nom<SN><@←ADVL-ine><def><m><sg><loc><agreem-pro>{^gårdsplass<n><m><sg><def>$}$^sent<SENT>{^.<sent><clb>$}$
[/AiTlE_q9DH0E]
[EMCu_DcTpZdh#0] ^Prn<SN><@SUBJ→><p1><mf><sg><nom>{^jeg<prn><pers><p1><mf><sg><nom>$}$ ^verb<SV><@+FMAINV><indic><pres><p1><sg><pers-pro><NC>{^se<vblex><pres>$}$ ^pre_nom<SN><@←OBJ><ind><f><pl><acc><agreem-pro><maydetind>{^stor<adj><sint><pst><mf><pl><3>$ ^bok<n><f><pl><ind>$}$ ^adpos<PR><@←ADVL-ine>{^bak<pr>$}$ ^nom<SN><@→P><def><nt><sg><agreem-pro><maydetind>{^hus<n><nt><sg><def><gen>$}$^sent<SENT>{^.<sent><clb>$}$
[/EMCu_DcTpZdh]
[F4YGT3BDFa23#0] ^Prn<SN><@SUBJ→><p3><GD_pers><sg><nom>{^han<prn><pers><p3><GD_pers><sg><nom>$}$ ^verb<SV><@+FMAINV><indic><pres><p3><sg><pers-pro><ill-på>{^se<vblex><pres>$}$ ^caseprep<PR><loc>{^på<pr>$}$ ^pre_nom<SN><@←ADVL-ine><ind><nt><sg><loc><agreem-pro><maydetind>{^hver<det><qnt><nt><sg>$ ^sted<n><nt><sg><ind>$}$^comma<SENT>{^,<cm><clb>$}$ ^conj<@CVP><cnjcoo>{^men<cnjcoo>$}$ ^prn<SN><@SUBJ→><p3><m><sg><nom>{^han<prn><pers><p3><m><sg><nom>$}$ ^adv<SV><@+FAUXV><neg><indic><p3><sg><NC>{^ikke<adv>$}$ ^verb<SV><@-FAUXV><indic><pres><pers-pro><NC>{^kunne<vblex><pres>$}$ ^verb<SV><@-FMAINV><inf><pers-pro><NC>{^finne<vblex><inf>$}$ ^nom<SN><@←OBJ><ind><m><sg><acc><pers-pro>{^Jaakko<np><ant><m>$}$^sent<SENT>{^.<sent><clb>$}$
[/F4YGT3BDFa23]
[FYO2dU7K_S4F#0] ^Conj<@CVP><cnjcoo>{^og<cnjcoo>$}$ ^prn<SN><@OBJ→><prn><itg><sg><acc>{^hva<prn><itg>$}$ ^nom<SN><@SUBJ→><ind><m><sg><nom><pers-pro>{^Jaakko<np><ant><m>$}$ ^verb<SV><@+FMAINV><indic><pres><p3><sg><pers-pro><NC><m>{^gjøre<vblex><pres>$}$ ^adpos<PR><@←ADVL-ine>{^hos<pr>$}$ ^nom<SN><@→P><def><nt><sg><agreem-pro>{^tre<n><nt><sg><def><gen>$}$^sent<SENT>{^?<sent><clb>$}$
[/FYO2dU7K_S4F]
[G5vmCm5hj-W6#0] ^Adv<ADV><@ADVL-ine→><adv>{^der<adv>$}$ ^pre_nom<SN><@SUBJ→><def><m><sg><nom><agreem-pro><maydetind>{^den<det><dem><m><sg>$ ^stemme<n><m><sg><def>$}$ ^vcop<SV><@+FMAINV><indic><pres><p3><sg><agreem-pro><NC><m>{^være<vblex><pres>$}$ ^adv<ADV><@←ADVL-ine><adv><sadv>{^igjen<adv>$}$^sent<SENT>{^!<sent><clb>$}$
[/G5vmCm5hj-W6]
[JV_evOHUnLTA#0] ^Prn<SN><@SUBJ→><p3><GD_pers><sg><nom>{^han<prn><pers><p3><GD_pers><sg><nom>$}$ ^verb<SV><@+FMAINV><indic><pres><p3><sg><pers-pro><NC>{^spørre<vblex><pres>$}$ ^caseprep<PR><loc>{^fra<pr>$}$ ^nom<SN><@←ADVL-ela><def><m><sg><loc><agreem-pro><maydetind>{^hund<n><m><sg><def>$}$^default<default>{^:<sent><clb>$}$ "^Verb<SV><@+FMAINV><qst><indic><pres><p3><pl><pers-pro><NC>{^se<vblex><pres>$}$ ^nom<SN><@←OBJ><ind><m><sg><acc><pers-pro>{^Jaakko<np><ant><m>$}$^sent<SENT>{^?<sent><clb>$}$"^sent<SENT>{^.<sent><clb>$}$
[/JV_evOHUnLTA]
[KFHWfkDFyVos#0] ^Adv<ADV><@ADVL-ine→><adv><sadv>{^så<adv>$}$ ^prn<SN><@SUBJ→><p3><GD_pers><sg><nom>{^han<prn><pers><p3><GD_pers><sg><nom>$}$ ^verb<SV><@+FMAINV><indic><pres><p3><sg><pers-pro><NC>{^høre<vblex><pres>$}$ ^nom<SN><@←OBJ><def><m><sg><acc><agreem-pro><maydetind>{^stemme<n><m><sg><def>$}$^comma<SENT>{^,<cm><clb>$}$ ^det<SN><@SUBJ→><nt><sg><nom>{^den<det><dem><nt><sg><acc>$}$ ^verb<SV><@+FMAINV><indic><pres><p3><sg><pers-pro><loc-fra><esubj>{^komme<vblex><pres>$}$ ^adpos<PR><@←ADVL-ela>{^avhengig av<pr>$}$ ^pre_pre_nom<SN><@→P><ind><nt><sg><agreem-pro>{^stor<adj><sint><pst><nt><sg><ind>$ ^gammel<adj><sint><pst><nt><sg><ind>$ ^tre<n><nt><sg><ind><gen>$}$^sent<SENT>{^.<sent><clb>$}$
[/KFHWfkDFyVos]
[LDlG2Djufa9R#0] ^nom_conj_nom<SN><@OBJ→><ind><m><sg><acc><pers-pro>{^Jaakko<np><ant><m>$ ^og<cnjcoo>$ ^Máret<np><ant><f>$}$ ^verb<SV><@+FMAINV><indic><pres><p3><du><pers-pro><NC><f>{^like<vblex><pres>$}$ ^verb<SV><@←ADVL><inf><pers-pro><NC><f>{^leke<vblex><inf>$}$^comma<SENT>{^,<cm><clb>$}$ ^prn<SN><@SUBJ→><p3><mf><du><nom>{^de<prn><pers><p3><mf><du><nom>$}$ ^verb<SV><@+FMAINV><indic><pres><p3><du><pers-pro><NC><f>{^leke<vblex><pres>$}$ ^adv<ADV><@←ADVL-ine><adv><sadv>{^alltid<adv>$}$ ^adv<ADV><@←ADVL-ine><adv>{^sammen<adv>$}$ ^caseprep<PR><loc>{^på<pr>$}$ ^nom<SN><@←ADVL-ine><def><m><sg><loc><agreem-pro>{^gårdsplass<n><m><sg><def>$}$ ^adpos<PR><@←ADVL-ine>{^utenfor<pr>$}$ ^pre_nom<SN><@→P><ind><nt><sg><agreem-pro><maydetind>{^stor<adj><sint><pst><nt><sg><3>$ ^hus<n><nt><sg><ind><gen>$}$^sent<SENT>{^.<sent><clb>$}$
[/LDlG2Djufa9R]
[N3EmyGF0tV8b#0] ^Prn<SN><@SUBJ→><p1><mf><sg><nom>{^jeg<prn><pers><p1><mf><sg><nom>$}$ ^verb<SV><@+FMAINV><indic><pres><p1><sg><pers-pro><NC>{^se<vblex><pres>$}$ ^pre_nom<SN><@←OBJ><ind><f><sg><acc><agreem-pro><maydetind>{^stor<adj><sint><pst><mf><sg><3>$ ^bok<n><f><sg><ind>$}$^sent<SENT>{^.<sent><clb>$}$
[/N3EmyGF0tV8b]
[NkR6dWcTJVxY#0] ^Prn<SN><@SUBJ→><p1><mf><sg><nom>{^jeg<prn><pers><p1><mf><sg><nom>$}$ ^verb<SV><@+FMAINV><indic><pres><p1><sg><pers-pro><NC>{^se<vblex><pres>$}$ ^pre_nom<SN><@←OBJ><ind><f><pl><acc><agreem-pro><maydetind>{^stor<adj><sint><pst><mf><pl><3>$ ^bok<n><f><pl><ind>$}$ ^adpos<PR><@←ADVL-ine>{^bak<pr>$}$ ^pre_nom<SN><@→P><ind><nt><sg><agreem-pro><maydetind>{^rød<adj><sint><pst><nt><sg><3>$ ^hus<n><nt><sg><ind><gen>$}$^sent<SENT>{^.<sent><clb>$}$
[/NkR6dWcTJVxY]
[OWonglBoEVbP#0] ^Verb<SV><@+FMAINV><qst><indic><pres><p2><sg><pers-pro><NC>{^vite<vblex><pres>$}$ ^adv<ADV><@←ADVL-ine><adv>{^hvorfor<adv>$}$^sent<SENT>{^?<sent><clb>$}$
[/OWonglBoEVbP]
[PJE8USNbWjkm#0] ^Verb<SV><@+FAUXV><qst><cond><pret><p3><sg><pers-pro><NC>{^kunne<vblex><pret>$}$ ^vcop<SV><@-FMAINV><inf><agreem-pro><NC>{^være<vblex><inf>$}$ ^nom<SN><@←SPRED><ind><m><sg><nom><pers-pro>{^Jaakko<np><ant><m>$}$^sent<SENT>{^?<sent><clb>$}$
[/PJE8USNbWjkm]
[QfoPOMULHlxZ#0] ^Pre_nom<SN><@SUBJ→><ind><f><sg><nom><agreem-pro><maydetind>{^liten<adj><sint><pst><mf><sg><3>$ ^småjente<n><f><sg><ind>$}$ ^vcop<SV><@+FMAINV><indic><pres><p3><sg><agreem-pro><NC><f>{^være<vblex><pres>$}$ ^pre_nom<SN><@←SPRED><ind><m><sg><nom><agreem-pro>{^hun/han<det><pos><m><sg>$ ^lillesøster<n><m><sg><ind>$}$^comma<SENT>{^,<cm><clb>$}$ ^prn<SN><@SUBJ→><p3><GD_pers><sg><nom>{^han<prn><pers><p3><GD_pers><sg><nom>$}$ ^vcop<SV><@+FMAINV><indic><pres><p3><sg><agreem-pro><NC><f>{^være<vblex><pres>$}$ ^pre_nom<SN><@→A><ind><nt><pl><agreem-pro><maydetind>{^fem<det><qnt><un><pl>$ ^år<n><nt><pl><ind>$}$ ^adj<SA><@←SPRED><ind><f><sg><nom>{^gammel<adj><sint><pst><GD><sg><3>$}$^sent<SENT>{^.<sent><clb>$}$
[/QfoPOMULHlxZ]
[Qgj3s2Uy1VW6#0] ^Conj<@CVP><cnjcoo>{^men<cnjcoo>$}$ ^nom<SN><@SUBJ→><def><m><sg><nom><agreem-pro><maydetind>{^katt<n><m><sg><def>$}$ ^vcop<SV><@+FMAINV><indic><pres><p3><sg><agreem-pro><NC><m>{^være<vblex><pres>$}$ ^caseprep<PR><loc>{^i<pr>$}$ ^nom<SN><@←ADVL-ine><def><nt><sg><loc><agreem-pro><maydetind>{^hus<n><nt><sg><def>$}$^comma<SENT>{^,<cm><clb>$}$ ^nom<SN><@SUBJ→><ind><m><sg><nom><agreem-pro><maydetind>{^katt<n><m><sg><ind>$}$ ^verb<SV><@+FMAINV><indic><pres><p3><sg><pers-pro><NC><m>{^sove<vblex><pres>$}$^sent<SENT>{^.<sent><clb>$}$
[/Qgj3s2Uy1VW6]
[S-jPr9xTMYJt#0] ^Nom<SN><@SUBJ→><def><m><sg><nom><agreem-pro><maydetind>{^hund<n><m><sg><def>$}$ ^verb<SV><@+FMAINV><indic><pres><p3><sg><pers-pro><NC><m>{^like<vblex><pres>$}$ ^verb<SV><@←ADVL><inf><pers-pro><NC><m>{^leke<vblex><inf>$}$ ^caseprep<PR><com>{^med<pr>$}$ ^pre_pre_nom<SN><@→N><def><nt><sg><com><agreem-pro>{^den<det><dem><nt><pl>$ ^to<det><qnt><un><pl>$ ^barn<n><nt><sg><def>$}$^sent<SENT>{^.<sent><clb>$}$
[/S-jPr9xTMYJt]
[SK5RR6iwHpot#0] ^Adv<ADV><@ADVLqst-ine→><adv>{^hvorfor<adv>$}$ ^prn<SN><@SUBJ→><p3><GD_pers><sg><nom>{^han<prn><pers><p3><GD_pers><sg><nom>$}$ ^verb<SV><@+FMAINV><indic><pres><p3><sg><pers-pro><NC>{^gjøre<vblex><pres>$}$ ^adv<ADV><@←ADVL-ine><adv><sadv>{^så<adv>$}$^sent<SENT>{^?<sent><clb>$}$
[/SK5RR6iwHpot]
[Tu5i0tlrtPSC#0] ^nom<SN><@SUBJ→><ind><f><sg><nom><pers-pro>{^Máret<np><ant><f>$}$ ^verb_conj_verb<SV><@+FMAINV><indic><pres><p3><sg><pers-pro><NC><f>{^le<vblex><pres>$ ^og<cnjcoo>$ ^si<vblex><pres>$}$^default<default>{^:<sent><clb>$}$ "^Verb<SV><@+FMAINV><indic><pret><p1><sg><pers-pro><NC><f>{^finne<vblex><pret>$}$ ^prn<SN><@←OBJ><p2><mf><sg><acc>{^du<prn><pers><p2><mf><sg><acc>$}$^sent<SENT>{^!<sent><clb>$}$"^sent<SENT>{^.<sent><clb>$}$
[/Tu5i0tlrtPSC]
[VeE2bOVKhLiU#0] ^Conj<@CVP><cnjsub>{^når<cnjsub>$}$ ^nom<SN><@SUBJ→><ind><f><sg><nom><pers-pro>{^Máret<np><ant><f>$}$ ^verb<SV><@+FAUXV><indic><pres><p3><sg><agreem-pro><NC><f>{^bli<vblex><pres>$}$ ^adj<SA><@-FMAINV><indic><pp><p3><f><sg><pers-pro><NC>{^ferdig<adj><sint><GD_pers><ND><ind>$}$ ^verb<SV><@←ADVL><actio><loc><inf><pers-pro><NC><f>{^si<vblex><inf>$}$^comma<SENT>{^,<cm><clb>$}$ ^prn<SN><@SUBJ→><p3><f><sg><nom>{^hun<prn><pers><p3><f><sg><nom>$}$ ^verb<SV><@+FMAINV><indic><pres><p3><sg><pers-pro><ill-på><f>{^se<vblex><pres>$}$ ^adv<ADV><@←ADVL-ine><adv>{^omkring<adv>$}$^sent<SENT>{^.<sent><clb>$}$
[/VeE2bOVKhLiU]
[XBTSPoad1gJc#0] ^Det<SN><@SUBJ→><nt><sg><nom>{^den<det><dem><nt><sg><acc>$}$ ^vcop<SV><@+FMAINV><indic><pres><p3><sg><agreem-pro><NC>{^være<vblex><pres>$}$ ^nom<SN><@←SPRED><ind><m><sg><nom><agreem-pro>{^leke<n><m><sg><ind>$}$^sent<SENT>{^.<sent><clb>$}$
[/XBTSPoad1gJc]
[__63zKs1_1Rz#0] ^Vcop<SV><@+FMAINV><indic><pres><p3><sg><agreem-pro><NC>{^være<vblex><pres>$}$ ^pre_nom<SN><@←SPRED><ind><nt><sg><nom><agreem-pro>{^god<adj><sint><pst><nt><sg><3>$ ^vær<n><nt><sg><ind>$}$ ^adv<ADV><@←ADVL-ine><adv>{^i dag<adv>$}$^comma<SENT>{^,<cm><clb>$}$ ^vcop<SV><@+FMAINV><indic><pres><p3><sg><agreem-pro><NC>{^være<vblex><pres>$}$ ^adv<ADV><@→A><adv>{^svært<adv>$}$ ^adj<SA><@←SPRED><ind><GD><sg><nom>{^varm<adj><sint><pst><GD><sg><3>$}$^sent<SENT>{^.<sent><clb>$}$
[/__63zKs1_1Rz]
[aXUEZt_YHn39#0] ^Verb<SV><@+FMAINV><qst><indic><pres><p3><sg><pers-pro><NC>{^ha<vblex><pres>$}$ ^nom<SN><@←ADVLhab><ind><←hab→><f><sg><loc><pers-pro>{^Máret<np><ant><f>$}$ ^adv<ADV><@←ADVL-ine><adv><sadv>{^også<adv>$}$ ^nom<SN><@←SUBJext><ind><m><sg><nom><agreem-pro><maydetind>{^hund<n><m><sg><ind>$}$^sent<SENT>{^?<sent><clb>$}$
[/aXUEZt_YHn39]
[al6ylYMoQEhH#0] ^adpos<PR><@ADVL>{^rundt<pr>$}$ ^nom<SN><@P←><def><nt><sg><agreem-pro><neverdet><maydetind>{^døgn<n><nt><sg><def>$}$
[/al6ylYMoQEhH]
[bDRQ4VP0PWaa#0] ^Adv<SV><@+FAUXV><neg><indic><p3><sg><NC>{^ikke<adv>$}$^comma<SENT>{^,<cm><clb>$}$ ^nom<SN><@ADVLhab→><ind><←hab→><f><sg><loc><pers-pro>{^Máret<np><ant><f>$}$ ^adv<SV><@+FAUXV><neg><indic><p3><sg><NC><f>{^ikke<adv>$}$ ^verb<SV><@-FMAINV><indic><pres><pers-pro><NC><f>{^ha<vblex><pres>$}$ ^nom<SN><@←SUBJext><ind><m><sg><nom><agreem-pro><maydetind>{^hund<n><m><sg><ind>$}$^comma<SENT>{^,<cm><clb>$}$ ^prn<SN><@ADVLhab→><←hab→><p3><f><sg><nom>{^hun<prn><pers><p3><f><sg><nom>$}$ ^verb<SV><@+FMAINV><indic><pres><p3><sg><pers-pro><NC><f>{^ha<vblex><pres>$}$ ^nom<SN><@←SUBJext><ind><m><sg><nom><agreem-pro><maydetind>{^katt<n><m><sg><ind>$}$^sent<SENT>{^.<sent><clb>$}$
[/bDRQ4VP0PWaa]
[cV3vZFz7xOOS#0] ^Adv<ADV><@ADVL-ine→><adv><sadv>{^nå<adv>$}$ ^prn<SN><@SUBJ→><p3><GD_pers><sg><nom>{^han<prn><pers><p3><GD_pers><sg><nom>$}$ ^verb<SV><@+FMAINV><indic><pres><p3><sg><pers-pro><NC>{^høre<vblex><pres>$}$ ^prn<SN><@←OBJ><p3><nt><sg><acc>{^den<prn><pers><p3><nt><sg><acc>$}$ ^adv<ADV><@←ADVL-ine><adv>{^godt<adv>$}$^sent<SENT>{^.<sent><clb>$}$
[/cV3vZFz7xOOS]
[e3n2HcJxdzsd#0] ^Prn<SN><@SUBJ→><p1><mf><sg><nom>{^jeg<prn><pers><p1><mf><sg><nom>$}$ ^verb<SV><@+FMAINV><indic><pres><p1><sg><pers-pro><NC>{^se<vblex><pres>$}$ ^pre_nom<SN><@←OBJ><ind><f><pl><acc><agreem-pro><maydetind>{^stor<adj><sint><pst><mf><pl><3>$ ^bok<n><f><pl><ind>$}$^sent<SENT>{^.<sent><clb>$}$
[/e3n2HcJxdzsd]
[eMYV9l1YcpOW#0] ^Prn<SN><@SUBJ→><p1><mf><sg><nom>{^jeg<prn><pers><p1><mf><sg><nom>$}$ ^verb<SV><@+FMAINV><indic><pres><p1><sg><pers-pro><NC>{^se<vblex><pres>$}$ ^nom<SN><@←OBJ><def><f><sg><acc><agreem-pro><maydetind>{^bok<n><f><sg><def>$}$
[/eMYV9l1YcpOW]
[ea0_LD-ZpoNN#0] ^adpos<PR><@ADVL>{^uten<pr>$}$ ^nom<SN><@→P><def><nt><sg><agreem-pro><maydetind>{^hus<n><nt><sg><def><gen>$}$
[/ea0_LD-ZpoNN]
[gHI-JpojtCYy#0] "^Nom<SN><@SUBJ→><ind><f><sg><nom><pers-pro>{^Máret<np><ant><f>$}$ ^adv<SV><@+FAUXV><neg><indic><p3><sg><NC>{^ikke<adv>$}$^comma<SENT>{^,<cm><clb>$}$ ^adv<SV><@+FAUXV><neg><indic><p1><sg><NC>{^ikke<adv>$}$ ^verb<SV><@-FAUXV><indic><pres><pers-pro><NC>{^kunne<vblex><pres>$}$ ^verb<SV><@-FMAINV><inf><pers-pro><NC>{^fortelle<vblex><inf>$}$ ^caseprep<PR><ill>{^til<pr>$}$ ^prn<SN><@←ADVL><p2><mf><sg><acc>{^du<prn><pers><p2><mf><sg><acc>$}$^sent<SENT>{^!<sent><clb>$}$"^comma<SENT>{^,<cm><clb>$}$ ^prn<SN><@SUBJ→><p3><f><sg><nom>{^hun<prn><pers><p3><f><sg><nom>$}$ ^verb<SV><@+FMAINV><indic><pres><p3><sg><pers-pro><NC><f>{^svare<vblex><pres>$}$^sent<SENT>{^.<sent><clb>$}$
[/gHI-JpojtCYy]
[glIcu9gZWRNs#0] ^Verb<SV><@+FMAINV><qst><indic><pret><p2><sg><pers-pro><NC>{^se<vblex><pret>$}$ ^prn<SN><@←OBJ><p3><GD_pers><sg><acc>{^han<prn><pers><p3><GD_pers><sg><acc>$}$^sent<SENT>{^?<sent><clb>$}$
[/glIcu9gZWRNs]
[gyLFWDp2Tan1#0] ^Verb<SV><@+FAUXV><indic><pres><p3><sg><pers-pro><NC>{^måtte<vblex><pres>$}$ ^vcop<SV><@-FMAINV><inf><agreem-pro><NC>{^være<vblex><inf>$}$ ^nom<SN><@←SPRED><ind><m><sg><nom><pers-pro>{^Jaakko<np><ant><m>$}$^sent<SENT>{^!<sent><clb>$}$
[/gyLFWDp2Tan1]
[iI9PZM-1Ppmb#0] ^Pre_nom<SN><@SUBJ→><ind><f><sg><nom><agreem-pro>{^de<det><pos><f><sg>$ ^mor<n><f><sg><ind>$}$ ^vcop<SV><@+FMAINV><indic><pres><p3><sg><agreem-pro><NC><f>{^være<vblex><pres>$}$ ^adpos<PR><@←ADVL-ine>{^i<pr>$}$ ^nom<SN><@→P><def><nt><sg><agreem-pro><maydetind>{^hus<n><nt><sg><def><gen>$}$ ^caseprep<PR><com>{^med<pr>$}$ ^nom<SN><@←ADVL><def><m><sg><com><agreem-pro><maydetind>{^katt<n><m><sg><def>$}$ ^adv<ADV><@←ADVL-ine><adv>{^sammen<adv>$}$^comma<SENT>{^,<cm><clb>$}$ ^prn<SN><@SUBJ→><p3><GD_pers><sg><nom>{^han<prn><pers><p3><GD_pers><sg><nom>$}$ ^verb<SV><@+FMAINV><indic><pres><p3><sg><pers-pro><ill-på><f>{^se<vblex><pres>$}$ ^nom<SN><@←OBJ><def><nt><sg><acc><agreem-pro><maydetind>{^vindu<n><nt><sg><def>$}$ ^adv<ADV><@←ADVL><adv>{^ut<adv>$}$ ^conj<@CVP><cnjcoo>{^og<cnjcoo>$}$ ^verb<SV><@+FMAINV><indic><pres><p3><sg><pers-pro><NC><f>{^se<vblex><pres>$}$ ^nom_conj_nom<SN><@-FSUBJ→><ind><m><sg><acc><pers-pro>{^Jaakko<np><ant><m>$ ^og<cnjcoo>$ ^Máret<np><ant><f>$}$ ^verb<SV><@←OBJ><actio><ess><TD><pers-pro><NC><f>{^leke<vblex><TD>$}$^sent<SENT>{^.<sent><clb>$}$
[/iI9PZM-1Ppmb]
[jQ19cXpeiBoP#0] ^Prn<SN><@SUBJ→><p3><mf><du><nom>{^de<prn><pers><p3><mf><du><nom>$}$ ^det<SN><@SUBJ→><pl><nom>{^begge<pl><ind><acc>$}$ ^vcop<SV><@+FMAINV><indic><pres><p3><du><agreem-pro><NC>{^være<vblex><pres>$}$ ^adv<ADV><@←ADVL-ine><adv>{^glad<adv>$}$ ^conj<@CVP><cnjcoo>{^og<cnjcoo>$}$ ^verb<SV><@+FMAINV><indic><pres><p3><du><pers-pro><NC><esubj>{^gå<vblex><pres>$}$ ^caseprep<PR><ill>{^til<pr>$}$ ^nom<SN><@←ADVL><def><nt><sg><ill><agreem-pro><maydetind>{^hus<n><nt><sg><def>$}$^comma<SENT>{^,<cm><clb>$}$ ^vcop<SV><@+FMAINV><indic><pres><p3><sg><agreem-pro><NC>{^være<vblex><pres>$}$ ^nom<SN><@←SPRED><ind><f><sg><nom><agreem-pro><neverdet>{^tid<n><f><sg><ind>$}$ ^verb<SV><@←ADVL><inf><pers-pro><NC>{^spise<vblex><inf>$}$ ^det<SN><@-F←OBJ><nt><sg><acc>{^noe<det><qnt><nt><sg><acc>$}$ ^conj<@CVP><cnjcoo>{^og<cnjcoo>$}$ ^verb<SV><@-FMAINV><inf><pers-pro><NC>{^drikke<vblex><inf>$}$ ^pre_nom<SN><@←OBJ><ind><nt><sg><acc><unc><agreem-pro>{^litt<adv><3>$ ^vann<n><nt><sg><ind>$}$^sent<SENT>{^!<sent><clb>$}$
[/jQ19cXpeiBoP]
[k9CPoPOixGup#0] ^nom<SN><@SUBJ→><ind><f><sg><nom><pers-pro>{^Máret<np><ant><f>$}$ ^adv<SV><@+FAUXV><neg><indic><p3><sg><NC><f>{^ikke<adv>$}$ ^verb<SV><@-FMAINV><indic><pres><pers-pro><NC><f>{^vite<vblex><pres>$}$ ^adv<ADV><@ADVLcs-ine→><adv>{^hvor<adv>$}$ ^nom<SN><@SUBJ→><ind><m><sg><nom><pers-pro>{^Jaakko<np><ant><m>$}$ ^vcop<SV><@+FMAINV><indic><pres><p3><sg><agreem-pro><NC><m>{^være<vblex><pres>$}$^sent<SENT>{^.<sent><clb>$}$
[/k9CPoPOixGup]
[lmHmpXXI2PDn#0] ^Prn<SN><@SUBJ→><p1><mf><sg><nom>{^jeg<prn><pers><p1><mf><sg><nom>$}$ ^verb<SV><@+FMAINV><indic><pres><p1><sg><pers-pro><NC>{^se<vblex><pres>$}$ ^pre_nom<SN><@←OBJ><ind><f><sg><acc><agreem-pro><maydetind>{^stor<adj><sint><pst><mf><sg><3>$ ^bok<n><f><sg><ind>$}$^sent<SENT>{^.<sent><clb>$}$
[/lmHmpXXI2PDn]
[p0ED9BccKBsd#0] ^nom<SN><@ADVLhab→><ind><←hab→><m><sg><loc><pers-pro>{^Jaakko<np><ant><m>$}$ ^verb<SV><@+FMAINV><indic><pres><p3><sg><pers-pro><NC><m>{^ha<vblex><pres>$}$ ^pre_nom<SN><@←SUBJext><ind><m><sg><nom><agreem-pro><maydetind>{^liten<adj><sint><pst><mf><sg><3>$ ^liten hund<n><m><sg><ind>$}$^comma<SENT>{^,<cm><clb>$}$ ^det<SN><@SUBJ→><nt><sg><nom>{^den<det><dem><nt><sg><acc>$}$ ^adv<@PCLE>{^også<adv>$}$ ^vcop<SV><@+FMAINV><indic><pres><p3><sg><agreem-pro><NC><m>{^være<vblex><pres>$}$ ^adv<ADV><@←ADVL-ine><adv><sadv>{^nå<adv>$}$ ^caseprep<PR><loc>{^i<pr>$}$ ^nom<SN><@←ADVL-ine><def><m><sg><loc><agreem-pro><maydetind>{^gård<n><m><sg><def>$}$^sent<SENT>{^.<sent><clb>$}$
[/p0ED9BccKBsd]
[r95wrs1edqen#0] ^nom<SN><@SUBJ→><ind><f><sg><nom><pers-pro>{^Máret<np><ant><f>$}$ ^verb<SV><@+FMAINV><indic><pres><p3><sg><pers-pro><ill-på><f>{^se<vblex><pres>$}$ ^adpos<PR><@←ADVL-ine>{^avhengig av<pr>$}$ ^pre_nom<SN><@→P><ind><nt><sg><unc><agreem-pro>{^mor<n><f><sg><ind><gen>$ ^glass<n><nt><sg><ind><gen>$}$^comma<SENT>{^,<cm><clb>$}$ ^pre_nom<SN><@SUBJ→><ind><f><sg><nom><agreem-pro>{^hun<det><pos><f><sg>$ ^mor<n><f><sg><ind>$}$ ^verb<SV><@+FMAINV><indic><pres><p3><sg><pers-pro><NC><f>{^le<vblex><pres>$}$^sent<SENT>{^.<sent><clb>$}$
[/r95wrs1edqen]
[rIeKWAHnfLWF#0] ^nom<SN><@SUBJ→><ind><f><sg><nom><pers-pro>{^Máret<np><ant><f>$}$ ^verb<SV><@+FMAINV><indic><pres><p3><sg><pers-pro><NC><f>{^sitte<vblex><pres>$}$ ^conj<@CVP><cnjcoo>{^og<cnjcoo>$}$ ^prn<SN><@ADVLhab→><←hab→><p3><f><sg><nom>{^hun<prn><pers><p3><f><sg><nom>$}$ ^verb<SV><@+FMAINV><indic><pres><p3><pl><pers-pro><NC><f>{^ha<vblex><pres>$}$ ^nom<SN><@←SUBJext><ind><f><pl><nom><agreem-pro>{^hånd<n><f><pl><ind>$}$ ^adpos<PR><@←ADVL-ine>{^for<pr>$}$ ^nom<SN><@→P><def><nt><pl><agreem-pro><maydetind>{^øye<n><nt><pl><def><gen>$}$^sent<SENT>{^.<sent><clb>$}$
[/rIeKWAHnfLWF]
[rTnwJ05zqz7k#0] ^adv<ADV><@ADVLqst-ine→><adv>{^HVOR<adv>$}$ ^nom<SN><@SUBJ→><ind><m><sg><nom><pers-pro>{^JAAKKO<np><ant><m>$}$ ^vcop<SV><@+FMAINV><indic><pres><p3><sg><agreem-pro><NC><m>{^VÆRE<vblex><pres>$}$^sent<SENT>{^?<sent><clb>$}$
[/rTnwJ05zqz7k]
[rYKt-xziFTYZ#0] ^Prn<SN><@SUBJ→><p3><m><sg><nom>{^han<prn><pers><p3><m><sg><nom>$}$ ^verb<SV><@+FMAINV><indic><pres><p3><sg><pers-pro><NC><m>{^søke<vblex><pres>$}$ ^nom<SN><@←OBJ><ind><m><sg><acc><pers-pro>{^Jaakko<np><ant><m>$}$^default<default>{^:<sent><clb>$}$ ^adv<ADV><@ADVLqst-ine→><adv>{^hvor<adv>$}$ ^det<SN><@SUBJ→><nt><sg><nom>{^den<det><dem><nt><sg><acc>$}$ ^verb<SV><@+FMAINV><indic><pret><p3><sg><pers-pro><NC><esubj><m>{^gå<vblex><pret>$}$^sent<SENT>{^?<sent><clb>$}$
[/rYKt-xziFTYZ]
[scTGy9D7WOvE#0] ^Adv<SV><@+FAUXV><neg><indic><p3><sg><NC>{^ikke<adv>$}$ ^vcop<SV><@-FMAINV><indic><pres><agreem-pro><NC>{^være<vblex><pres>$}$ ^nom<SN><@←SUBJext><ind><m><sg><nom><agreem-pro><maydetind>{^fugl<n><m><sg><ind>$}$ ^det<SN><@→N>{^ingen<det><qnt><m><sg>$}$ ^pre_nom<SN><@←SUBJext><ind><nt><sg><nom><agreem-pro>{^annen<det><dem><nt><sg><DD>$ ^dyr<n><nt><sg><ind>$}$^sent<SENT>{^.<sent><clb>$}$
[/scTGy9D7WOvE]
[sdc4dVjiYXdp#0] ^Conj<@CVP><cnjsub>{^selv om<cnjsub>$}$ ^prn<SN><@SUBJ→><p3><GD_pers><sg><nom>{^han<prn><pers><p3><GD_pers><sg><nom>$}$ ^adv<ADV><@ADVL-ine→><adv><sadv>{^kanskje<adv>$}$ ^verb<SV><@+FMAINV><indic><pres><p3><sg><pers-pro><NC>{^vite<vblex><pres>$}$ ^adv<ADV><@ADVLcs-ine→><adv>{^hvor<adv>$}$ ^nom<SN><@SUBJ→><def><m><sg><nom><pers-pro><maydetind>{^gutt<n><m><sg><def>$}$ ^vcop<SV><@+FMAINV><indic><pres><p3><sg><agreem-pro><NC><m>{^være<vblex><pres>$}$^comma<SENT>{^,<cm><clb>$}$ ^prn<SN><@SUBJ→><p3><m><sg><nom>{^han<prn><pers><p3><GD_pers><sg><nom>$}$ ^adv<SV><@+FAUXV><neg><indic><p3><sg><NC><m>{^ikke<adv>$}$ ^verb<SV><@-FAUXV><indic><pres><pers-pro><NC><m>{^ønske<vblex><pres>$}$ ^verb<SV><@-FMAINV><inf><pers-pro><NC><m>{^fortelle<vblex><inf>$}$^sent<SENT>{^.<sent><clb>$}$
[/sdc4dVjiYXdp]
[tNiYrATQN3mQ#0] ^Det<SN><@←SUBJ>{^ingen<det><qnt><m><sg>$}$ ^verb<SV><@-FMAINV><indic><pres><pers-pro><NC>{^få<vblex><pres>$}$ ^nom<SN><@←OBJ><ind><nt><sg><acc><agreem-pro>{^svar<n><nt><sg><ind>$}$^comma<SENT>{^,<cm><clb>$}$ ^conj<@CVP><cnjsub>{^når<cnjsub>$}$ ^verb<SV><@+FMAINV><indic><pres><p3><pl><pers-pro><NC>{^snakke<vblex><pres>$}$ ^caseprep<PR><com>{^med<pr>$}$ ^nom<SN><@←ADVL><ind><m><pl><com><agreem-pro><maydetind>{^hund<n><m><pl><ind>$}$^sent<SENT>{^!<sent><clb>$}$
[/tNiYrATQN3mQ]
[tXdMXCx-CQz4#0] ^nom<SN><@SUBJ→><ind><m><sg><nom><pers-pro>{^Jaakko<np><ant><m>$}$ ^vcop<SV><@+FMAINV><indic><pres><p3><sg><agreem-pro><NC><m>{^være<vblex><pres>$}$ ^pre_nom<SN><@←SPRED><ind><m><sg><nom><agreem-pro><maydetind>{^liten<adj><sint><pst><mf><sg><3>$ ^smågutt<n><m><sg><ind>$}$ ^conj<@CVP><cnjcoo>{^og<cnjcoo>$}$ ^prn<SN><@SUBJ→><p3><m><sg><nom>{^han<prn><pers><p3><m><sg><nom>$}$ ^vcop<SV><@+FMAINV><indic><pres><p3><sg><agreem-pro><NC><m>{^være<vblex><pres>$}$ ^pre_nom<SN><@→A><ind><nt><pl><agreem-pro><maydetind>{^seks<det><qnt><un><pl>$ ^år<n><nt><pl><ind>$}$ ^adj<SA><@←SPRED><ind><m><sg><nom>{^gammel<adj><sint><pst><GD><sg><3>$}$^sent<SENT>{^.<sent><clb>$}$
[/tXdMXCx-CQz4]
[toqKiaafxvkh#0] ^adpos<PR><@ADVL>{^bak<pr>$}$ ^nom<SN><@→P><def><nt><sg><agreem-pro><maydetind>{^hus<n><nt><sg><def><gen>$}$
[/toqKiaafxvkh]
[usXVdG2H3AVG#0] ^nom<SN><@SUBJ→><ind><m><sg><nom><pers-pro>{^Jaakko<np><ant><m>$}$ ^verb<SV><@+FMAINV><indic><pres><p3><sg><pers-pro><NC><m>{^løpe<vblex><pres>$}$ ^adv<ADV><@←ADVL-ela><adv>{^fort<adv>$}$ ^adpos<PR><@←ADVL-ela>{^til<pr>$}$ ^pre_pre_nom<SN><@→P><ind><nt><sg><agreem-pro>{^stor<adj><sint><pst><nt><sg><ind>$ ^gammel<adj><sint><pst><nt><sg><ind>$ ^tre<n><nt><sg><ind><gen>$}$^comma<SENT>{^,<cm><clb>$}$ ^prn<SN><@SUBJ→><p3><m><sg><nom>{^han<prn><pers><p3><m><sg><nom>$}$ ^verb<SV><@+FMAINV><indic><pres><p3><sg><pers-pro><NC><m>{^gjemme<vblex><pres>$}$ ^prn<SN><@←OBJ><ref><p3><sp><acc><m>{^seg<prn><ref><p3><un><sp><acc>$}$ ^caseprep<PR><loc>{^hos<pr>$}$ ^nom<SN><@←ADVL-ela><ind><f><sg><loc><pers-pro>{^Máret<np><ant><f>$}$^sent<SENT>{^.<sent><clb>$}$
[/usXVdG2H3AVG]
[w8YhA2UhFBkn#0] ^Prn<SN><@SUBJ→><p3><mf><du><nom>{^de<prn><pers><p3><mf><du><nom>$}$ ^adv<SV><@+FAUXV><neg><indic><p3><du><NC>{^ikke<adv>$}$ ^verb<SV><@-FAUXV><indic><pret><pers-pro><NC>{^kunne<vblex><pret>$}$ ^verb<SV><@-FMAINV><inf><pers-pro><NC>{^leke<vblex><inf>$}$ ^adv<ADV><@←ADVL-ine><adv><sadv>{^da<adv>$}$ ^adv<ADV><@←ADVL-ine><adv>{^ute<adv>$}$^sent<SENT>{^.<sent><clb>$}$
[/w8YhA2UhFBkn]
[wXMY0IGmmk_n#0] ^nom<SN><@SUBJ→><ind><f><sg><nom><pers-pro>{^Máret<np><ant><f>$}$ ^verb<SV><@+FMAINV><indic><pres><p3><sg><pers-pro><NC><f>{^gå<vblex><pres>$}$ ^adv<ADV><@←ADVL-ela><adv>{^sakte<adv>$}$ ^adpos<PR><@←ADVL-ela>{^gjennom<pr>$}$ ^nom<SN><@→P><def><m><sg><agreem-pro><maydetind>{^gård<n><m><sg><def><gen>$}$^sent<SENT>{^.<sent><clb>$}$
[/wXMY0IGmmk_n]
[yba_4ge-5sbv#0] ^Conj<@CVP><cnjcoo>{^men<cnjcoo>$}$ ^nom<SN><@SUBJ→><def><m><sg><nom><agreem-pro><maydetind>{^hund<n><m><sg><def>$}$ ^adv<ADV><@ADVL-ine→><adv><sadv>{^selvfølgelig<adv>$}$ ^adv<SV><@+FAUXV><neg><indic><p3><sg><NC><m>{^ikke<adv>$}$ ^verb<SV><@-FAUXV><indic><pres><pers-pro><NC><m>{^kunne<vblex><pres>$}$ ^verb<SV><@-FMAINV><inf><pers-pro><NC><m>{^snakke<vblex><inf>$}$^sent<SENT>{^!<sent><clb>$}$ ^nom<SN><@SUBJ→><ind><f><sg><nom><pers-pro>{^Máret<np><ant><f>$}$ ^adv<SV><@+FAUXV><neg><indic><p3><sg><NC><f>{^ikke<adv>$}$ ^verb<SV><@-FMAINV><indic><pres><pers-pro><NC><f>{^få<vblex><pres>$}$ ^nom<SN><@←OBJ><ind><nt><sg><acc><agreem-pro>{^svar<n><nt><sg><ind>$}$ ^caseprep<PR><ill>{^til<pr>$}$ ^nom<SN><@←ADVL><def><nt><sg><ill><agreem-pro><maydetind>{^spørsmål<n><nt><sg><def>$}$^sent<SENT>{^.<sent><clb>$}$
[/yba_4ge-5sbv]
