[20HgeipBy8NN#0] ^Son/son<prn><pers><p3><sg><nom><←sme→>$ ^guldala/guldalit<vblex><tv><indic><pres><p3><sg><←sme→><@+FMAINV>$ ^dárkilit/dárkilit<adv><←sme→>$^./.<sent>$
[/20HgeipBy8NN]
[2AsFxSd_q8It#0] ^Máret/Máret<np><ant><f><sg><nom><←sme→>$ ^smiehttá/smiehttat<vblex><tv><indic><pres><p3><sg><←sme→><@+FMAINV>$^,/,<cm>$ ^ahte/ahte<cnjsub><←sme→><@CVP>$ ^dat/dat<prn><dem><sg><nom><←sme→>$ ^lea/leat<vblex><iv><indic><pres><p3><sg><←sme→><@+FAUXV>$ ^oaidnán/oaidnit<vblex><tv><prfprc><←sme→><@-FMAINV>$ ^gosa/gosa<adv><subqst><←sme→>$ ^Jaakko/Jaakko<np><ant><m><sg><nom><←sme→>$ ^lea/leat<vblex><iv><indic><pres><p3><sg><←sme→><@+FAUXV>$ ^mannan/mannat<vblex><iv><prfprc><←sme→><@-FMAINV>$^:/:<clb>$ "^Muital/muitalit<vblex><tv><imp><p2><sg><←sme→><@+FMAINV>$ ^munnje/mun<prn><pers><p1><sg><ill><←sme→>$ ^gos/gos<adv><subqst><←sme→>$ ^son/son<prn><pers><p3><sg><nom><←sme→>$ ^lea/leat<vblex><iv><indic><pres><p3><sg><←sme→><@+FMAINV>$^!/!<sent>$"^,/,<cm>$ ^son/son<prn><pers><p3><sg><nom><←sme→>$ ^dadjá/dadjat<vblex><tv><indic><pres><p3><sg><←sme→><@+FMAINV>$ ^eadnásis/eadni<n><sem_hum><sg><ill><px3sg><←sme→>$^./.<sent>$
[/2AsFxSd_q8It]
[49QBS5nTCoAn#0] ^Son/son<prn><pers><p3><sg><nom><←sme→>$ ^geahččá/geahččat<vblex><tv><indic><pres><p3><sg><←sme→><@+FMAINV>$ ^beavddi/beavdi<n><sem_furn><sg><gen><←sme→>$ ^vuolde/vuolde<post><←sme→>$ ^ja/ja<cnjcoo><←sme→><@CNP>$ ^stuoluid/stuollu<n><sem_furn><pl><gen><←sme→>$ ^vuolde/vuolde<post><←sme→>$^,/,<cm>$ ^muhte/muhte<cnjcoo><←sme→><@CVP>$ ^Jaakko/Jaakko<np><ant><m><sg><nom><←sme→>$ ^ii/ii<vblex><iv><neg><indic><p3><sg><←sme→><@+FAUXV>$ ^leat/leat<vblex><iv><indic><pres><conneg><←sme→><@-FMAINV>$ ^dieppe/dieppe<adv><←sme→>/dieppe<adv><sem_plc><←sme→>$^./.<sent>$
[/49QBS5nTCoAn]
[4az6DzI2UoCs#0] ^Son/son<prn><pers><p3><sg><nom><←sme→>$ ^ii/ii<vblex><iv><neg><indic><p3><sg><←sme→><@+FAUXV>$ ^oainne/oaidnit<vblex><tv><indic><pres><conneg><←sme→><@-FMAINV>$ ^maidege/mihkke<prn><ind><sg><acc><foc_neg-ge><←sme→>$ ^ja/ja<cnjcoo><←sme→><@CVP>$ ^son/son<prn><pers><p3><sg><nom><←sme→>$ ^lohká/lohkat<vblex><tv><indic><pres><p3><sg><←sme→><@+FMAINV>$^./.<sent>$
[/4az6DzI2UoCs]
[7Hx4JwM5kbFX#0] ^Son/son<prn><pers><p3><sg><nom><←sme→>$ ^geahččala/geahččalit<vblex><tv><indic><pres><p3><sg><←sme→><@+FMAINV>$ ^ain/ain<adv><←sme→>$ ^ohcat/ohcat<vblex><tv><inf><←sme→><@←OBJ>$ ^Jaakko/Jaakko<np><ant><m><sg><acc><←sme→>$^./.<sent>$
[/7Hx4JwM5kbFX]
[9n7FXDql-dLe#0] ^De/de<adv><←sme→>$ ^son/son<prn><pers><p3><sg><nom><←sme→>$ ^oaidná/oaidnit<vblex><tv><indic><pres><p3><sg><←sme→><@+FMAINV>$ ^unna/unni<adj><attr><←sme→>$ ^gieđaža/giehta<ex_n><sem_body><der_dimin><n><sg><acc><←sme→>$ ^nai/nai<pcle><←sme→>$ ^ja/ja<cnjcoo><←sme→><@CVP>$ ^go/go<cnjsub><←sme→><@CVP>$ ^son/son<prn><pers><p3><sg><nom><←sme→>$ ^boahtá/boahtit<vblex><iv><indic><pres><p3><sg><←sme→><@+FMAINV>$ ^lagabui/lagabui<adv><←sme→>/lagabui<adv><sem_plc><←sme→>$^,/,<cm>$ ^de/de<adv><←sme→>$ ^son/son<prn><pers><p3><sg><nom><←sme→>$ ^oaidná/oaidnit<vblex><tv><indic><pres><p3><sg><←sme→><@+FMAINV>$ ^su/son<prn><pers><p3><sg><gen><←sme→>$ ^oaivvi/oaivi<n><sem_body_plc-elevate><sg><acc><←sme→>$ ^maid/maid<adv><←sme→>$^!/!<sent>$
[/9n7FXDql-dLe]
[AiTlE_q9DH0E#0] ^Jaakko/Jaakko<np><ant><m><sg><nom><←sme→>$ ^ja/ja<cnjcoo><←sme→><@CNP>$ ^Máret/Máret<np><ant><f><sg><nom><←sme→>$ ^leaba/leat<vblex><iv><indic><pres><p3><du><←sme→><@+FMAINV>$ ^šiljus/šillju<n><sem_plc><sg><loc><←sme→>$^./.<sent>$
[/AiTlE_q9DH0E]
[EMCu_DcTpZdh#0] ^Mun/mun<prn><pers><p1><sg><nom><←sme→>$ ^oainnán/oaidnit<vblex><tv><indic><pres><p1><sg><←sme→><@+FMAINV>$ ^stuorra/stuoris<adj><attr><←sme→>$ ^girjjiid/girji<n><sem_txt><pl><acc><←sme→>$ ^viesu/viessu<n><sem_build><sg><gen><←sme→>$ ^duohken/duohken<post><←sme→>$^./.<sent>$
[/EMCu_DcTpZdh]
[F4YGT3BDFa23#0] ^Son/son<prn><pers><p3><sg><nom><←sme→>$ ^geahččá/geahččat<vblex><tv><indic><pres><p3><sg><←sme→><@+FMAINV>$ ^juohke/juohke<prn><ind><attr><←sme→>$ ^sajis/sadji<n><sem_plc_pos><sg><loc><←sme→>$^,/,<cm>$ ^muhte/muhte<cnjcoo><←sme→><@CVP>$ ^ii/ii<vblex><iv><neg><indic><p3><sg><←sme→><@+FAUXV>$ ^son/son<prn><pers><p3><sg><nom><←sme→>$ ^sáhte/sáhttit<vblex><iv><indic><pres><conneg><←sme→><@-FAUXV>$ ^gávdnat/gávdnat<vblex><tv><inf><←sme→><@-FMAINV>$ ^Jaakko/Jaakko<np><ant><m><sg><acc><←sme→>$^./.<sent>$
[/F4YGT3BDFa23]
[FYO2dU7K_S4F#0] ^Ja/ja<cnjcoo><←sme→><@CVP>$ ^maid/mii<prn><itg><sg><acc><←sme→>$ ^Jaakko/Jaakko<np><ant><m><sg><nom><←sme→>$ ^dahká/dahkat<vblex><tv><indic><pres><p3><sg><←sme→><@+FMAINV>$ ^muora/muorra<n><sem_mat_plant><sg><gen><←sme→>$ ^luhtte/luhtte<post><←sme→>$^?/?<sent>$
[/FYO2dU7K_S4F]
[G5vmCm5hj-W6#0] ^Die/die<adv><←sme→>/die<adv><sem_plc><←sme→>$ ^dat/dat<prn><dem><sg><nom><←sme→>$ ^jietna/jietna<n><sem_body-abstr_prod-audio_semcon><sg><nom><←sme→>$ ^lea/leat<vblex><iv><indic><pres><p3><sg><←sme→><@+FMAINV>$ ^fas/fas<adv><←sme→>$^!/!<sent>$
[/G5vmCm5hj-W6]
[JV_evOHUnLTA#0] ^Son/son<prn><pers><p3><sg><nom><←sme→>$ ^jearrá/jearrat<vblex><tv><indic><pres><p3><sg><←sme→><@+FMAINV>$ ^beatnagis/beana<n><sem_ani><sg><loc><←sme→>$^:/:<clb>$ "^Oidnetgo/oaidnit<vblex><tv><indic><pres><p3><pl><qst><←sme→><@+FMAINV>$ ^Jaakko/Jaakko<np><ant><m><sg><acc><←sme→>$^?/?<sent>$"^./.<sent>$
[/JV_evOHUnLTA]
[KFHWfkDFyVos#0] ^De/de<adv><←sme→>$ ^son/son<prn><pers><p3><sg><nom><←sme→>$ ^gullá/gullat<vblex><tv><indic><pres><p3><sg><←sme→><@+FMAINV>$ ^jiena/jietna<n><sem_body-abstr_prod-audio_semcon><sg><acc><←sme→>$^,/,<cm>$ ^dat/dat<prn><dem><sg><nom><←sme→>$ ^boahtá/boahtit<vblex><iv><indic><pres><p3><sg><←sme→><@+FMAINV>$ ^stuora/stuoris<adj><attr><←sme→>$ ^boares/boaris<adj><attr><←sme→>$ ^muora/muorra<n><sem_mat_plant><sg><gen><←sme→>$ ^duohken/duohken<post><←sme→>$^./.<sent>$
[/KFHWfkDFyVos]
[LDlG2Djufa9R#0] ^Jaakko/Jaakko<np><ant><m><sg><nom><←sme→>$ ^ja/ja<cnjcoo><←sme→><@CNP>$ ^Máret/Máret<np><ant><f><sg><nom><←sme→>$ ^liikoba/liikot<vblex><iv><indic><pres><p3><du><←sme→><@+FMAINV>$ ^stoahkat/stoahkat<vblex><iv><inf><←sme→><@←ADVL>$^,/,<cm>$ ^soai/son<prn><pers><p3><du><nom><←sme→>$ ^stoahkaba/stoahkat<vblex><iv><indic><pres><p3><du><←sme→><@+FMAINV>$ ^álo/álo<adv><←sme→>$ ^ovttas/ovttas<adv><←sme→>$ ^šiljus/šillju<n><sem_plc><sg><loc><←sme→>$ ^stuora/stuoris<adj><attr><←sme→>$ ^dálu/dállu<n><sem_build><sg><gen><←sme→>$ ^olgobealde/olggobealde<post><←sme→>$^./.<sent>$
[/LDlG2Djufa9R]
[N3EmyGF0tV8b#0] ^Mun/mun<prn><pers><p1><sg><nom><←sme→>$ ^oainnán/oaidnit<vblex><tv><indic><pres><p1><sg><←sme→><@+FMAINV>$ ^stuora/stuoris<adj><attr><←sme→>$ ^girjji/girji<n><sem_txt><sg><acc><←sme→>$^./.<sent>$
[/N3EmyGF0tV8b]
[NkR6dWcTJVxY#0] ^Mun/mun<prn><pers><p1><sg><nom><←sme→>$ ^oainnán/oaidnit<vblex><tv><indic><pres><p1><sg><←sme→><@+FMAINV>$ ^stuorra/stuoris<adj><attr><←sme→>$ ^girjjiid/girji<n><sem_txt><pl><acc><←sme→>$ ^rukses/ruoksat<adj><attr><←sme→>$ ^viesu/viessu<n><sem_build><sg><gen><←sme→>$ ^duohken/duohken<post><←sme→>$^./.<sent>$
[/NkR6dWcTJVxY]
[OWonglBoEVbP#0] ^Dieđátgo/diehtit<vblex><tv><indic><pres><p2><sg><qst><←sme→><@+FMAINV>$ ^manne/manne<adv><subqst><←sme→>$^?/?<sent>$
[/OWonglBoEVbP]
[PJE8USNbWjkm#0] ^Sáhtášiigo/sáhttit<vblex><iv><cond><pres><p3><sg><qst><←sme→><@+FAUXV>$ ^leat/leat<vblex><iv><inf><←sme→><@-FMAINV>$ ^Jaakko/Jaakko<np><ant><m><sg><nom><←sme→>$^?/?<sent>$
[/PJE8USNbWjkm]
[QfoPOMULHlxZ#0] ^Unna/unni<adj><attr><←sme→>$ ^nieiddaš/nieiddaš<n><sem_hum><sg><nom><←sme→>$ ^lea/leat<vblex><iv><indic><pres><p3><sg><←sme→><@+FMAINV>$ ^su/son<prn><pers><p3><sg><gen><←sme→>$ ^oappáš/oappáš<n><sem_hum><sg><nom><←sme→>$^,/,<cm>$ ^son/son<prn><pers><p3><sg><nom><←sme→>$ ^lea/leat<vblex><iv><indic><pres><p3><sg><←sme→><@+FMAINV>$ ^vihtta/vihtta<num><sg><nom><←sme→>$ ^jagi/jahki<n><sem_measr_time><sg><gen><←sme→>$ ^boaris/boaris<adj><sg><nom><←sme→>$^./.<sent>$
[/QfoPOMULHlxZ]
[Qgj3s2Uy1VW6#0] ^Muhte/muhte<cnjcoo><←sme→><@CVP>$ ^bussá/bussá<n><sem_ani><sg><nom><←sme→>$ ^lea/leat<vblex><iv><indic><pres><p3><sg><←sme→><@+FMAINV>$ ^dálus/dállu<n><sem_build><sg><loc><←sme→>$^,/,<cm>$ ^bussá/bussá<n><sem_ani><sg><nom><←sme→>$ ^oađđá/oađđit<vblex><iv><indic><pres><p3><sg><←sme→><@+FMAINV>$^./.<sent>$
[/Qgj3s2Uy1VW6]
[S-jPr9xTMYJt#0] ^Beana/beana<n><sem_ani><sg><nom><←sme→>$ ^liiko/liikot<vblex><iv><indic><pres><p3><sg><←sme→><@+FMAINV>$ ^stoahkat/stoahkat<vblex><iv><inf><←sme→><@←ADVL>$ ^dainna/dat<prn><dem><sg><com><←sme→>$ ^guvttiin/guokte<num><sg><com><←sme→>$ ^mánáin/mánná<n><sem_hum><sg><com><←sme→>$^./.<sent>$
[/S-jPr9xTMYJt]
[SK5RR6iwHpot#0] ^Manne/manne<adv><subqst><←sme→>$ ^son/son<prn><pers><p3><sg><nom><←sme→>$ ^dahká/dahkat<vblex><tv><indic><pres><p3><sg><←sme→><@+FMAINV>$ ^nu/nu<adv><←sme→>$^?/?<sent>$
[/SK5RR6iwHpot]
[Tu5i0tlrtPSC#0] ^Máret/Máret<np><ant><f><sg><nom><←sme→>$ ^čaibmá/čaibmat<vblex><tv><indic><pres><p3><sg><←sme→><@+FMAINV>$ ^ja/ja<cnjcoo><←sme→><@CVP>$ ^dadjá/dadjat<vblex><tv><indic><pres><p3><sg><←sme→><@+FMAINV>$^:/:<clb>$ "^Gávdnen/gávdnat<vblex><tv><indic><pret><p1><sg><←sme→><@+FMAINV>$ ^du/don<prn><pers><p2><sg><acc><←sme→>$^!/!<sent>$"^./.<sent>$
[/Tu5i0tlrtPSC]
[VeE2bOVKhLiU#0] ^Go/go<cnjsub><←sme→><@CVP>$ ^Máret/Máret<np><ant><f><sg><nom><←sme→>$ ^geargá/geargat<vblex><iv><indic><pres><p3><sg><←sme→><@+FMAINV>$ ^lohkamis/lohkat<vblex><tv><actio><loc><←sme→><@←ADVL>$^,/,<cm>$ ^son/son<prn><pers><p3><sg><nom><←sme→>$ ^geahččá/geahččat<vblex><tv><indic><pres><p3><sg><←sme→><@+FMAINV>$ ^birra/birra<adv><←sme→>$^./.<sent>$
[/VeE2bOVKhLiU]
[XBTSPoad1gJc#0] ^Dat/dat<prn><dem><sg><nom><←sme→>$ ^lea/leat<vblex><iv><indic><pres><p3><sg><←sme→><@+FMAINV>$ ^stoagus/stoagus<n><sem_game_obj-play><sg><nom><←sme→>$^./.<sent>$
[/XBTSPoad1gJc]
[__63zKs1_1Rz#0] ^Lea/leat<vblex><iv><indic><pres><p3><sg><←sme→><@+FMAINV>$ ^buorre/buorre<adj><sg><nom><←sme→>$ ^dálki/dálki<n><sem_wthr><sg><nom><←sme→>$ ^odne/odne<adv><←sme→>/odne<adv><sem_time><←sme→>$^,/,<cm>$ ^lea/leat<vblex><iv><indic><pres><p3><sg><←sme→><@+FMAINV>$ ^hui/hui<adv><←sme→>$ ^liekkas/liekkas<adj><sg><nom><←sme→>$^./.<sent>$
[/__63zKs1_1Rz]
[aXUEZt_YHn39#0] ^Leago/leat<vblex><iv><indic><pres><p3><sg><qst><←sme→><@+FMAINV>$ ^Márehis/Máret<np><ant><f><sg><loc><←sme→>$ ^maid/maid<adv><←sme→>$ ^beana/beana<n><sem_ani><sg><nom><←sme→>$^?/?<sent>$
[/aXUEZt_YHn39]
[bDRQ4VP0PWaa#0] ^Ii/ii<vblex><iv><neg><indic><p3><sg><←sme→><@+FAUXV>$^,/,<cm>$ ^Márehis/Máret<np><ant><f><sg><loc><←sme→>$ ^ii/ii<vblex><iv><neg><indic><p3><sg><←sme→><@+FAUXV>$ ^leat/leat<vblex><iv><indic><pres><conneg><←sme→><@-FMAINV>$ ^beana/beana<n><sem_ani><sg><nom><←sme→>$^,/,<cm>$ ^sus/son<prn><pers><p3><sg><loc><←sme→>$ ^lea/leat<vblex><iv><indic><pres><p3><sg><←sme→><@+FMAINV>$ ^bussá/bussá<n><sem_ani><sg><nom><←sme→>$^./.<sent>$
[/bDRQ4VP0PWaa]
[cV3vZFz7xOOS#0] ^Dál/dál<adv><←sme→>/dál<adv><sem_time><←sme→>$ ^son/son<prn><pers><p3><sg><nom><←sme→>$ ^gullá/gullat<vblex><tv><indic><pres><p3><sg><←sme→><@+FMAINV>$ ^dan/dat<prn><dem><sg><acc><←sme→>$ ^bures/bures<adv><←sme→>$^./.<sent>$
[/cV3vZFz7xOOS]
[e3n2HcJxdzsd#0] ^Mun/mun<prn><pers><p1><sg><nom><←sme→>$ ^oainnán/oaidnit<vblex><tv><indic><pres><p1><sg><←sme→><@+FMAINV>$ ^stuorra/stuoris<adj><attr><←sme→>$ ^girjjiid/girji<n><sem_txt><pl><acc><←sme→>$^./.<sent>$
[/e3n2HcJxdzsd]
[eMYV9l1YcpOW#0] ^Mun/mun<prn><pers><p1><sg><nom><←sme→>$ ^oainnán/oaidnit<vblex><tv><indic><pres><p1><sg><←sme→><@+FMAINV>$ ^girjji/girji<n><sem_txt><sg><acc><←sme→>$
[/eMYV9l1YcpOW]
[ea0_LD-ZpoNN#0] ^viesu/viessu<n><sem_build><sg><gen><←sme→>$ ^haga/haga<post><←sme→>$
[/ea0_LD-ZpoNN]
[gHI-JpojtCYy#0] "^Ii/ii<vblex><iv><neg><indic><p3><sg><←sme→><@+FAUXV>$ ^Máret/Máret<np><ant><f><sg><nom><←sme→>$^,/,<cm>$ ^in/ii<vblex><iv><neg><indic><p1><sg><←sme→><@+FAUXV>$ ^sáhte/sáhttit<vblex><iv><indic><pres><conneg><←sme→><@-FAUXV>$ ^muitalit/muitalit<vblex><tv><inf><←sme→><@-FMAINV>$ ^dutnje/don<prn><pers><p2><sg><ill><←sme→>$^!/!<sent>$"^,/,<cm>$ ^son/son<prn><pers><p3><sg><nom><←sme→>$ ^vástida/vástidit<vblex><tv><indic><pres><p3><sg><←sme→><@+FMAINV>$^./.<sent>$
[/gHI-JpojtCYy]
[gQYXApgNZ4RH#0] ^birra/birra<adv><←sme→>$ ^jandora/*jandora$
[/gQYXApgNZ4RH]
[glIcu9gZWRNs#0] ^Oidnetgo/oaidnit<vblex><tv><indic><pret><p2><sg><qst><←sme→><@+FMAINV>$ ^su/son<prn><pers><p3><sg><acc><←sme→>$^?/?<sent>$
[/glIcu9gZWRNs]
[gyLFWDp2Tan1#0] ^Ferte/fertet<vblex><iv><indic><pres><p3><sg><←sme→><@+FAUXV>$ ^leat/leat<vblex><iv><inf><←sme→><@-FMAINV>$ ^Jaakko/Jaakko<np><ant><m><sg><nom><←sme→>$^!/!<sent>$
[/gyLFWDp2Tan1]
[iI9PZM-1Ppmb#0] ^Sudno/son<prn><pers><p3><du><gen><←sme→>$ ^eadni/eadni<n><sem_hum><sg><nom><←sme→>$ ^lea/leat<vblex><iv><indic><pres><p3><sg><←sme→><@+FMAINV>$ ^dálu/dállu<n><sem_build><sg><gen><←sme→>$ ^siste/siste<post><←sme→>$ ^bussáin/bussá<n><sem_ani><sg><com><←sme→>$ ^ovttas/ovttas<adv><←sme→>$^,/,<cm>$ ^son/son<prn><pers><p3><sg><nom><←sme→>$ ^geahččá/geahččat<vblex><tv><indic><pres><p3><sg><←sme→><@+FMAINV>$ ^láseráiggi/láseráigi<n><sem_plc><sg><acc><←sme→>$ ^olggos/olggos<adv><←sme→>/olggos<adv><sem_plc><←sme→>$ ^ja/ja<cnjcoo><←sme→><@CVP>$ ^oaidná/oaidnit<vblex><tv><indic><pres><p3><sg><←sme→><@+FMAINV>$ ^Jaakko/Jaakko<np><ant><m><sg><nom><←sme→>$ ^ja/ja<cnjcoo><←sme→><@CNP>$ ^Máreha/Máret<np><ant><f><sg><acc><←sme→>$ ^stoahkame/stoahkat<vblex><iv><actio><ess><←sme→><@←OBJ>$^./.<sent>$
[/iI9PZM-1Ppmb]
[jQ19cXpeiBoP#0] ^Soai/son<prn><pers><p3><du><nom><←sme→>$ ^goappašagat/goappašagat<prn><ind><pl><nom><←sme→>$ ^leaba/leat<vblex><iv><indic><pres><p3><du><←sme→><@+FMAINV>$ ^ilus/ilus<adv><←sme→>$ ^ja/ja<cnjcoo><←sme→><@CVP>$ ^mannaba/mannat<vblex><iv><indic><pres><p3><du><←sme→><@+FMAINV>$ ^dállui/dállu<n><sem_build><sg><ill><←sme→>$^,/,<cm>$ ^lea/leat<vblex><iv><indic><pres><p3><sg><←sme→><@+FMAINV>$ ^áigi/áigi<n><sem_time><sg><nom><←sme→>$ ^borrat/borrat<vblex><tv><inf><←sme→><@-FMAINV>$ ^juoidá/juoga<prn><ind><sg><acc><←sme→>$ ^ja/ja<cnjcoo><←sme→><@CVP>$ ^juhkat/juhkat<vblex><tv><inf><←sme→><@-FMAINV>$ ^veaháš/veaháš<adv><←sme→>/veaháš<prn><ind><attr><←sme→>/veaháš<prn><ind><sg><nom><←sme→>$ ^čázi/čáhci<n><sem_plc_substnc_wthr><sg><acc><←sme→>$^!/!<sent>$
[/jQ19cXpeiBoP]
[k9CPoPOixGup#0] ^Máret/Máret<np><ant><f><sg><nom><←sme→>$ ^ii/ii<vblex><iv><neg><indic><p3><sg><←sme→><@+FAUXV>$ ^dieđe/diehtit<vblex><tv><indic><pres><conneg><←sme→><@-FMAINV>$ ^gos/gos<adv><subqst><←sme→>$ ^Jaakko/Jaakko<np><ant><m><sg><nom><←sme→>$ ^lea/leat<vblex><iv><indic><pres><p3><sg><←sme→><@+FMAINV>$^./.<sent>$
[/k9CPoPOixGup]
[lf7ZXyOSiRwO#0] ^Muhte/muhte<cnjcoo><←sme→><@CVP>$ ^ikte/ikte<adv><←sme→>/ikte<adv><sem_time><←sme→>$ ^lei/leat<vblex><iv><indic><pret><p3><sg><←sme→><@+FMAINV>$ ^hui/hui<adv><←sme→>$ ^galmmas/galmmas<adj><sg><nom><←sme→>$^!/!<sent>$ ^Soai/son<prn><pers><p3><du><nom><←sme→>$ ^eaba/ii<vblex><iv><neg><indic><p3><du><←sme→><@+FAUXV>$ ^sáhttán/sáhttit<vblex><iv><indic><pret><conneg><←sme→><@-FAUXV>$ ^stoahkat/stoahkat<vblex><iv><inf><←sme→><@-FMAINV>$ ^dalle/dalle<adv><←sme→>/dalle<adv><sem_time><←sme→>$ ^olgun/olgun<adv><←sme→>$^./.<sent>$
[/lf7ZXyOSiRwO]
[lmHmpXXI2PDn#0] ^Mun/mun<prn><pers><p1><sg><nom><←sme→>$ ^oainnán/oaidnit<vblex><tv><indic><pres><p1><sg><←sme→><@+FMAINV>$ ^stuorra/stuoris<adj><attr><←sme→>$ ^girjji/girji<n><sem_txt><sg><acc><←sme→>$^./.<sent>$
[/lmHmpXXI2PDn]
[p0ED9BccKBsd#0] ^Jaakkos/Jaakko<np><ant><m><sg><loc><←sme→>$ ^lea/leat<vblex><iv><indic><pres><p3><sg><←sme→><@+FMAINV>$ ^unna/unni<adj><attr><←sme→>$ ^beatnagaš/beatnagaš<n><sem_ani><sg><nom><←sme→>$^,/,<cm>$ ^dat/dat<prn><dem><sg><nom><←sme→>$ ^nai/nai<pcle><←sme→>$ ^lea/leat<vblex><iv><indic><pres><p3><sg><←sme→><@+FMAINV>$ ^dál/dál<adv><←sme→>/dál<adv><sem_time><←sme→>$ ^gárdimis/gárdin<n><sem_plc><sg><loc><←sme→>$^./.<sent>$
[/p0ED9BccKBsd]
[r95wrs1edqen#0] ^Máret/Máret<np><ant><f><sg><nom><←sme→>$ ^geahččá/geahččat<vblex><tv><indic><pres><p3><sg><←sme→><@+FMAINV>$ ^eatnis/eadni<n><sem_hum><sg><gen><px3sg><←sme→>$ ^láse/láse<n><sem_buildpart_ctain_mat><sg><gen><←sme→>$ ^duohken/duohken<post><←sme→>$^,/,<cm>$ ^su/son<prn><pers><p3><sg><gen><←sme→>$ ^eadni/eadni<n><sem_hum><sg><nom><←sme→>$ ^čaibmá/čaibmat<vblex><tv><indic><pres><p3><sg><←sme→><@+FMAINV>$^./.<sent>$
[/r95wrs1edqen]
[rIeKWAHnfLWF#0] ^Máret/Máret<np><ant><f><sg><nom><←sme→>$ ^čohkká/čohkkát<vblex><iv><indic><pres><p3><sg><←sme→><@+FMAINV>$ ^ja/ja<cnjcoo><←sme→><@CVP>$ ^sus/son<prn><pers><p3><sg><loc><←sme→>$ ^leat/leat<vblex><iv><indic><pres><p3><pl><←sme→><@+FMAINV>$ ^gieđat/giehta<n><sem_body><pl><nom><←sme→>$ ^čalmmiid/čalbmi<n><sem_body><pl><gen><←sme→>$ ^ovddas/ovddas<post><←sme→>$^./.<sent>$
[/rIeKWAHnfLWF]
[rTnwJ05zqz7k#0] ^GOS/gos<adv><subqst><←sme→>$ ^JAAKKO/Jaakko<np><ant><m><sg><nom><←sme→>$ ^LEA/leat<vblex><iv><indic><pres><p3><sg><←sme→><@+FMAINV>$^?/?<sent>$
[/rTnwJ05zqz7k]
[rYKt-xziFTYZ#0] ^Son/son<prn><pers><p3><sg><nom><←sme→>$ ^ohcá/ohcat<vblex><tv><indic><pres><p3><sg><←sme→><@+FMAINV>$ ^Jaakko/Jaakko<np><ant><m><sg><nom><←sme→>$^:/:<clb>$ ^gosa/gosa<adv><subqst><←sme→>$ ^dat/dat<prn><dem><sg><nom><←sme→>$ ^manai/mannat<vblex><iv><indic><pret><p3><sg><←sme→><@+FMAINV>$^?/?<sent>$
[/rYKt-xziFTYZ]
[rtfC5S_yOAH0#0] ^Beana/beana<n><sem_ani><sg><nom><←sme→>$ ^lea/leat<vblex><iv><indic><pres><p3><sg><←sme→><@+FMAINV>$ ^hui/hui<adv><←sme→>$ ^ilolaš/ilolaš<adj><sg><nom><←sme→>$ ^dál/dál<adv><←sme→>/dál<adv><sem_time><←sme→>$^./.<sent>$
[/rtfC5S_yOAH0]
[scTGy9D7WOvE#0] ^Ii/ii<vblex><iv><neg><indic><p3><sg><←sme→><@+FAUXV>$ ^leat/leat<vblex><iv><indic><pres><conneg><←sme→><@-FMAINV>$ ^loddi/loddi<n><sem_ani><sg><nom><←sme→>$ ^iige/ii<vblex><iv><neg><indic><p3><sg><foc_neg-ge><←sme→><@+FAUXV>$ ^makkárge/makkár<prn><ind><attr><foc_neg-ge><←sme→>$ ^eará/eará<prn><ind><attr><←sme→>$ ^ealli/ealli<n><sem_ani><nomag><sg><nom><←sme→>$^./.<sent>$
[/scTGy9D7WOvE]
[sdc4dVjiYXdp#0] ^Vaikke/vaikko<cnjsub><←sme→><@CVP>$ ^son/son<prn><pers><p3><sg><nom><←sme→>$ ^várra/várra<adv><←sme→>$ ^diehtá/diehtit<vblex><tv><indic><pres><p3><sg><←sme→><@+FMAINV>$ ^gos/gos<adv><subqst><←sme→>$ ^gánda/gánda<n><sem_hum><sg><nom><←sme→>$ ^lea/leat<vblex><iv><indic><pres><p3><sg><←sme→><@+FMAINV>$^,/,<cm>$ ^son/son<prn><pers><p3><sg><nom><←sme→>$ ^ii/ii<vblex><iv><neg><indic><p3><sg><←sme→><@+FAUXV>$ ^siđa/sihtat<vblex><tv><indic><pres><conneg><←sme→><@-FAUXV>$ ^muitalit/muitalit<vblex><tv><inf><←sme→><@-FMAINV>$^./.<sent>$
[/sdc4dVjiYXdp]
[tNiYrATQN3mQ#0] ^Ii/ii<vblex><iv><neg><indic><p3><sg><←sme→><@+FAUXV>$ ^giige/gii<prn><ind><sg><nom><foc_neg-ge><←sme→>$ ^oaččo/oažžut<vblex><tv><indic><pres><conneg><←sme→><@-FMAINV>$ ^vástádusa/vástádus<n><sem_prod-ling><sg><acc><←sme→>$^,/,<cm>$ ^go/go<cnjsub><←sme→><@CVP>$ ^hállet/hállat<vblex><tv><indic><pres><p3><pl><←sme→><@+FMAINV>$ ^beatnagiiguin/beana<n><sem_ani><pl><com><←sme→>$^!/!<sent>$
[/tNiYrATQN3mQ]
[tXdMXCx-CQz4#0] ^Jaakko/Jaakko<np><ant><m><sg><nom><←sme→>$ ^lea/leat<vblex><iv><indic><pres><p3><sg><←sme→><@+FMAINV>$ ^unna/unni<adj><attr><←sme→>$ ^gánddaš/gánddaš<n><sem_hum><sg><nom><←sme→>$ ^ja/ja<cnjcoo><←sme→><@CVP>$ ^son/son<prn><pers><p3><sg><nom><←sme→>$ ^lea/leat<vblex><iv><indic><pres><p3><sg><←sme→><@+FMAINV>$ ^guhtta/guhtta<num><sg><nom><←sme→>$ ^jagi/jahki<n><sem_measr_time><sg><gen><←sme→>$ ^boaris/boaris<adj><sg><nom><←sme→>$^./.<sent>$
[/tXdMXCx-CQz4]
[toqKiaafxvkh#0] ^viesu/viessu<n><sem_build><sg><gen><←sme→>$ ^duohken/duohken<post><←sme→>$
[/toqKiaafxvkh]
[usXVdG2H3AVG#0] ^Jaakko/Jaakko<np><ant><m><sg><nom><←sme→>$ ^viehká/viehkat<vblex><iv><indic><pres><p3><sg><←sme→><@+FMAINV>$ ^johtilit/johtilit<adv><←sme→>$ ^stuora/stuoris<adj><attr><←sme→>$ ^boares/boaris<adj><attr><←sme→>$ ^muora/muorra<n><sem_mat_plant><sg><gen><←sme→>$ ^lusa/lusa<post><←sme→>$^,/,<cm>$ ^son/son<prn><pers><p3><sg><nom><←sme→>$ ^čiehkáda/čiehkádit<vblex><iv><indic><pres><p3><sg><←sme→><@+FMAINV>$ ^Márehis/Máret<np><ant><f><sg><loc><←sme→>$^./.<sent>$
[/usXVdG2H3AVG]
[wXMY0IGmmk_n#0] ^Máret/Máret<np><ant><f><sg><nom><←sme→>$ ^vázzá/vázzit<vblex><iv><indic><pres><p3><sg><←sme→><@+FMAINV>$ ^hihtásit/hihtásit<adv><←sme→>$ ^gárdima/gárdin<n><sem_plc><sg><gen><←sme→>$ ^čađa/čađa<post><←sme→>$^./.<sent>$
[/wXMY0IGmmk_n]
[yba_4ge-5sbv#0] ^Muhte/muhte<cnjcoo><←sme→><@CVP>$ ^beana/beana<n><sem_ani><sg><nom><←sme→>$ ^dieđusge/dieđusge<adv><←sme→>$ ^ii/ii<vblex><iv><neg><indic><p3><sg><←sme→><@+FAUXV>$ ^máhte/máhttit<vblex><tv><indic><pres><conneg><←sme→><@-FAUXV>$ ^hállat/hállat<vblex><tv><inf><←sme→><@-FMAINV>$^!/!<sent>$ ^Máret/Máret<np><ant><f><sg><nom><←sme→>$ ^ii/ii<vblex><iv><neg><indic><p3><sg><←sme→><@+FAUXV>$ ^oaččo/oažžut<vblex><tv><indic><pres><conneg><←sme→><@-FMAINV>$ ^vástádusa/vástádus<n><sem_prod-ling><sg><acc><←sme→>$ ^gažaldahkasis/gažaldat<n><sem_prod-ling><sg><ill><px3sg><←sme→>$^./.<sent>$
[/yba_4ge-5sbv]
