[20HgeipBy8NN#0] ^Son/son<pcle>/son<prn><pers><p3><sg><nom>$ ^guldala/guldalit<vblex><tv><indic><pres><p3><sg>$ ^dárkilit/dárkilit<adv>/dárkil<ex_adj><der_comp><adj><attr>/dárkil<ex_adj><der_comp><adj><sg><nom>$^./.<sent>$
[/20HgeipBy8NN]
[2AsFxSd_q8It#0] ^Máret/Máret<np><ant><f><attr>/Máret<np><ant><f><sg><acc><err_orth_nom_acc_mt>/Máret<np><ant><f><sg><gen><err_orth_nom_gen_mt>/Máret<np><ant><f><sg><nom>/Máret<np><attr>/Máret<np><sg><acc><err_orth_nom_acc_mt>/Máret<np><sg><gen><err_orth_nom_gen_mt>/Máret<np><sg><nom>/Máre<np><ant><f><pl><nom>/Máre<np><pl><nom>$ ^smiehttá/smiehttat<vblex><tv><indic><pres><p3><sg>$^,/,<cm>$ ^ahte/ahte<cnjcoo>/ahte<cnjsub>$ ^dat/dat<pcle>/dat<prn><dem><pl><nom>/dat<prn><dem><sg><nom>$ ^lea/leat<vblex><iv><indic><pres><p3><sg>$ ^oaidnán/oaidnit<vblex><tv><indic><pret><conneg>/oaidnit<vblex><tv><prfprc>$ ^gosa/gosa<adv>/gosa<adv><sem_plc>/gosa<adv><subqst>/gossat<vblex><iv><imp><conneg>/gossat<vblex><iv><imp><p2><sg>/gossat<vblex><iv><indic><pres><conneg>$ ^Jaakko/Jaakko<np><ant><m><attr>/Jaakko<np><ant><m><sg><acc>/Jaakko<np><ant><m><sg><gen>/Jaakko<np><ant><m><sg><nom>/Jaakko<np><attr>/Jaakko<np><sg><acc>/Jaakko<np><sg><gen>/Jaakko<np><sg><nom>$ ^lea/leat<vblex><iv><indic><pres><p3><sg>$ ^mannan/mannat<ex_vblex><iv><der_nomact><n><sg><gen><allegro>/mannat<ex_vblex><iv><der_nomact><n><sg><nom>/mannat<vblex><iv><actio><gen>/mannat<vblex><iv><actio><nom>/mannat<vblex><iv><indic><pret><conneg>/mannat<vblex><iv><prfprc>$^:/:<clb>$ "^Muital/muitalit<vblex><tv><imp><conneg>/muitalit<vblex><tv><imp><p2><sg>/muitalit<vblex><tv><indic><pres><conneg>$ ^munnje/mun<prn><pers><p1><sg><ill>$ ^gos/gos<adv>/gos<adv><sem_plc>/gos<adv><subqst>$ ^son/son<pcle>/son<prn><pers><p3><sg><nom>$ ^lea/leat<vblex><iv><indic><pres><p3><sg>$^!/!<sent>$"^,/,<cm>$ ^son/son<pcle>/son<prn><pers><p3><sg><nom>$ ^dadjá/dadjat<vblex><tv><indic><pres><p3><sg>$ ^eadnásis/eadni<n><sem_hum><sg><ill><px3sg>/eadni<n><sg><ill><px3sg>$^./.<sent>$
[/2AsFxSd_q8It]
[49QBS5nTCoAn#0] ^Son/son<pcle>/son<prn><pers><p3><sg><nom>$ ^geahččá/geahččat<vblex><tv><indic><pres><p3><sg>$ ^beavddi/beavdi<n><sem_furn><sg><acc>/beavdi<n><sem_furn><sg><gen>/beavdi<n><sg><acc>/beavdi<n><sg><gen>$ ^vuolde/vuolde<adv>/vuolde<adv><sem_plc>/vuolde<post>$ ^ja/ja<cnjcoo>$ ^stuoluid/stuollu<n><pl><acc>/stuollu<n><pl><gen>/stuollu<n><sem_furn><pl><acc>/stuollu<n><sem_furn><pl><gen>$ ^vuolde/vuolde<adv>/vuolde<adv><sem_plc>/vuolde<post>$^,/,<cm>$ ^muhte/muhte<cnjcoo>/muhttit<vblex><tv><imp><conneg>/muhttit<vblex><tv><imp><p2><sg>/muhttit<vblex><tv><indic><pres><conneg>$ ^Jaakko/Jaakko<np><ant><m><attr>/Jaakko<np><ant><m><sg><acc>/Jaakko<np><ant><m><sg><gen>/Jaakko<np><ant><m><sg><nom>/Jaakko<np><attr>/Jaakko<np><sg><acc>/Jaakko<np><sg><gen>/Jaakko<np><sg><nom>$ ^ii/II<num><rom><sg><nom>/ii<vblex><iv><neg><indic><p3><sg>$ ^leat/leat<vblex><iv><indic><pres><conneg>/leat<vblex><iv><indic><pres><p1><pl>/leat<vblex><iv><indic><pres><p2><sg>/leat<vblex><iv><indic><pres><p3><pl>/leat<vblex><iv><inf>$ ^dieppe/dieppe<adv>/dieppe<adv><sem_plc>$^./.<sent>$
[/49QBS5nTCoAn]
[4az6DzI2UoCs#0] ^Son/son<pcle>/son<prn><pers><p3><sg><nom>$ ^ii/II<num><rom><sg><nom>/ii<vblex><iv><neg><indic><p3><sg>$ ^oainne/oaidnit<vblex><tv><imp><conneg>/oaidnit<vblex><tv><imp><p2><sg>/oaidnit<vblex><tv><indic><pres><conneg>$ ^maidege/mihkke<prn><ind><sg><acc><foc_neg-ge>$ ^ja/ja<cnjcoo>$ ^son/son<pcle>/son<prn><pers><p3><sg><nom>$ ^lohká/lohkat<vblex><tv><indic><pres><p3><sg>$^./.<sent>$
[/4az6DzI2UoCs]
[7Hx4JwM5kbFX#0] ^Son/son<pcle>/son<prn><pers><p3><sg><nom>$ ^geahččala/geahččalit<vblex><tv><indic><pres><p3><sg>/geahččat<ex_vblex><tv><der_l><vblex><indic><pres><p3><sg>$ ^ain/ain<adv>$ ^ohcat/ohcat<vblex><tv><indic><pres><p1><pl>/ohcat<vblex><tv><inf>/ohca<n><sem_body><sg><nom><px2sg>/ohca<n><sg><nom><px2sg>$ ^Jaakko/Jaakko<np><ant><m><attr>/Jaakko<np><ant><m><sg><acc>/Jaakko<np><ant><m><sg><gen>/Jaakko<np><ant><m><sg><nom>/Jaakko<np><attr>/Jaakko<np><sg><acc>/Jaakko<np><sg><gen>/Jaakko<np><sg><nom>$^./.<sent>$
[/7Hx4JwM5kbFX]
[9n7FXDql-dLe#0] ^De/de<adv>/de<pcle>$ ^son/son<pcle>/son<prn><pers><p3><sg><nom>$ ^oaidná/oaidnit<vblex><tv><indic><pres><p3><sg>$ ^unna/unni<adj><attr>$ ^gieđaža/giehta<ex_n><der_dimin><n><sg><acc>/giehta<ex_n><der_dimin><n><sg><gen>/giehta<ex_n><sem_body><der_dimin><n><sg><acc>/giehta<ex_n><sem_body><der_dimin><n><sg><gen>$ ^nai/nai<pcle>$ ^ja/ja<cnjcoo>$ ^go/go<cnjsub>/go<pcle><qst>$ ^son/son<pcle>/son<prn><pers><p3><sg><nom>$ ^boahtá/boahtit<vblex><iv><indic><pres><p3><sg>$ ^lagabui/lagabui<adv>/lagabui<adv><sem_plc>$^,/,<cm>$ ^de/de<adv>/de<pcle>$ ^son/son<pcle>/son<prn><pers><p3><sg><nom>$ ^oaidná/oaidnit<vblex><tv><indic><pres><p3><sg>$ ^su/son<prn><pers><p3><sg><acc>/son<prn><pers><p3><sg><gen>$ ^oaivvi/oaivi<n><sem_body_plc-elevate><sg><acc>/oaivi<n><sem_body_plc-elevate><sg><gen>/oaivi<n><sg><acc>/oaivi<n><sg><gen>$ ^maid/maid<adv>/mii<prn><ind><pl><acc>/mii<prn><ind><pl><gen>/mii<prn><ind><sg><acc>/mii<prn><itg><pl><acc>/mii<prn><itg><pl><gen>/mii<prn><itg><sg><acc>/mii<prn><rel><pl><acc>/mii<prn><rel><pl><gen>/mii<prn><rel><sg><acc>$^!/!<sent>$
[/9n7FXDql-dLe]
[AiTlE_q9DH0E#0] ^Jaakko/Jaakko<np><ant><m><attr>/Jaakko<np><ant><m><sg><acc>/Jaakko<np><ant><m><sg><gen>/Jaakko<np><ant><m><sg><nom>/Jaakko<np><attr>/Jaakko<np><sg><acc>/Jaakko<np><sg><gen>/Jaakko<np><sg><nom>$ ^ja/ja<cnjcoo>$ ^Máret/Máret<np><ant><f><attr>/Máret<np><ant><f><sg><acc><err_orth_nom_acc_mt>/Máret<np><ant><f><sg><gen><err_orth_nom_gen_mt>/Máret<np><ant><f><sg><nom>/Máret<np><attr>/Máret<np><sg><acc><err_orth_nom_acc_mt>/Máret<np><sg><gen><err_orth_nom_gen_mt>/Máret<np><sg><nom>/Máre<np><ant><f><pl><nom>/Máre<np><pl><nom>$ ^leaba/leat<vblex><iv><indic><pres><p3><du>/leat<vblex><iv><indic><pres><p3><sg><foc_ba>$ ^šiljus/šillju<n><sem_plc><sg><acc><px3sg>/šillju<n><sem_plc><sg><gen><px3sg>/šillju<n><sem_plc><sg><loc>/šillju<n><sg><acc><px3sg>/šillju<n><sg><gen><px3sg>/šillju<n><sg><loc>$^./.<sent>$
[/AiTlE_q9DH0E]
[EMCu_DcTpZdh#0] ^Mun/mun<prn><pers><p1><sg><nom>$ ^oainnán/oaidnit<vblex><tv><indic><pres><p1><sg>$ ^stuorra/stuoris<adj><attr>$ ^girjjiid/girji<n><pl><acc>/girji<n><pl><gen>/girji<n><sem_txt><pl><acc>/girji<n><sem_txt><pl><gen>$ ^viesu/viessu<n><sem_build><sg><acc>/viessu<n><sem_build><sg><gen>/viessu<n><sg><acc>/viessu<n><sg><gen>$ ^duohken/duohken<post>$^./.<sent>$
[/EMCu_DcTpZdh]
[F4YGT3BDFa23#0] ^Son/son<pcle>/son<prn><pers><p3><sg><nom>$ ^geahččá/geahččat<vblex><tv><indic><pres><p3><sg>$ ^juohke/juohke<prn><ind><attr>$ ^sajis/sadjit<ex_vblex><tv><der_st><vblex><imp><conneg>/sadjit<ex_vblex><tv><der_st><vblex><imp><p2><sg>/sadjit<ex_vblex><tv><der_st><vblex><indic><pres><conneg>/sadji<n><sem_plc_pos><sg><acc><px3sg>/sadji<n><sem_plc_pos><sg><gen><px3sg>/sadji<n><sem_plc_pos><sg><loc>/sadji<n><sg><acc><px3sg>/sadji<n><sg><gen><px3sg>/sadji<n><sg><loc>/sajis<post>$^,/,<cm>$ ^muhte/muhte<cnjcoo>/muhttit<vblex><tv><imp><conneg>/muhttit<vblex><tv><imp><p2><sg>/muhttit<vblex><tv><indic><pres><conneg>$ ^ii/II<num><rom><sg><nom>/ii<vblex><iv><neg><indic><p3><sg>$ ^son/son<pcle>/son<prn><pers><p3><sg><nom>$ ^sáhte/sáhttit<vblex><iv><imp><conneg>/sáhttit<vblex><iv><imp><p2><sg>/sáhttit<vblex><iv><indic><pres><conneg>$ ^gávdnat/gávdnat<vblex><tv><indic><pres><p1><pl>/gávdnat<vblex><tv><inf>$ ^Jaakko/Jaakko<np><ant><m><attr>/Jaakko<np><ant><m><sg><acc>/Jaakko<np><ant><m><sg><gen>/Jaakko<np><ant><m><sg><nom>/Jaakko<np><attr>/Jaakko<np><sg><acc>/Jaakko<np><sg><gen>/Jaakko<np><sg><nom>$^./.<sent>$
[/F4YGT3BDFa23]
[FYO2dU7K_S4F#0] ^Ja/ja<cnjcoo>$ ^maid/maid<adv>/mii<prn><ind><pl><acc>/mii<prn><ind><pl><gen>/mii<prn><ind><sg><acc>/mii<prn><itg><pl><acc>/mii<prn><itg><pl><gen>/mii<prn><itg><sg><acc>/mii<prn><rel><pl><acc>/mii<prn><rel><pl><gen>/mii<prn><rel><sg><acc>$ ^Jaakko/Jaakko<np><ant><m><attr>/Jaakko<np><ant><m><sg><acc>/Jaakko<np><ant><m><sg><gen>/Jaakko<np><ant><m><sg><nom>/Jaakko<np><attr>/Jaakko<np><sg><acc>/Jaakko<np><sg><gen>/Jaakko<np><sg><nom>$ ^dahká/dahkat<vblex><tv><indic><pres><p3><sg>$ ^muora/muorra<n><sem_mat_plant><sg><acc>/muorra<n><sem_mat_plant><sg><gen>/muorra<n><sem_mat_plant><sg><gen><allegro>/muorra<n><sg><acc>/muorra<n><sg><gen>/muorra<n><sg><gen><allegro>$ ^luhtte/luhtte<adv>/luhtte<post>/luohttit<vblex><iv><indic><pres><p1><du>/luohttit<vblex><iv><indic><pret><p3><pl>$^?/?<sent>$
[/FYO2dU7K_S4F]
[G5vmCm5hj-W6#0] ^Die/die<adv>/die<adv><sem_plc>$ ^dat/dat<pcle>/dat<prn><dem><pl><nom>/dat<prn><dem><sg><nom>$ ^jietna/jietna<n><sem_body-abstr_prod-audio_semcon><sg><nom>/jietna<n><sg><nom>$ ^lea/leat<vblex><iv><indic><pres><p3><sg>$ ^fas/fas<adv>$^!/!<sent>$
[/G5vmCm5hj-W6]
[JV_evOHUnLTA#0] ^Son/son<pcle>/son<prn><pers><p3><sg><nom>$ ^jearrá/jearrat<vblex><tv><indic><pres><p3><sg>$ ^beatnagis/beana<n><sem_ani><sg><acc><px3sg>/beana<n><sem_ani><sg><gen><px3sg>/beana<n><sem_ani><sg><loc>/beana<n><sg><acc><px3sg>/beana<n><sg><gen><px3sg>/beana<n><sg><loc>$^:/:<clb>$ "^Oidnetgo/oaidnit<vblex><tv><indic><pres><p3><pl><qst>/oaidnit<vblex><tv><indic><pret><p2><sg><qst>$ ^Jaakko/Jaakko<np><ant><m><attr>/Jaakko<np><ant><m><sg><acc>/Jaakko<np><ant><m><sg><gen>/Jaakko<np><ant><m><sg><nom>/Jaakko<np><attr>/Jaakko<np><sg><acc>/Jaakko<np><sg><gen>/Jaakko<np><sg><nom>$^?/?<sent>$"^./.<sent>$
[/JV_evOHUnLTA]
[KFHWfkDFyVos#0] ^De/de<adv>/de<pcle>$ ^son/son<pcle>/son<prn><pers><p3><sg><nom>$ ^gullá/gullat<vblex><tv><indic><pres><p3><sg>/gullát<vblex><tv><imp><conneg>/gullát<vblex><tv><imp><p2><sg>/gullát<vblex><tv><indic><pres><conneg>/gullát<vblex><tv><indic><pres><p3><sg>$ ^jiena/jietna<n><sem_body-abstr_prod-audio_semcon><sg><acc>/jietna<n><sem_body-abstr_prod-audio_semcon><sg><gen>/jietna<n><sem_body-abstr_prod-audio_semcon><sg><gen><allegro>/jietna<n><sg><acc>/jietna<n><sg><gen>/jietna<n><sg><gen><allegro>$^,/,<cm>$ ^dat/dat<pcle>/dat<prn><dem><pl><nom>/dat<prn><dem><sg><nom>$ ^boahtá/boahtit<vblex><iv><indic><pres><p3><sg>$ ^stuora/stuoris<adj><attr>$ ^boares/boaris<adj><attr>$ ^muora/muorra<n><sem_mat_plant><sg><acc>/muorra<n><sem_mat_plant><sg><gen>/muorra<n><sem_mat_plant><sg><gen><allegro>/muorra<n><sg><acc>/muorra<n><sg><gen>/muorra<n><sg><gen><allegro>$ ^duohken/duohken<post>$^./.<sent>$
[/KFHWfkDFyVos]
[LDlG2Djufa9R#0] ^Jaakko/Jaakko<np><ant><m><attr>/Jaakko<np><ant><m><sg><acc>/Jaakko<np><ant><m><sg><gen>/Jaakko<np><ant><m><sg><nom>/Jaakko<np><attr>/Jaakko<np><sg><acc>/Jaakko<np><sg><gen>/Jaakko<np><sg><nom>$ ^ja/ja<cnjcoo>$ ^Máret/Máret<np><ant><f><attr>/Máret<np><ant><f><sg><acc><err_orth_nom_acc_mt>/Máret<np><ant><f><sg><gen><err_orth_nom_gen_mt>/Máret<np><ant><f><sg><nom>/Máret<np><attr>/Máret<np><sg><acc><err_orth_nom_acc_mt>/Máret<np><sg><gen><err_orth_nom_gen_mt>/Máret<np><sg><nom>/Máre<np><ant><f><pl><nom>/Máre<np><pl><nom>$ ^liikoba/liikot<vblex><iv><imp><p2><sg><foc_ba>/liikot<vblex><iv><indic><pres><conneg><foc_ba>/liikot<vblex><iv><indic><pres><p3><du>/liikot<vblex><iv><indic><pres><p3><sg><foc_ba>$ ^stoahkat/stoahkat<vblex><iv><indic><pres><p1><pl>/stoahkat<vblex><iv><inf>/stoahka<n><sem_dummytag><sg><nom><px2sg>/stoahka<n><sg><nom><px2sg>$^,/,<cm>$ ^soai/son<prn><pers><p3><du><nom>$ ^stoahkaba/stoahkat<vblex><iv><indic><pres><p3><du>/stoahka<n><sem_dummytag><sg><nom><foc_ba>/stoahka<n><sg><nom><foc_ba>$ ^álo/állu<n><sem_plant><sg><gen><allegro>/állu<n><sg><gen><allegro>/álo<adv>$ ^ovttas/okta<num><sg><loc>/ovttastit<vblex><tv><imp><conneg>/ovttastit<vblex><tv><imp><p2><sg>/ovttastit<vblex><tv><indic><pres><conneg>/ovttas<adv>$ ^šiljus/šillju<n><sem_plc><sg><acc><px3sg>/šillju<n><sem_plc><sg><gen><px3sg>/šillju<n><sem_plc><sg><loc>/šillju<n><sg><acc><px3sg>/šillju<n><sg><gen><px3sg>/šillju<n><sg><loc>$ ^stuora/stuoris<adj><attr>$ ^dálu/dállu<n><sem_build><sg><acc>/dállu<n><sem_build><sg><gen>/dállu<n><sg><acc>/dállu<n><sg><gen>$ ^olgobealde/olggobealde<post>/olggobealde<pr>$^./.<sent>$
[/LDlG2Djufa9R]
[N3EmyGF0tV8b#0] ^Mun/mun<prn><pers><p1><sg><nom>$ ^oainnán/oaidnit<vblex><tv><indic><pres><p1><sg>$ ^stuora/stuoris<adj><attr>$ ^girjji/girji<n><sem_txt><sg><acc>/girji<n><sem_txt><sg><gen>/girji<n><sg><acc>/girji<n><sg><gen>$^./.<sent>$
[/N3EmyGF0tV8b]
[NkR6dWcTJVxY#0] ^Mun/mun<prn><pers><p1><sg><nom>$ ^oainnán/oaidnit<vblex><tv><indic><pres><p1><sg>$ ^stuorra/stuoris<adj><attr>$ ^girjjiid/girji<n><pl><acc>/girji<n><pl><gen>/girji<n><sem_txt><pl><acc>/girji<n><sem_txt><pl><gen>$ ^rukses/ruoksat<adj><attr>$ ^viesu/viessu<n><sem_build><sg><acc>/viessu<n><sem_build><sg><gen>/viessu<n><sg><acc>/viessu<n><sg><gen>$ ^duohken/duohken<post>$^./.<sent>$
[/NkR6dWcTJVxY]
[OWonglBoEVbP#0] ^Dieđátgo/diehtit<vblex><tv><indic><pres><p2><sg><qst>$ ^manne/mannat<vblex><iv><indic><pres><p1><du>/mannat<vblex><iv><indic><pret><p3><pl>/mannet<vblex><iv><imp><conneg>/mannet<vblex><iv><imp><p2><sg>/mannet<vblex><iv><indic><pres><conneg>/mannet<vblex><iv><indic><pres><p3><sg>/manne<adv>/manne<adv><subqst>$^?/?<sent>$
[/OWonglBoEVbP]
[PJE8USNbWjkm#0] ^Sáhtášiigo/sáhttit<vblex><iv><cond><pres><p3><sg><qst>$ ^leat/leat<vblex><iv><indic><pres><conneg>/leat<vblex><iv><indic><pres><p1><pl>/leat<vblex><iv><indic><pres><p2><sg>/leat<vblex><iv><indic><pres><p3><pl>/leat<vblex><iv><inf>$ ^Jaakko/Jaakko<np><ant><m><attr>/Jaakko<np><ant><m><sg><acc>/Jaakko<np><ant><m><sg><gen>/Jaakko<np><ant><m><sg><nom>/Jaakko<np><attr>/Jaakko<np><sg><acc>/Jaakko<np><sg><gen>/Jaakko<np><sg><nom>$^?/?<sent>$
[/PJE8USNbWjkm]
[QfoPOMULHlxZ#0] ^Unna/Unna<np><ant><f><attr>/Unna<np><ant><f><sg><acc>/Unna<np><ant><f><sg><gen>/Unna<np><ant><f><sg><nom>/Unna<np><attr>/Unna<np><sg><acc>/Unna<np><sg><gen>/Unna<np><sg><nom>/Unn<np><ant><f><sg><acc>/Unn<np><ant><f><sg><gen>/Unn<np><sg><acc>/Unn<np><sg><gen>/unni<adj><attr>$ ^nieiddaš/nieida<ex_n><der_dimin><n><sg><acc><err_orth_nom_acc_mt>/nieida<ex_n><der_dimin><n><sg><gen><err_orth_nom_gen_mt>/nieida<ex_n><der_dimin><n><sg><nom>/nieida<ex_n><sem_hum><der_dimin><n><sg><acc><err_orth_nom_acc_mt>/nieida<ex_n><sem_hum><der_dimin><n><sg><gen><err_orth_nom_gen_mt>/nieida<ex_n><sem_hum><der_dimin><n><sg><nom>/nieiddaš<n><sem_hum><sg><acc><err_orth_nom_acc_mt>/nieiddaš<n><sem_hum><sg><gen><err_orth_nom_gen_mt>/nieiddaš<n><sem_hum><sg><nom>/nieiddaš<n><sg><acc><err_orth_nom_acc_mt>/nieiddaš<n><sg><gen><err_orth_nom_gen_mt>/nieiddaš<n><sg><nom>$ ^lea/leat<vblex><iv><indic><pres><p3><sg>$ ^su/son<prn><pers><p3><sg><acc>/son<prn><pers><p3><sg><gen>$ ^oappáš/oabbá<ex_n><der_dimin><n><sg><acc><err_orth_nom_acc_mt>/oabbá<ex_n><der_dimin><n><sg><gen><err_orth_nom_gen_mt>/oabbá<ex_n><der_dimin><n><sg><nom>/oabbá<ex_n><sem_hum><der_dimin><n><sg><acc><err_orth_nom_acc_mt>/oabbá<ex_n><sem_hum><der_dimin><n><sg><gen><err_orth_nom_gen_mt>/oabbá<ex_n><sem_hum><der_dimin><n><sg><nom>/oappáš<n><sem_hum><sg><acc><err_orth_nom_acc_mt>/oappáš<n><sem_hum><sg><gen><err_orth_nom_gen_mt>/oappáš<n><sem_hum><sg><nom>/oappáš<n><sg><acc><err_orth_nom_acc_mt>/oappáš<n><sg><gen><err_orth_nom_gen_mt>/oappáš<n><sg><nom>/oappážat<n><sem_hum><sg><gen><err_orth_nom_gen_mt>/oappážat<n><sg><gen><err_orth_nom_gen_mt>$^,/,<cm>$ ^son/son<pcle>/son<prn><pers><p3><sg><nom>$ ^lea/leat<vblex><iv><indic><pres><p3><sg>$ ^vihtta/vihtta<num><sg><acc>/vihtta<num><sg><nom>$ ^jagi/jahki<n><sem_measr_time><sg><acc>/jahki<n><sem_measr_time><sg><gen>/jahki<n><sg><acc>/jahki<n><sg><gen>$ ^boaris/boaris<adj><sg><nom>/boaris<n><sem_hum><sg><nom>/boaris<n><sg><nom>$^./.<sent>$
[/QfoPOMULHlxZ]
[Qgj3s2Uy1VW6#0] ^Muhte/muhte<cnjcoo>/muhttit<vblex><tv><imp><conneg>/muhttit<vblex><tv><imp><p2><sg>/muhttit<vblex><tv><indic><pres><conneg>$ ^bussá/bussá<n><sem_ani><sg><acc>/bussá<n><sem_ani><sg><gen>/bussá<n><sem_ani><sg><nom>/bussá<n><sg><acc>/bussá<n><sg><gen>/bussá<n><sg><nom>$ ^lea/leat<vblex><iv><indic><pres><p3><sg>$ ^dálus/dállu<n><sem_build><sg><acc><px3sg>/dállu<n><sem_build><sg><gen><px3sg>/dállu<n><sem_build><sg><loc>/dállu<n><sg><acc><px3sg>/dállu<n><sg><gen><px3sg>/dállu<n><sg><loc>$^,/,<cm>$ ^bussá/bussá<n><sem_ani><sg><acc>/bussá<n><sem_ani><sg><gen>/bussá<n><sem_ani><sg><nom>/bussá<n><sg><acc>/bussá<n><sg><gen>/bussá<n><sg><nom>$ ^oađđá/oađđit<vblex><iv><indic><pres><p3><sg>$^./.<sent>$
[/Qgj3s2Uy1VW6]
[S-jPr9xTMYJt#0] ^Beana/beana<n><sem_ani><sg><nom>/beana<n><sg><nom>$ ^liiko/liikot<vblex><iv><imp><conneg>/liikot<vblex><iv><imp><p2><sg>/liikot<vblex><iv><indic><pres><conneg>/liikot<vblex><iv><indic><pres><p3><sg>$ ^stoahkat/stoahkat<vblex><iv><indic><pres><p1><pl>/stoahkat<vblex><iv><inf>/stoahka<n><sem_dummytag><sg><nom><px2sg>/stoahka<n><sg><nom><px2sg>$ ^dainna/dainna<adv>/dat<prn><dem><sg><com>$ ^guvttiin/guokte<num><pl><loc>/guokte<num><sg><com>$ ^mánáin/mánná<n><pl><loc>/mánná<n><sem_hum><pl><loc>/mánná<n><sem_hum><sg><com>/mánná<n><sg><com>$^./.<sent>$
[/S-jPr9xTMYJt]
[SK5RR6iwHpot#0] ^Manne/mannat<vblex><iv><indic><pres><p1><du>/mannat<vblex><iv><indic><pret><p3><pl>/mannet<vblex><iv><imp><conneg>/mannet<vblex><iv><imp><p2><sg>/mannet<vblex><iv><indic><pres><conneg>/mannet<vblex><iv><indic><pres><p3><sg>/manne<adv>/manne<adv><subqst>$ ^son/son<pcle>/son<prn><pers><p3><sg><nom>$ ^dahká/dahkat<vblex><tv><indic><pres><p3><sg>$ ^nu/nu<adv>$^?/?<sent>$
[/SK5RR6iwHpot]
[Tu5i0tlrtPSC#0] ^Máret/Máret<np><ant><f><attr>/Máret<np><ant><f><sg><acc><err_orth_nom_acc_mt>/Máret<np><ant><f><sg><gen><err_orth_nom_gen_mt>/Máret<np><ant><f><sg><nom>/Máret<np><attr>/Máret<np><sg><acc><err_orth_nom_acc_mt>/Máret<np><sg><gen><err_orth_nom_gen_mt>/Máret<np><sg><nom>/Máre<np><ant><f><pl><nom>/Máre<np><pl><nom>$ ^čaibmá/čaibmat<vblex><tv><indic><pres><p3><sg>$ ^ja/ja<cnjcoo>$ ^dadjá/dadjat<vblex><tv><indic><pres><p3><sg>$^:/:<clb>$ "^Gávdnen/gávdnat<vblex><tv><indic><pret><p1><sg>$ ^du/don<prn><pers><p2><sg><acc>/don<prn><pers><p2><sg><gen>$^!/!<sent>$"^./.<sent>$
[/Tu5i0tlrtPSC]
[VeE2bOVKhLiU#0] ^Go/go<cnjsub>/go<pcle><qst>$ ^Máret/Máret<np><ant><f><attr>/Máret<np><ant><f><sg><acc><err_orth_nom_acc_mt>/Máret<np><ant><f><sg><gen><err_orth_nom_gen_mt>/Máret<np><ant><f><sg><nom>/Máret<np><attr>/Máret<np><sg><acc><err_orth_nom_acc_mt>/Máret<np><sg><gen><err_orth_nom_gen_mt>/Máret<np><sg><nom>/Máre<np><ant><f><pl><nom>/Máre<np><pl><nom>$ ^geargá/geargat<vblex><iv><indic><pres><p3><sg>$ ^lohkamis/lohkan<n><sem_act><sg><acc><px3sg>/lohkan<n><sem_act><sg><gen><px3sg>/lohkan<n><sem_act><sg><loc>/lohkan<n><sg><acc><px3sg>/lohkan<n><sg><gen><px3sg>/lohkan<n><sg><loc>/lohkat<ex_vblex><tv><der_nomact><n><sg><acc><px3sg>/lohkat<ex_vblex><tv><der_nomact><n><sg><gen><px3sg>/lohkat<ex_vblex><tv><der_nomact><n><sg><loc>/lohkat<vblex><tv><actio><loc>/lohkat<vblex><tv><indic><pres><p3><sg><foc_mis>/lohkka<n><sem_obj><sg><acc><foc_mis>/lohkka<n><sem_obj><sg><gen><allegro><foc_mis>/lohkka<n><sem_obj><sg><gen><foc_mis>/lohkka<n><sg><acc><foc_mis>/lohkka<n><sg><gen><allegro><foc_mis>/lohkka<n><sg><gen><foc_mis>$^,/,<cm>$ ^son/son<pcle>/son<prn><pers><p3><sg><nom>$ ^geahččá/geahččat<vblex><tv><indic><pres><p3><sg>$ ^birra/birra<adv>/birra<post>/birra<pr>$^./.<sent>$
[/VeE2bOVKhLiU]
[XBTSPoad1gJc#0] ^Dat/dat<pcle>/dat<prn><dem><pl><nom>/dat<prn><dem><sg><nom>$ ^lea/leat<vblex><iv><indic><pres><p3><sg>$ ^stoagus/stoagus<n><sem_game_obj-play><sg><nom>/stoagus<n><sg><nom>$^./.<sent>$
[/XBTSPoad1gJc]
[__63zKs1_1Rz#0] ^Lea/Lea<np><ant><f><attr>/Lea<np><ant><f><sg><acc>/Lea<np><ant><f><sg><gen>/Lea<np><ant><f><sg><nom>/Lea<np><attr>/Lea<np><sg><acc>/Lea<np><sg><gen>/Lea<np><sg><nom>/leat<vblex><iv><indic><pres><p3><sg>$ ^buorre/buorre<adj><sg><nom>$ ^dálki/dálki<n><sem_wthr><sg><nom>$ ^odne/odne<adv>/odne<adv><sem_time>$^,/,<cm>$ ^lea/leat<vblex><iv><indic><pres><p3><sg>$ ^hui/hui<adv>$ ^liekkas/liekkas<adj><sg><nom>/liekkas<n><sem_perc-phys><sg><nom>/liekkas<n><sg><nom>$^./.<sent>$
[/__63zKs1_1Rz]
[aXUEZt_YHn39#0] ^Leago/Lea<np><ant><f><attr><qst>/Lea<np><ant><f><sg><acc><qst>/Lea<np><ant><f><sg><gen><qst>/Lea<np><ant><f><sg><nom><qst>/Lea<np><attr><qst>/Lea<np><sg><acc><qst>/Lea<np><sg><gen><qst>/Lea<np><sg><nom><qst>/leat<vblex><iv><indic><pres><p3><sg><qst>$ ^Márehis/Máret<np><ant><f><sg><loc>/Máret<np><sg><loc>$ ^maid/maid<adv>/mii<prn><ind><pl><acc>/mii<prn><ind><pl><gen>/mii<prn><ind><sg><acc>/mii<prn><itg><pl><acc>/mii<prn><itg><pl><gen>/mii<prn><itg><sg><acc>/mii<prn><rel><pl><acc>/mii<prn><rel><pl><gen>/mii<prn><rel><sg><acc>$ ^beana/beana<n><sem_ani><sg><nom>/beana<n><sg><nom>$^?/?<sent>$
[/aXUEZt_YHn39]
[bDRQ4VP0PWaa#0] ^Ii/II<num><rom><sg><nom>/ii<vblex><iv><neg><indic><p3><sg>$^,/,<cm>$ ^Márehis/Máret<np><ant><f><sg><loc>/Máret<np><sg><loc>$ ^ii/II<num><rom><sg><nom>/ii<vblex><iv><neg><indic><p3><sg>$ ^leat/leat<vblex><iv><indic><pres><conneg>/leat<vblex><iv><indic><pres><p1><pl>/leat<vblex><iv><indic><pres><p2><sg>/leat<vblex><iv><indic><pres><p3><pl>/leat<vblex><iv><inf>$ ^beana/beana<n><sem_ani><sg><nom>/beana<n><sg><nom>$^,/,<cm>$ ^sus/son<prn><pers><p3><sg><loc>$ ^lea/leat<vblex><iv><indic><pres><p3><sg>$ ^bussá/bussá<n><sem_ani><sg><acc>/bussá<n><sem_ani><sg><gen>/bussá<n><sem_ani><sg><nom>/bussá<n><sg><acc>/bussá<n><sg><gen>/bussá<n><sg><nom>$^./.<sent>$
[/bDRQ4VP0PWaa]
[cV3vZFz7xOOS#0] ^Dál/dál<adv>/dál<adv><sem_time>$ ^son/son<pcle>/son<prn><pers><p3><sg><nom>$ ^gullá/gullat<vblex><tv><indic><pres><p3><sg>/gullát<vblex><tv><imp><conneg>/gullát<vblex><tv><imp><p2><sg>/gullát<vblex><tv><indic><pres><conneg>/gullát<vblex><tv><indic><pres><p3><sg>$ ^dan/dat<prn><dem><sg><acc>/dat<prn><dem><sg><gen>/dat<prn><dem><sg><ill><attr>/dat<prn><dem><sg><loc><attr>$ ^bures/bures<adv>/bures<ij>$^./.<sent>$
[/cV3vZFz7xOOS]
[e3n2HcJxdzsd#0] ^Mun/mun<prn><pers><p1><sg><nom>$ ^oainnán/oaidnit<vblex><tv><indic><pres><p1><sg>$ ^stuorra/stuoris<adj><attr>$ ^girjjiid/girji<n><pl><acc>/girji<n><pl><gen>/girji<n><sem_txt><pl><acc>/girji<n><sem_txt><pl><gen>$^./.<sent>$
[/e3n2HcJxdzsd]
[eMYV9l1YcpOW#0] ^Mun/mun<prn><pers><p1><sg><nom>$ ^oainnán/oaidnit<vblex><tv><indic><pres><p1><sg>$ ^girjji/girji<n><sem_txt><sg><acc>/girji<n><sem_txt><sg><gen>/girji<n><sg><acc>/girji<n><sg><gen>$
[/eMYV9l1YcpOW]
[gHI-JpojtCYy#0] "^Ii/II<num><rom><sg><nom>/ii<vblex><iv><neg><indic><p3><sg>$ ^Máret/Máret<np><ant><f><attr>/Máret<np><ant><f><sg><acc><err_orth_nom_acc_mt>/Máret<np><ant><f><sg><gen><err_orth_nom_gen_mt>/Máret<np><ant><f><sg><nom>/Máret<np><attr>/Máret<np><sg><acc><err_orth_nom_acc_mt>/Máret<np><sg><gen><err_orth_nom_gen_mt>/Máret<np><sg><nom>/Máre<np><ant><f><pl><nom>/Máre<np><pl><nom>$^,/,<cm>$ ^in/ii<vblex><iv><neg><indic><p1><sg>$ ^sáhte/sáhttit<vblex><iv><imp><conneg>/sáhttit<vblex><iv><imp><p2><sg>/sáhttit<vblex><iv><indic><pres><conneg>$ ^muitalit/muitalit<vblex><tv><indic><pres><p1><pl>/muitalit<vblex><tv><indic><pres><p3><pl>/muitalit<vblex><tv><indic><pret><p2><sg>/muitalit<vblex><tv><inf>$ ^dutnje/don<prn><pers><p2><sg><ill>$^!/!<sent>$"^,/,<cm>$ ^son/son<pcle>/son<prn><pers><p3><sg><nom>$ ^vástida/vástidit<vblex><tv><indic><pres><p3><sg>$^./.<sent>$
[/gHI-JpojtCYy]
[glIcu9gZWRNs#0] ^Oidnetgo/oaidnit<vblex><tv><indic><pres><p3><pl><qst>/oaidnit<vblex><tv><indic><pret><p2><sg><qst>$ ^su/son<prn><pers><p3><sg><acc>/son<prn><pers><p3><sg><gen>$^?/?<sent>$
[/glIcu9gZWRNs]
[gyLFWDp2Tan1#0] ^Ferte/fertet<vblex><iv><indic><pres><conneg>/fertet<vblex><iv><indic><pres><p3><sg>$ ^leat/leat<vblex><iv><indic><pres><conneg>/leat<vblex><iv><indic><pres><p1><pl>/leat<vblex><iv><indic><pres><p2><sg>/leat<vblex><iv><indic><pres><p3><pl>/leat<vblex><iv><inf>$ ^Jaakko/Jaakko<np><ant><m><attr>/Jaakko<np><ant><m><sg><acc>/Jaakko<np><ant><m><sg><gen>/Jaakko<np><ant><m><sg><nom>/Jaakko<np><attr>/Jaakko<np><sg><acc>/Jaakko<np><sg><gen>/Jaakko<np><sg><nom>$^!/!<sent>$
[/gyLFWDp2Tan1]
[iI9PZM-1Ppmb#0] ^Sudno/son<prn><pers><p3><du><acc>/son<prn><pers><p3><du><gen>$ ^eadni/eadni<n><sem_hum><sg><nom>/eadni<n><sg><nom>$ ^lea/leat<vblex><iv><indic><pres><p3><sg>$ ^dálu/dállu<n><sem_build><sg><acc>/dállu<n><sem_build><sg><gen>/dállu<n><sg><acc>/dállu<n><sg><gen>$ ^siste/siste<adv>/siste<adv><sem_plc>/siste<post>$ ^bussáin/bussá<n><pl><loc>/bussá<n><sem_ani><pl><loc>/bussá<n><sem_ani><sg><com>/bussá<n><sg><com>$ ^ovttas/okta<num><sg><loc>/ovttastit<vblex><tv><imp><conneg>/ovttastit<vblex><tv><imp><p2><sg>/ovttastit<vblex><tv><indic><pres><conneg>/ovttas<adv>$^,/,<cm>$ ^son/son<pcle>/son<prn><pers><p3><sg><nom>$ ^geahččá/geahččat<vblex><tv><indic><pres><p3><sg>$ ^láseráiggi/láseráigi<n><sem_plc><sg><acc>/láseráigi<n><sem_plc><sg><gen>/láseráigi<n><sg><acc>/láseráigi<n><sg><gen>$ ^olggos/olggos<adv>/olggos<adv><sem_plc>$ ^ja/ja<cnjcoo>$ ^oaidná/oaidnit<vblex><tv><indic><pres><p3><sg>$ ^Jaakko/Jaakko<np><ant><m><attr>/Jaakko<np><ant><m><sg><acc>/Jaakko<np><ant><m><sg><gen>/Jaakko<np><ant><m><sg><nom>/Jaakko<np><attr>/Jaakko<np><sg><acc>/Jaakko<np><sg><gen>/Jaakko<np><sg><nom>$ ^ja/ja<cnjcoo>$ ^Máreha/Máret<np><ant><f><sg><acc>/Máret<np><ant><f><sg><gen>/Máret<np><sg><acc>/Máret<np><sg><gen>$ ^stoahkame/stoahkat<vblex><iv><actio><ess>/stoahka<n><sem_dummytag><sg><acc><err_orth_mt><px1du>/stoahka<n><sem_dummytag><sg><acc><px1du>/stoahka<n><sem_dummytag><sg><gen><err_orth_mt><px1du>/stoahka<n><sem_dummytag><sg><gen><px1du>/stoahka<n><sem_dummytag><sg><nom><px1du>/stoahka<n><sg><acc><err_orth_mt><px1du>/stoahka<n><sg><acc><px1du>/stoahka<n><sg><gen><err_orth_mt><px1du>/stoahka<n><sg><gen><px1du>/stoahka<n><sg><nom><px1du>$^./.<sent>$
[/iI9PZM-1Ppmb]
[jQ19cXpeiBoP#0] ^Soai/son<prn><pers><p3><du><nom>$ ^goappašagat/goappašagat<prn><ind><pl><nom>$ ^leaba/leat<vblex><iv><indic><pres><p3><du>/leat<vblex><iv><indic><pres><p3><sg><foc_ba>$ ^ilus/illu<n><sem_perc-emo><sg><acc><px3sg>/illu<n><sem_perc-emo><sg><gen><px3sg>/illu<n><sem_perc-emo><sg><loc>/illu<n><sg><acc><px3sg>/illu<n><sg><gen><px3sg>/illu<n><sg><loc>/ilus<adv>$ ^ja/ja<cnjcoo>$ ^mannaba/mannat<vblex><iv><indic><pres><p3><du>/mannat<vblex><iv><indic><pres><p3><sg><foc_ba>$ ^dállui/dállu<n><sem_build><sg><ill>/dállu<n><sg><ill>$^,/,<cm>$ ^lea/leat<vblex><iv><indic><pres><p3><sg>$ ^áigi/áigi<adv>/áigi<n><sem_time><sg><nom>/áigi<n><sg><nom>$ ^borrat/borrat<vblex><tv><indic><pres><p1><pl>/borrat<vblex><tv><inf>$ ^juoidá/juoga<prn><ind><sg><acc>$ ^ja/ja<cnjcoo>$ ^juhkat/juhkat<vblex><tv><indic><pres><p1><pl>/juhkat<vblex><tv><inf>$ ^veaháš/veaháš<adv>/veaháš<prn><ind><attr>/veaháš<prn><ind><sg><nom>$ ^čázi/čáhci<n><sem_plc_substnc_wthr><sg><acc>/čáhci<n><sem_plc_substnc_wthr><sg><gen>/čáhci<n><sg><acc>/čáhci<n><sg><gen>$^!/!<sent>$
[/jQ19cXpeiBoP]
[k9CPoPOixGup#0] ^Máret/Máret<np><ant><f><attr>/Máret<np><ant><f><sg><acc><err_orth_nom_acc_mt>/Máret<np><ant><f><sg><gen><err_orth_nom_gen_mt>/Máret<np><ant><f><sg><nom>/Máret<np><attr>/Máret<np><sg><acc><err_orth_nom_acc_mt>/Máret<np><sg><gen><err_orth_nom_gen_mt>/Máret<np><sg><nom>/Máre<np><ant><f><pl><nom>/Máre<np><pl><nom>$ ^ii/II<num><rom><sg><nom>/ii<vblex><iv><neg><indic><p3><sg>$ ^dieđe/diehtit<vblex><tv><imp><conneg>/diehtit<vblex><tv><imp><p2><sg>/diehtit<vblex><tv><indic><pres><conneg>$ ^gos/gos<adv>/gos<adv><sem_plc>/gos<adv><subqst>$ ^Jaakko/Jaakko<np><ant><m><attr>/Jaakko<np><ant><m><sg><acc>/Jaakko<np><ant><m><sg><gen>/Jaakko<np><ant><m><sg><nom>/Jaakko<np><attr>/Jaakko<np><sg><acc>/Jaakko<np><sg><gen>/Jaakko<np><sg><nom>$ ^lea/leat<vblex><iv><indic><pres><p3><sg>$^./.<sent>$
[/k9CPoPOixGup]
[lf7ZXyOSiRwO#0] ^Muhte/muhte<cnjcoo>/muhttit<vblex><tv><imp><conneg>/muhttit<vblex><tv><imp><p2><sg>/muhttit<vblex><tv><indic><pres><conneg>$ ^ikte/ikte<adv>/ikte<adv><sem_time>$ ^lei/leat<vblex><iv><indic><pret><p3><sg>$ ^hui/hui<adv>$ ^galmmas/galmmas<adj><sg><nom>/galmmas<adv>$^!/!<sent>$ ^Soai/son<prn><pers><p3><du><nom>$ ^eaba/ii<vblex><iv><neg><indic><p3><du>$ ^sáhttán/sáhttit<vblex><iv><indic><pret><conneg>/sáhttit<vblex><iv><prfprc>$ ^stoahkat/stoahkat<vblex><iv><indic><pres><p1><pl>/stoahkat<vblex><iv><inf>/stoahka<n><sem_dummytag><sg><nom><px2sg>/stoahka<n><sg><nom><px2sg>$ ^dalle/dalle<adv>/dalle<adv><sem_time>$ ^olgun/olgun<adv>/olgu<n><ess>/olgu<n><sem_plc><ess>$^./.<sent>$
[/lf7ZXyOSiRwO]
[lmHmpXXI2PDn#0] ^Mun/mun<prn><pers><p1><sg><nom>$ ^oainnán/oaidnit<vblex><tv><indic><pres><p1><sg>$ ^stuorra/stuoris<adj><attr>$ ^girjji/girji<n><sem_txt><sg><acc>/girji<n><sem_txt><sg><gen>/girji<n><sg><acc>/girji<n><sg><gen>$^./.<sent>$
[/lmHmpXXI2PDn]
[p0ED9BccKBsd#0] ^Jaakkos/Jaakko<np><ant><m><sg><loc>/Jaakko<np><sg><loc>$ ^lea/leat<vblex><iv><indic><pres><p3><sg>$ ^unna/unni<adj><attr>$ ^beatnagaš/beana<ex_n><der_dimin><n><sg><nom>/beana<ex_n><sem_ani><der_dimin><n><sg><nom>/beatnagaš<n><sem_ani><sg><nom>/beatnagaš<n><sg><nom>$^,/,<cm>$ ^dat/dat<pcle>/dat<prn><dem><pl><nom>/dat<prn><dem><sg><nom>$ ^nai/nai<pcle>$ ^lea/leat<vblex><iv><indic><pres><p3><sg>$ ^dál/dál<adv>/dál<adv><sem_time>$ ^gárdimis/gárdin<n><sem_plc><sg><acc><px3sg>/gárdin<n><sem_plc><sg><gen><px3sg>/gárdin<n><sem_plc><sg><loc>/gárdin<n><sg><acc><px3sg>/gárdin<n><sg><gen><px3sg>/gárdin<n><sg><loc>/gárdi<n><sem_plc_tool-catch><sg><nom><foc_mis>/gárdi<n><sg><nom><foc_mis>$^./.<sent>$
[/p0ED9BccKBsd]
[r95wrs1edqen#0] ^Máret/Máret<np><ant><f><attr>/Máret<np><ant><f><sg><acc><err_orth_nom_acc_mt>/Máret<np><ant><f><sg><gen><err_orth_nom_gen_mt>/Máret<np><ant><f><sg><nom>/Máret<np><attr>/Máret<np><sg><acc><err_orth_nom_acc_mt>/Máret<np><sg><gen><err_orth_nom_gen_mt>/Máret<np><sg><nom>/Máre<np><ant><f><pl><nom>/Máre<np><pl><nom>$ ^geahččá/geahččat<vblex><tv><indic><pres><p3><sg>$ ^eatnis/eadni<n><sem_hum><sg><acc><px3sg>/eadni<n><sem_hum><sg><gen><px3sg>/eadni<n><sem_hum><sg><loc>/eadni<n><sg><acc><px3sg>/eadni<n><sg><gen><px3sg>/eadni<n><sg><loc>$ ^láse/láse<n><sem_buildpart_ctain_mat><sg><acc>/láse<n><sem_buildpart_ctain_mat><sg><gen>/láse<n><sem_buildpart_ctain_mat><sg><gen><allegro>/láse<n><sem_buildpart_ctain_mat><sg><nom>/láse<n><sg><acc>/láse<n><sg><gen>/láse<n><sg><gen><allegro>/láse<n><sg><nom>$ ^duohken/duohken<post>$^,/,<cm>$ ^su/son<prn><pers><p3><sg><acc>/son<prn><pers><p3><sg><gen>$ ^eadni/eadni<n><sem_hum><sg><nom>/eadni<n><sg><nom>$ ^čaibmá/čaibmat<vblex><tv><indic><pres><p3><sg>$^./.<sent>$
[/r95wrs1edqen]
[rIeKWAHnfLWF#0] ^Máret/Máret<np><ant><f><attr>/Máret<np><ant><f><sg><acc><err_orth_nom_acc_mt>/Máret<np><ant><f><sg><gen><err_orth_nom_gen_mt>/Máret<np><ant><f><sg><nom>/Máret<np><attr>/Máret<np><sg><acc><err_orth_nom_acc_mt>/Máret<np><sg><gen><err_orth_nom_gen_mt>/Máret<np><sg><nom>/Máre<np><ant><f><pl><nom>/Máre<np><pl><nom>$ ^čohkká/čohkkát<vblex><iv><imp><conneg>/čohkkát<vblex><iv><imp><p2><sg>/čohkkát<vblex><iv><indic><pres><conneg>/čohkkát<vblex><iv><indic><pres><p3><sg>/čohkkát<vblex><iv><vgen>$ ^ja/ja<cnjcoo>$ ^sus/son<prn><pers><p3><sg><loc>$ ^leat/leat<vblex><iv><indic><pres><conneg>/leat<vblex><iv><indic><pres><p1><pl>/leat<vblex><iv><indic><pres><p2><sg>/leat<vblex><iv><indic><pres><p3><pl>/leat<vblex><iv><inf>$ ^gieđat/giehta<n><pl><nom>/giehta<n><sem_body><pl><nom>/giehta<n><sem_body><sg><acc><px2sg>/giehta<n><sem_body><sg><gen><px2sg>/giehta<n><sg><acc><px2sg>/giehta<n><sg><gen><px2sg>$ ^čalmmiid/čalbmi<n><pl><acc>/čalbmi<n><pl><gen>/čalbmi<n><sem_body><pl><acc>/čalbmi<n><sem_body><pl><gen>$ ^ovddas/ovddastit<vblex><tv><imp><conneg>/ovddastit<vblex><tv><imp><p2><sg>/ovddastit<vblex><tv><indic><pres><conneg>/ovddas<adv>/ovddas<adv><sem_plc>/ovddas<post>$^./.<sent>$
[/rIeKWAHnfLWF]
[rTnwJ05zqz7k#0] ^GOS/gos<adv>/gos<adv><sem_plc>/gos<adv><subqst>$ ^JAAKKO/Jaakko<np><ant><m><attr>/Jaakko<np><ant><m><sg><acc>/Jaakko<np><ant><m><sg><gen>/Jaakko<np><ant><m><sg><nom>/Jaakko<np><attr>/Jaakko<np><sg><acc>/Jaakko<np><sg><gen>/Jaakko<np><sg><nom>$ ^LEA/Lea<np><ant><f><attr>/Lea<np><ant><f><sg><acc>/Lea<np><ant><f><sg><gen>/Lea<np><ant><f><sg><nom>/Lea<np><attr>/Lea<np><sg><acc>/Lea<np><sg><gen>/Lea<np><sg><nom>/leat<vblex><iv><indic><pres><p3><sg>$^?/?<sent>$
[/rTnwJ05zqz7k]
[rYKt-xziFTYZ#0] ^Son/son<pcle>/son<prn><pers><p3><sg><nom>$ ^ohcá/ohcat<vblex><tv><indic><pres><p3><sg>$ ^Jaakko/Jaakko<np><ant><m><attr>/Jaakko<np><ant><m><sg><acc>/Jaakko<np><ant><m><sg><gen>/Jaakko<np><ant><m><sg><nom>/Jaakko<np><attr>/Jaakko<np><sg><acc>/Jaakko<np><sg><gen>/Jaakko<np><sg><nom>$^:/:<clb>$ ^gosa/gosa<adv>/gosa<adv><sem_plc>/gosa<adv><subqst>/gossat<vblex><iv><imp><conneg>/gossat<vblex><iv><imp><p2><sg>/gossat<vblex><iv><indic><pres><conneg>$ ^dat/dat<pcle>/dat<prn><dem><pl><nom>/dat<prn><dem><sg><nom>$ ^manai/mannat<vblex><iv><indic><pret><p3><sg>$^?/?<sent>$
[/rYKt-xziFTYZ]
[rtfC5S_yOAH0#0] ^Beana/beana<n><sem_ani><sg><nom>/beana<n><sg><nom>$ ^lea/leat<vblex><iv><indic><pres><p3><sg>$ ^hui/hui<adv>$ ^ilolaš/ilolaš<adj><attr>/ilolaš<adj><sg><nom>$ ^dál/dál<adv>/dál<adv><sem_time>$^./.<sent>$
[/rtfC5S_yOAH0]
[scTGy9D7WOvE#0] ^Ii/II<num><rom><sg><nom>/ii<vblex><iv><neg><indic><p3><sg>$ ^leat/leat<vblex><iv><indic><pres><conneg>/leat<vblex><iv><indic><pres><p1><pl>/leat<vblex><iv><indic><pres><p2><sg>/leat<vblex><iv><indic><pres><p3><pl>/leat<vblex><iv><inf>$ ^loddi/loddi<n><sem_ani><sg><nom>/loddi<n><sg><nom>$ ^iige/ii<vblex><iv><neg><indic><p3><sg><foc_neg-ge>$ ^makkárge/makkár<prn><ind><attr><foc_neg-ge>/makkár<prn><ind><attr><foc_pos-ge>/makkár<prn><ind><sg><nom><foc_neg-ge>/makkár<prn><ind><sg><nom><foc_pos-ge>$ ^eará/eará<prn><ind><attr>/eará<prn><ind><sg><acc>/eará<prn><ind><sg><gen>/eará<prn><ind><sg><nom>$ ^ealli/eallit<ex_vblex><iv><der_nomag><n><sg><acc>/eallit<ex_vblex><iv><der_nomag><n><sg><gen>/eallit<ex_vblex><iv><der_nomag><n><sg><nom>/eallit<vblex><iv><imp><p2><du>/eallit<vblex><iv><prsprc>/ealli<n><sem_ani><nomag><sg><acc>/ealli<n><sem_ani><nomag><sg><gen>/ealli<n><sem_ani><nomag><sg><nom>$^./.<sent>$
[/scTGy9D7WOvE]
[sdc4dVjiYXdp#0] ^Vaikke/vaikko<adv>/vaikko<cnjsub>$ ^son/son<pcle>/son<prn><pers><p3><sg><nom>$ ^várra/várra<adv>/várra<n><sem_state><sg><nom>/várra<n><sg><nom>$ ^diehtá/diehtit<vblex><tv><indic><pres><p3><sg>$ ^gos/gos<adv>/gos<adv><sem_plc>/gos<adv><subqst>$ ^gánda/gánda<n><sem_hum><sg><nom>/gánda<n><sg><nom>$ ^lea/leat<vblex><iv><indic><pres><p3><sg>$^,/,<cm>$ ^son/son<pcle>/son<prn><pers><p3><sg><nom>$ ^ii/II<num><rom><sg><nom>/ii<vblex><iv><neg><indic><p3><sg>$ ^siđa/sihtat<vblex><tv><imp><conneg>/sihtat<vblex><tv><imp><p2><sg>/sihtat<vblex><tv><indic><pres><conneg>$ ^muitalit/muitalit<vblex><tv><indic><pres><p1><pl>/muitalit<vblex><tv><indic><pres><p3><pl>/muitalit<vblex><tv><indic><pret><p2><sg>/muitalit<vblex><tv><inf>$^./.<sent>$
[/sdc4dVjiYXdp]
[tNiYrATQN3mQ#0] ^Ii/II<num><rom><sg><nom>/ii<vblex><iv><neg><indic><p3><sg>$ ^giige/gii<prn><ind><sg><nom><foc_neg-ge>/gii<prn><ind><sg><nom><foc_pos-ge>$ ^oaččo/oažžut<vblex><tv><imp><conneg>/oažžut<vblex><tv><imp><p2><sg>/oažžut<vblex><tv><indic><pres><conneg>$ ^vástádusa/vástádus<n><sem_prod-ling><sg><acc>/vástádus<n><sem_prod-ling><sg><gen>/vástádus<n><sem_prod-ling><sg><gen><allegro>/vástádus<n><sg><acc>/vástádus<n><sg><gen>/vástádus<n><sg><gen><allegro>$^,/,<cm>$ ^go/go<cnjsub>/go<pcle><qst>$ ^hállet/hállat<vblex><tv><imp><p2><pl>/hállat<vblex><tv><indic><pres><p3><pl>/hállat<vblex><tv><indic><pret><p2><sg>$ ^beatnagiiguin/beana<n><pl><com>/beana<n><sem_ani><pl><com>$^!/!<sent>$
[/tNiYrATQN3mQ]
[tXdMXCx-CQz4#0] ^Jaakko/Jaakko<np><ant><m><attr>/Jaakko<np><ant><m><sg><acc>/Jaakko<np><ant><m><sg><gen>/Jaakko<np><ant><m><sg><nom>/Jaakko<np><attr>/Jaakko<np><sg><acc>/Jaakko<np><sg><gen>/Jaakko<np><sg><nom>$ ^lea/leat<vblex><iv><indic><pres><p3><sg>$ ^unna/unni<adj><attr>$ ^gánddaš/gánda<ex_n><der_dimin><n><sg><acc><err_orth_nom_acc_mt>/gánda<ex_n><der_dimin><n><sg><gen><err_orth_nom_gen_mt>/gánda<ex_n><der_dimin><n><sg><nom>/gánda<ex_n><sem_hum><der_dimin><n><sg><acc><err_orth_nom_acc_mt>/gánda<ex_n><sem_hum><der_dimin><n><sg><gen><err_orth_nom_gen_mt>/gánda<ex_n><sem_hum><der_dimin><n><sg><nom>/gánddaš<n><sem_hum><sg><acc><err_orth_nom_acc_mt>/gánddaš<n><sem_hum><sg><gen><err_orth_nom_gen_mt>/gánddaš<n><sem_hum><sg><nom>/gánddaš<n><sg><acc><err_orth_nom_acc_mt>/gánddaš<n><sg><gen><err_orth_nom_gen_mt>/gánddaš<n><sg><nom>$ ^ja/ja<cnjcoo>$ ^son/son<pcle>/son<prn><pers><p3><sg><nom>$ ^lea/leat<vblex><iv><indic><pres><p3><sg>$ ^guhtta/guhtta<num><sg><acc>/guhtta<num><sg><nom>$ ^jagi/jahki<n><sem_measr_time><sg><acc>/jahki<n><sem_measr_time><sg><gen>/jahki<n><sg><acc>/jahki<n><sg><gen>$ ^boaris/boaris<adj><sg><nom>/boaris<n><sem_hum><sg><nom>/boaris<n><sg><nom>$^./.<sent>$
[/tXdMXCx-CQz4]
[usXVdG2H3AVG#0] ^Jaakko/Jaakko<np><ant><m><attr>/Jaakko<np><ant><m><sg><acc>/Jaakko<np><ant><m><sg><gen>/Jaakko<np><ant><m><sg><nom>/Jaakko<np><attr>/Jaakko<np><sg><acc>/Jaakko<np><sg><gen>/Jaakko<np><sg><nom>$ ^viehká/viehkat<vblex><iv><indic><pres><p3><sg>$ ^johtilit/johtilit<adv>/johtil<ex_adj><der_comp><adj><attr>/johtil<ex_adj><der_comp><adj><sg><nom>/johtit<ex_vblex><iv><der_l><vblex><indic><pres><p1><pl>/johtit<ex_vblex><iv><der_l><vblex><indic><pres><p3><pl>/johtit<ex_vblex><iv><der_l><vblex><indic><pret><p2><sg>/johtit<ex_vblex><iv><der_l><vblex><inf>$ ^stuora/stuoris<adj><attr>$ ^boares/boaris<adj><attr>$ ^muora/muorra<n><sem_mat_plant><sg><acc>/muorra<n><sem_mat_plant><sg><gen>/muorra<n><sem_mat_plant><sg><gen><allegro>/muorra<n><sg><acc>/muorra<n><sg><gen>/muorra<n><sg><gen><allegro>$ ^lusa/lusa<post>$^,/,<cm>$ ^son/son<pcle>/son<prn><pers><p3><sg><nom>$ ^čiehkáda/čiehkádit<vblex><iv><indic><pres><p3><sg>$ ^Márehis/Máret<np><ant><f><sg><loc>/Máret<np><sg><loc>$^./.<sent>$
[/usXVdG2H3AVG]
[wXMY0IGmmk_n#0] ^Máret/Máret<np><ant><f><attr>/Máret<np><ant><f><sg><acc><err_orth_nom_acc_mt>/Máret<np><ant><f><sg><gen><err_orth_nom_gen_mt>/Máret<np><ant><f><sg><nom>/Máret<np><attr>/Máret<np><sg><acc><err_orth_nom_acc_mt>/Máret<np><sg><gen><err_orth_nom_gen_mt>/Máret<np><sg><nom>/Máre<np><ant><f><pl><nom>/Máre<np><pl><nom>$ ^vázzá/vázzit<vblex><iv><indic><pres><p3><sg>/vázzát<vblex><iv><imp><conneg>/vázzát<vblex><iv><imp><p2><sg>/vázzát<vblex><iv><indic><pres><conneg>/vázzát<vblex><iv><indic><pres><p3><sg>$ ^hihtásit/hihtásit<adv>/hiđis<ex_adj><der_comp><adj><attr>/hiđis<ex_adj><der_comp><adj><sg><nom>$ ^gárdima/gárdin<n><sem_plc><sg><acc>/gárdin<n><sem_plc><sg><gen>/gárdin<n><sg><acc>/gárdin<n><sg><gen>$ ^čađa/čađa<adv>/čađa<post>/čađa<pr>$^./.<sent>$
[/wXMY0IGmmk_n]
[yba_4ge-5sbv#0] ^Muhte/muhte<cnjcoo>/muhttit<vblex><tv><imp><conneg>/muhttit<vblex><tv><imp><p2><sg>/muhttit<vblex><tv><indic><pres><conneg>$ ^beana/beana<n><sem_ani><sg><nom>/beana<n><sg><nom>$ ^dieđusge/diehtu<n><sem_prod-cogn_txt><sg><acc><px3sg><foc_neg-ge>/diehtu<n><sem_prod-cogn_txt><sg><acc><px3sg><foc_pos-ge>/diehtu<n><sem_prod-cogn_txt><sg><gen><px3sg><foc_neg-ge>/diehtu<n><sem_prod-cogn_txt><sg><gen><px3sg><foc_pos-ge>/diehtu<n><sem_prod-cogn_txt><sg><loc><foc_neg-ge>/diehtu<n><sem_prod-cogn_txt><sg><loc><foc_pos-ge>/dieđusge<adv>/dieđus<adj><attr><foc_neg-ge>/dieđus<adj><attr><foc_pos-ge>/dieđus<adj><sg><nom><foc_neg-ge>/dieđus<adj><sg><nom><foc_pos-ge>/dieđus<adv><foc_neg-ge>/dieđus<adv><foc_pos-ge>$ ^ii/II<num><rom><sg><nom>/ii<vblex><iv><neg><indic><p3><sg>$ ^máhte/máhttit<vblex><tv><imp><conneg>/máhttit<vblex><tv><imp><p2><sg>/máhttit<vblex><tv><indic><pres><conneg>$ ^hállat/hállat<vblex><tv><indic><pres><p1><pl>/hállat<vblex><tv><inf>/hálla<n><g3><pl><nom>/hálla<n><g3><sem_build><pl><nom>/hálla<n><g3><sem_build><sg><acc><px2sg>/hálla<n><g3><sem_build><sg><gen><px2sg>/hálla<n><g3><sem_build><sg><nom><px2sg>/hálla<n><g3><sg><acc><px2sg>/hálla<n><g3><sg><gen><px2sg>/hálla<n><g3><sg><nom><px2sg>$^!/!<sent>$ ^Máret/Máret<np><ant><f><attr>/Máret<np><ant><f><sg><acc><err_orth_nom_acc_mt>/Máret<np><ant><f><sg><gen><err_orth_nom_gen_mt>/Máret<np><ant><f><sg><nom>/Máret<np><attr>/Máret<np><sg><acc><err_orth_nom_acc_mt>/Máret<np><sg><gen><err_orth_nom_gen_mt>/Máret<np><sg><nom>/Máre<np><ant><f><pl><nom>/Máre<np><pl><nom>$ ^ii/II<num><rom><sg><nom>/ii<vblex><iv><neg><indic><p3><sg>$ ^oaččo/oažžut<vblex><tv><imp><conneg>/oažžut<vblex><tv><imp><p2><sg>/oažžut<vblex><tv><indic><pres><conneg>$ ^vástádusa/vástádus<n><sem_prod-ling><sg><acc>/vástádus<n><sem_prod-ling><sg><gen>/vástádus<n><sem_prod-ling><sg><gen><allegro>/vástádus<n><sg><acc>/vástádus<n><sg><gen>/vástádus<n><sg><gen><allegro>$ ^gažaldahkasis/gažaldat<n><sem_prod-ling><sg><ill><px3sg>/gažaldat<n><sg><ill><px3sg>$^./.<sent>$
[/yba_4ge-5sbv]
