[10vuJA_wv6Z4#0] ^Gonagas/gonagas<n><sem_hum><sg><nom>/gonagas<n><sg><nom>$ ^Harald/Harald<np><ant><m><attr>/Harald<np><ant><m><sg><acc>/Harald<np><ant><m><sg><gen><allegro>/Harald<np><ant><m><sg><nom>/Harald<np><attr>/Harald<np><sg><acc>/Harald<np><sg><gen><allegro>/Harald<np><sg><nom>$
[/10vuJA_wv6Z4]
[5lw5MRaU9oZe#0] ^dálkki/dálki<n><sem_wthr><sg><acc>/dálki<n><sem_wthr><sg><gen>$ ^geažil/geažil<post>/geažil<pr>$
[/5lw5MRaU9oZe]
[7cJvryNjmakD#0] ^giellarevitaliseren/giellarevitaliseren<n><sem_act><sg><gen><allegro>/giellarevitaliseren<n><sem_act><sg><nom>/giellarevitaliseren<n><sg><gen><allegro>/giellarevitaliseren<n><sg><nom>$
[/7cJvryNjmakD]
[A2pYKBduUi4Q#0] ^Mánát/mánná<n><pl><nom>/mánná<n><sem_hum><pl><nom>/mánná<n><sem_hum><sg><acc><px2sg>/mánná<n><sem_hum><sg><gen><px2sg>/mánná<n><sg><acc><px2sg>/mánná<n><sg><gen><px2sg>$ ^leat/leat<vblex><iv><indic><pres><conneg>/leat<vblex><iv><indic><pres><p1><pl>/leat<vblex><iv><indic><pres><p2><sg>/leat<vblex><iv><indic><pres><p3><pl>/leat<vblex><iv><inf>$ ^iehčanassii/iehčanassii<adv>$ ^ruovttus/ruoktu<n><sem_plc><sg><acc><px3sg>/ruoktu<n><sem_plc><sg><gen><px3sg>/ruoktu<n><sem_plc><sg><loc>/ruoktu<n><sg><acc><px3sg>/ruoktu<n><sg><gen><px3sg>/ruoktu<n><sg><loc>/ruovttus<adv>/ruovttus<adv><sem_plc>$^./.<sent>$
[/A2pYKBduUi4Q]
[EZyWS1Hp7O3O#0] ^muohtasuddama/muohtasuddan<n><sem_act><sg><acc>/muohtasuddan<n><sem_act><sg><gen>/muohtasuddan<n><sg><acc>/muohtasuddan<n><sg><gen>$
[/EZyWS1Hp7O3O]
[EloK9Q8SACDJ#0] ^Anne/Anne<np><ant><f><attr>/Anne<np><ant><f><sg><acc>/Anne<np><ant><f><sg><gen>/Anne<np><ant><f><sg><nom>/Anne<np><attr>/Anne<np><sg><acc>/Anne<np><sg><gen>/Anne<np><sg><nom>/anne<adv>$ ^Tornensis/Tornensis<np><attr>/Tornensis<np><cog><attr>/Tornensis<np><cog><sg><acc>/Tornensis<np><cog><sg><gen><allegro>/Tornensis<np><cog><sg><nom>/Tornensis<np><sg><acc>/Tornensis<np><sg><gen><allegro>/Tornensis<np><sg><nom>$ ^Hætta/Hætta<np><attr>/Hætta<np><cog><attr>/Hætta<np><cog><sg><acc>/Hætta<np><cog><sg><gen>/Hætta<np><cog><sg><nom>/Hætta<np><sg><acc>/Hætta<np><sg><gen>/Hætta<np><sg><nom>$
[/EloK9Q8SACDJ]
[FFAYuJZpZY3g#0] ^Ánne/Ánne<np><ant><f><attr>/Ánne<np><ant><f><sg><acc>/Ánne<np><ant><f><sg><gen>/Ánne<np><ant><f><sg><nom>/Ánne<np><attr>/Ánne<np><sg><acc>/Ánne<np><sg><gen>/Ánne<np><sg><nom>$ ^ráhkada/ráhkadit<vblex><tv><indic><pres><p3><sg>$ ^biepmu/biebmu<n><sem_event_food><sg><acc>/biebmu<n><sem_event_food><sg><gen>/biebmu<n><sem_event_food><sg><nom>/biebmu<n><sg><acc>/biebmu<n><sg><gen>/biebmu<n><sg><nom>$^./.<sent>$
[/FFAYuJZpZY3g]
[GmxCMyX7kT7N#0] ^galbmit/galbmit<vblex><iv><inf>$
[/GmxCMyX7kT7N]
[HhTSEzVzKwBk#0] ^Mánná/mánná<n><sem_hum><sg><nom>/mánná<n><sg><nom>$ ^oađđá/oađđit<vblex><iv><indic><pres><p3><sg>$^./.<sent>$
[/HhTSEzVzKwBk]
[Ht8MgRVMsB60#0] ^Boahtágo/boahtit<vblex><iv><indic><pres><p3><sg><qst>$ ^áhčči/áhčči<n><sem_hum><sg><nom>/áhčči<n><sg><nom>$ ^ihttin/ihttin<adv>/ihttin<adv><sem_time>$^?/?<sent>$
[/Ht8MgRVMsB60]
[NN8bEy129TeS#0] ^gáiddusoahpahussii/gáiddusoahpahus<n><sem_edu><sg><ill>/gáiddusoahpahus<n><sg><ill>$
[/NN8bEy129TeS]
[QtUeuIcMULft#0] ^Giitu/giitit<vblex><tv><imp><p1><du>/giitu<ij>/giitu<n><sem_prod-cogn><sg><nom>$ ^skeaŋkka/skeaŋka<n><sem_obj><sg><acc>/skeaŋka<n><sem_obj><sg><gen>/skeaŋka<n><sem_obj><sg><gen><allegro>/skeaŋka<n><sg><acc>/skeaŋka<n><sg><gen>/skeaŋka<n><sg><gen><allegro>$ ^ovddas/ovddastit<vblex><tv><imp><conneg>/ovddastit<vblex><tv><imp><p2><sg>/ovddastit<vblex><tv><indic><pres><conneg>/ovddas<adv>/ovddas<adv><sem_plc>/ovddas<post>$^./.<sent>$
[/QtUeuIcMULft]
[UgIirDVITxyD#0] ^Áhččigo/áhčči<n><sem_hum><sg><nom><qst>/áhčči<n><sg><nom><qst>$ ^boahtá/boahtit<vblex><iv><indic><pres><p3><sg>$ ^ihttin/ihttin<adv>/ihttin<adv><sem_time>$^?/?<sent>$
[/UgIirDVITxyD]
[go3AerZbHggq#0] ^Máhtte/Máhtte<np><ant><m><attr>/Máhtte<np><ant><m><sg><nom>/Máhtte<np><attr>/Máhtte<np><sg><nom>/máhttit<vblex><tv><indic><pres><p1><du>/máhttit<vblex><tv><indic><pret><p3><pl>$ ^muitalii/muitalit<vblex><tv><indic><pret><p3><sg>$ ^ahte/ahte<cnjcoo>/ahte<cnjsub>$ ^áddjá/áddjái<adj><sg><acc>/áddjá<n><sem_hum><sg><nom>/áddjá<n><sg><nom>$ ^boahtá/boahtit<vblex><iv><indic><pres><p3><sg>$^./.<sent>$
[/go3AerZbHggq]
[hHShlqfnaLiV#0] ^Rievssatbivdu/rievssatbivdu<n><sem_act><sg><nom>$ ^unnon/unnut<vblex><iv><imp><p1><sg>/unnut<vblex><iv><indic><pret><conneg>/unnut<vblex><iv><indic><pret><p1><sg>/unnut<vblex><iv><prfprc>$ ^beliin/bealle<n><pl><loc>/bealle<n><sem_part><pl><loc>/bealle<n><sem_part><sg><com>/bealle<n><sg><com>/bealli<n><pl><loc>/bealli<n><sem_hum_part><pl><loc>/bealli<n><sem_hum_part><sg><com>/bealli<n><sg><com>$^./.<sent>$
[/hHShlqfnaLiV]
[rbBca6UsyWin#0] ^garra/garas<adj><attr>/garra<n><sem_dummytag><sg><nom>/garra<n><sg><nom>$ ^dálkki/dálki<n><sem_wthr><sg><acc>/dálki<n><sem_wthr><sg><gen>$ ^geažil/geažil<post>/geažil<pr>$
[/rbBca6UsyWin]
[uepE5Ju82hmC#0] ^Suohkan/suohkan<n><sem_org><sg><nom>/suohkan<n><sg><nom>$ ^lei/leat<vblex><iv><indic><pret><p3><sg>$ ^positiiva/positiiva<adj><attr>/positiiva<adj><sg><acc>/positiiva<adj><sg><gen>/positiiva<adj><sg><nom>$ ^juste/juste<adv>$ ^nu/nu<adv>$ ^guhkás/guhkás<adv>/guhkás<adv><sem_plc>$ ^go/go<cnjsub>/go<pcle><qst>$ ^láhka/láhka<n><sem_rule><sg><nom>/láhkka<n><sem_dummytag><sg><acc>/láhkka<n><sem_dummytag><sg><gen>/láhkka<n><sem_dummytag><sg><gen><allegro>/láhkka<n><sg><acc>/láhkka<n><sg><gen>/láhkka<n><sg><gen><allegro>$ ^geatnegahtii/geatnegahttit<vblex><tv><indic><pret><p3><sg>$^./.<sent>$
[/uepE5Ju82hmC]
