[-5PCMgK-lLrc#0] et av 6 filmene
[/-5PCMgK-lLrc]
[-5QWUhjErQpD#0] Hun\/han skadet seg selv.
[/-5QWUhjErQpD]
[-6d0wXwglT1u#0] #Jeg må hente vann.
[/-6d0wXwglT1u]
[-M9sFjVNvkUF#0] 15. april er det
[/-M9sFjVNvkUF]
[-UUtdHWTkzzP#0] Da detvar tale om samebarn som ikke har lært samisk hjemme.
[/-UUtdHWTkzzP]
[-XxjGZz1Nw_2#0] #Jeg pleier ofte å synge
[/-XxjGZz1Nw_2]
[-obIBqF6kOac#0] Det var lite som skilte den #ung prins' skolegang fra #annen skolebarn.
[/-obIBqF6kOac]
[-vurF6z5niTk#0] Sjamanen var ikke bak tua.
[/-vurF6z5niTk]
[05dquhg_CJtg#0] Sameforeningens leder, #Mikkel #Eskil Mikkelsen, er svært fornøyd.
[/05dquhg_CJtg]
[07ZF3kjw0qKC#0] Jeg lytter ikke
[/07ZF3kjw0qKC]
[0BpZj9sENnZ0#0] for at flegmatisk  okkupasjonsmakt   ikke fikk ta dem fast.
[/0BpZj9sENnZ0]
[0F2SDbwsvCSE#0] mest #Sist vinter reiste ei gruppe til Karasjok og Kautokeino.
[/0F2SDbwsvCSE]
[0PgYYrxHZpTj#0] #Harald sverget at han ikke skulle klippe håret.
[/0PgYYrxHZpTj]
[0emxxAWcKrbe#0] Til mappa er det en særskilt forklaring.
[/0emxxAWcKrbe]
[0lsrZ2bCPpo8#0] #Jeg sluttet å røyke.
[/0lsrZ2bCPpo8]
[0mlFizefo7E_#0] #du spises
[/0mlFizefo7E_]
[10vuJA_wv6Z4#0] Kong #Harald
[/10vuJA_wv6Z4]
[1TREq8HZH50Y#0] til #vi mest #ung gutt
[/1TREq8HZH50Y]
[1YLKQr8w8qR8#0] #Jeg lærte å skrive på norsk.
[/1YLKQr8w8qR8]
[1_sULRVxEl5U#0] #Vi har #selv enda husdyr.
[/1_sULRVxEl5U]
[1qDfgwSitUwe#0] Da hennes\/hans far døde så ble det forbudt.
[/1qDfgwSitUwe]
[1uRI6JNSW6j6#0] Skolen har vært den største delen av et prosjekt.
[/1uRI6JNSW6j6]
[2Gzgiib4ukbB#0] #Jeg har kjøtt for å koke.
[/2Gzgiib4ukbB]
[2Vt8nNH49gbm#0] #De møttes i lagmannsretten.
[/2Vt8nNH49gbm]
[2dVhANMA97tK#0] #Hva skal du gjøre når du slutter i jobben?
[/2dVhANMA97tK]
[2tfZGONor6x8#0] 32-årig fotballspiller drar tilbake igjen til Tromsø.
[/2tfZGONor6x8]
[2tsNUVe2zhB3#0] #Jeg har undervisning mellom to og fire.
[/2tsNUVe2zhB3]
[38kStrA5h0xz#0] §§ 1-1984.
[/38kStrA5h0xz]
[3IIBGHMxqoL5#0] Samiske områders #ulik språksituasjoner.
[/3IIBGHMxqoL5]
[3NGJIHu2MJmo#0] #Vi ventet at været bedres.
[/3NGJIHu2MJmo]
[3UlzOgCnNpfP#0] #Denne allianses mål er å gi.
[/3UlzOgCnNpfP]
[3gzGWmWeERAD#0] #Hva drikker #du?
[/3gzGWmWeERAD]
[3oIJwzwLhiq1#0] med #all slags steiner
[/3oIJwzwLhiq1]
[3qUtlSOn1OMt#0] mellom klokka 17.00 og 21.00
[/3qUtlSOn1OMt]
[3v8mC-aeJvI8#0] #Den skal #Anne #Henriette Hætta Reinås og #Marita #Kristin Eilertsen Tøsse fortelle til Sameland.
[/3v8mC-aeJvI8]
[3xEHfJwKFthQ#0] Slik at sengene hadde blitt tilsølt med urin og #ensom barns tårer.
[/3xEHfJwKFthQ]
[4FYMQDKCRer3#0] #Hun\/Han har ikke skrevet.
[/4FYMQDKCRer3]
[4LFfteswR6p0#0] Språkarbeidet i barnehagen krever #mye arbeid både fra ansatte og foreldrene.
[/4LFfteswR6p0]
[4PaEyDnPSq1u#0] hun\/han er så ikke i ferd med å skrive.
[/4PaEyDnPSq1u]
[4YHR4LrKoFUI#0] brev som #du har skrevet
[/4YHR4LrKoFUI]
[4cm5kxpxFPmV#0] Barna kikket på #seg selv i speilet.
[/4cm5kxpxFPmV]
[4tsK5uY8O4Cm#0] Statens vegvesen har nå skrevet en avtale om Hasviks snøryddingarbeider.
[/4tsK5uY8O4Cm]
[4uuTr1H9W7Xs#0] Hvordan var det så så for barn i #den leirene?
[/4uuTr1H9W7Xs]
[581gEJHXNsZE#0] Jeg gikk barneskolen i Máze høsten 1960 fra inntil sommeren 1966.
[/581gEJHXNsZE]
[5Kpra_fy2sMI#0] #Hun\/Han har så ikke skrevet.
[/5Kpra_fy2sMI]
[5ibkA1RiPVTp#0] Festivalen ble arrangert #sist året 1. juli.
[/5ibkA1RiPVTp]
[5lw5MRaU9oZe#0] på grunn av været
[/5lw5MRaU9oZe]
[6JGxXufAiVa4#0] Barnet ble bitt av hunden
[/6JGxXufAiVa4]
[6YpUMPWctzHW#0] kjærlighet og fattigdom og det #grunn.
[/6YpUMPWctzHW]
[6rEgbSD2EMQB#0] Velkommen.
[/6rEgbSD2EMQB]
[6z9AkXsCJkNc#0] mer utholdende
[/6z9AkXsCJkNc]
[6zGUz6vD6F74#0] Så hadde det vært for Larsen #mulig framføre nyttårstalen på samisk.
[/6zGUz6vD6F74]
[71Af1Va17V8w#0] #Samisk høgskole er av en #den høyskolen som fungerer fra høsten.
[/71Af1Va17V8w]
[72mmZIQzJXnc#0] Du kunne ikke komme.
[/72mmZIQzJXnc]
[7Cbp4X4cniSf#0] når #denne ikke er kommunal vei
[/7Cbp4X4cniSf]
[7E8tuzsUAJVV#0] #den
[/7E8tuzsUAJVV]
[7WBJTd67TtXc#0] #Jeg pleier ofte å fryse
[/7WBJTd67TtXc]
[7WnjqMJYqSfG#0] I #noe områdene er undervisning mest #viktig oppgaven.
[/7WnjqMJYqSfG]
[7XHW9JDWTl_K#0] Men #de fleste av #de forblir på nåværende lister.
[/7XHW9JDWTl_K]
[7cJvryNjmakD#0] språkrevitalisering
[/7cJvryNjmakD]
[7d1W7_FI-rUn#0] De #invitere gjestene kom.
[/7d1W7_FI-rUn]
[7h0scrrzr2CS#0] Derfor slutter Aslaksen som Wikipedia-sjef.
[/7h0scrrzr2CS]
[7hH8b3KbFsgn#0] FeFos styre skal bestemme den 24. #denne måneden #hva gjør de med saken.
[/7hH8b3KbFsgn]
[7uA8UkGFYQPL#0] #Hva er barnets navn?
[/7uA8UkGFYQPL]
[8PbpByExWSQa#0] Hun\/han hadde ikke skrevet.
[/8PbpByExWSQa]
[9Xi0Y-enQ_cA#0] #Han er en #flink gutt.
[/9Xi0Y-enQ_cA]
[9ZasDnx05jDX#0] Det var ei #ung jente som kjørte bilen, og #hun er nå blitt sendt til sykehuset.
[/9ZasDnx05jDX]
[9dhAZPN-z2in#0] #Vi drar til politistasjonen.
[/9dhAZPN-z2in]
[A2pYKBduUi4Q#0] Barna er alene hjemme.
[/A2pYKBduUi4Q]
[AEMTy_T2VIMR#0] Timen før midnatt er det kulturarrangement i Karasjoks slalåmbakke.
[/AEMTy_T2VIMR]
[AtqWFpFUyS-I#0] #Vibeke Larsen så #den som mistillitsuttalelse mot #seg.
[/AtqWFpFUyS-I]
[BCAHvQSZzEBv#0] Skolene samarbeider uten å bry seg om riksgrensene.
[/BCAHvQSZzEBv]
[BUD3_oheny-E#0] Regjeringene har nedvurdert #denne forslaget som ble framført for 11 år siden.
[/BUD3_oheny-E]
[Brqq5Lkm3rpi#0] så #tore jeg å ønske å komme meg 20 det mest #god blant.
[/Brqq5Lkm3rpi]
[C0aYrBkGgMsQ#0] Kunne du ikke komme?
[/C0aYrBkGgMsQ]
[CEO8GquOZxJ5#0] #litenavis
[/CEO8GquOZxJ5]
[CGxxpgwlPuoQ#0] #Den er #rar folk.
[/CGxxpgwlPuoQ]
[CSmhhlAiGl1_#0] det skinner
[/CSmhhlAiGl1_]
[CSqytBSesZNg#0] #Hvilken av de to er mer #viktig, rovdyr eller menneske?
[/CSqytBSesZNg]
[CdmcP77QyNjl#0] Myndighetene har godkjent #de anlegg slik som #den er nå.
[/CdmcP77QyNjl]
[Cpxhar0Pz6SV#0] dere to visste
[/Cpxhar0Pz6SV]
[Cqq7O_GpU1Fy#0] Tine Chris Mathisen har fått være med på reindriftsarbeider
[/Cqq7O_GpU1Fy]
[CqvJ7fqcK8WL#0] #Vi greier oss på egen hånd.
[/CqvJ7fqcK8WL]
[CrrvY6onsagY#0] #Máhtte kommer ikke.
[/CrrvY6onsagY]
[Csk0-Wwf_x-k#0] #Märtha #Louise fikk #den for 16 år siden.
[/Csk0-Wwf_x-k]
[D2XDa0_EH8Ub#0] #Vi bor også.
[/D2XDa0_EH8Ub]
[D4A86DDc9eW7#0] 110f f og §110a
[/D4A86DDc9eW7]
[DB3NiFYKvhyK#0] #jeg sa #den på samisk
[/DB3NiFYKvhyK]
[DgZrdA70evFT#0] #Jeg har sluttet å røyke.
[/DgZrdA70evFT]
[Dlsn1fM13zx6#0] etter #den ble samisk forbudt.
[/Dlsn1fM13zx6]
[EVQIt1GlRdkO#0] I Kautokeino var det #full krig mest #sist uke.
[/EVQIt1GlRdkO]
[EZyWS1Hp7O3O#0] snøsmelting
[/EZyWS1Hp7O3O]
[EloK9Q8SACDJ#0] #Anne Tornensis Hætta
[/EloK9Q8SACDJ]
[FFAYuJZpZY3g#0] #Ánne lager mat.
[/FFAYuJZpZY3g]
[FSuCmOMLaZ10#0] kopi av nordmannens skole
[/FSuCmOMLaZ10]
[FauY-LTMj1xG#0] #Jeg snakker om en #gul bil
[/FauY-LTMj1xG]
[FpOKvcJZRP4k#0] Reindriftssamen #Jovsset #Ánte #Sara møtte staten i lagmannsretten nylig.
[/FpOKvcJZRP4k]
[FxeSaxaF3yTw#0] Ser du barnet?
[/FxeSaxaF3yTw]
[GC3lUWfIWKvu#0] Hun\/han bodde i Tromsø som barn.
[/GC3lUWfIWKvu]
[GGYB7_RRv0Cy#0] Ellers går hun\/han med hunden tre ganger i uka.
[/GGYB7_RRv0Cy]
[GRmYad8i_BLg#0] #Jeg kom ennasjonal følelse.
[/GRmYad8i_BLg]
[Ge2G69Mytavp#0] Kniven hadde hun\/han lagd av stål og horn.
[/Ge2G69Mytavp]
[GmxCMyX7kT7N#0] fryse til
[/GmxCMyX7kT7N]
[H47IHFIuY8pW#0] Hvorfor ser #du på #jeg?
[/H47IHFIuY8pW]
[HEGFbL8BVvjY#0] #God kveld.
[/HEGFbL8BVvjY]
[HPYh1eXo_9dw#0] til offentlige tjenester
[/HPYh1eXo_9dw]
[HS5J_zRSf84_#0] Bordet ble flyttet til det #annen rommet.
[/HS5J_zRSf84_]
[H_tFbxvk0w98#0] på grunn av #vi
[/H_tFbxvk0w98]
[HhTSEzVzKwBk#0] Barnet sover.
[/HhTSEzVzKwBk]
[HlhqxiR_AN2V#0] Stryk #denne.
[/HlhqxiR_AN2V]
[Ht8MgRVMsB60#0] Kommer far i morgen?
[/Ht8MgRVMsB60]
[HwRC7z5hB_0x#0] #Jeg arbeidet som #de medarbeider.
[/HwRC7z5hB_0x]
[IL9srmTZ6i5I#0] og så ville jeg komme meg blant 20 det mest #god.
[/IL9srmTZ6i5I]
[IOmXVIK8B-fB#0] Til #den er det sikkert #mange forklaringer.
[/IOmXVIK8B-fB]
[Ikn_M40snmqq#0] Da #Per Mathisen kom hit nordover så hadde #han allerede lært samisk.
[/Ikn_M40snmqq]
[Jbt4hG7v0FnN#0] kommer du nå?
[/Jbt4hG7v0FnN]
[JdpAop1aMiwc#0] #Hun er ei #flink jente.
[/JdpAop1aMiwc]
[K5QaW47xL82W#0] hun\/han er så ikke i ferd med å skrive.
[/K5QaW47xL82W]
[KHBxZWuIv2KF#0] #Jeg hørte at bestefar ikke kjente #den småfuglen.
[/KHBxZWuIv2KF]
[KP2ujerjHW6v#0] 50 %
[/KP2ujerjHW6v]
[KPLG7wSaUC8M#0] #Den skjer i slutten av juli.
[/KPLG7wSaUC8M]
[K_9Ht82s_-iK#0] #Den er både #bra og #dårlig.
[/K_9Ht82s_-iK]
[KeXxc12EgVeM#0] Drikker du ikke kaffe?
[/KeXxc12EgVeM]
[Kn9MSWiGM-Tk#0] Her vises det til regler.
[/Kn9MSWiGM-Tk]
[Kykm8_tSarYD#0] Det er enda mer #viktig å samarbeide godt.
[/Kykm8_tSarYD]
[KzbB7eUPpcPZ#0] Ellers går hun\/han med hunden tre ganger om dagen.
[/KzbB7eUPpcPZ]
[L4DjPm8Q_XEc#0] ingen av dem er #bra.
[/L4DjPm8Q_XEc]
[L6X0gXfzy6Gn#0] Der borte bodde #hun\/han uka.
[/L6X0gXfzy6Gn]
[L8IGcnBCEZhv#0] Jeg så ikke henne\/han på ti år.
[/L8IGcnBCEZhv]
[LRLEip0e7lbl#0] #Jeg tok bilen.
[/LRLEip0e7lbl]
[LkUKTUr1y41L#0] #Jeg bad om hjelp.
[/LkUKTUr1y41L]
[M3wuk8sEd6oQ#0] #Den berører #de som ikke har lærere.
[/M3wuk8sEd6oQ]
[MMrQ5TZNINar#0] Prinsesse #Märtha og #annen
[/MMrQ5TZNINar]
[NBlz2d9IDsKi#0] #Vi ønsker #hun\/han velkommen, rektor #Gunvor Guttorm sier.
[/NBlz2d9IDsKi]
[NHm7r6QqhAAk#0] Ta tingene med #du.
[/NHm7r6QqhAAk]
[NN5aZSvuTcka#0] «*Prosject» feirer fem årene.
[/NN5aZSvuTcka]
[NN8bEy129TeS#0] til fjernundervisning
[/NN8bEy129TeS]
[N_H-gauiwoRs#0] De prøvde å trøste #vi.
[/N_H-gauiwoRs]
[O2u_4R2cWc0X#0] Heller ikke #jeg kan tale på russisk.
[/O2u_4R2cWc0X]
[OMuR7cYd98se#0] Men minst en gang er skolen blitt brukt til #den at vi retter på #vilter ungdommer istedenfor #den når sende #de til skolehjemmet.
[/OMuR7cYd98se]
[OnWzNYbSqD7-#0] #du må først la hunden drikke.
[/OnWzNYbSqD7-]
[OwEyYbCA9qYt#0] #Ot.prp. #nr. *41 1949 og #Ot.prp. #nr. *9 1951. Og
[/OwEyYbCA9qYt]
[Ox_MLqVZbBBS#0] #Vi behøver samiskspråklig ansatt.
[/Ox_MLqVZbBBS]
[P2kzPOm9lZVf#0] #vi mest #ung folk
[/P2kzPOm9lZVf]
[P7gZKFLvNXhG#0] De oppdaget hva som er i ferd med å skje.
[/P7gZKFLvNXhG]
[PDY-fblp4PeR#0] Men til barnebarnet skal jeg la sy kofte.
[/PDY-fblp4PeR]
[PDhdMSXSRZZI#0] Språket var mest #stor problemet.
[/PDhdMSXSRZZI]
[PUUX-hT-EQrM#0] jeg kjøper ikke #noe.
[/PUUX-hT-EQrM]
[PXlerwK_2QhY#0] Det var en #viktig forskjell.
[/PXlerwK_2QhY]
[PmOpiQNAiKyn#0] #Den er #jeg #egen skyld.
[/PmOpiQNAiKyn]
[QCOvlm2z3QSV#0] Det er så langt borte at barna ikke lenger når frem til reinen.
[/QCOvlm2z3QSV]
[QkZtvjzliaqo#0] #Vi skal sette kameraet på lederreinen.
[/QkZtvjzliaqo]
[QtUeuIcMULft#0] Takk for gaven.
[/QtUeuIcMULft]
[RDJTEv4n_CWE#0] på grunn av #denne
[/RDJTEv4n_CWE]
[RUnyjFnjY1Ug#0] Det er så langt borte at barna ikke når frem til reinen der borte.
[/RUnyjFnjY1Ug]
[RV_2-0B1tLu6#0] Her er det sider som kan tolkes på to måter.
[/RV_2-0B1tLu6]
[RaH5GsgygvAC#0] ingenting om allmenningen.
[/RaH5GsgygvAC]
[Rt7MIzbY69pQ#0] Men #jeg bor i Karasjok.
[/Rt7MIzbY69pQ]
[SCxFH5gbKsIw#0] kanskje skal #jeg snakke bare på samisk i #denne kanalen.
[/SCxFH5gbKsIw]
[SRctdJ9pVo_Z#0] #Jeg snakker om været
[/SRctdJ9pVo_Z]
[SXT1hGCq4xjU#0] #Den er #jeg bord.
[/SXT1hGCq4xjU]
[SZ6aeRNg2Ouh#0] på grunn av #den
[/SZ6aeRNg2Ouh]
[Sm11dYbRWuA8#0] Hun\/han er fra Island
[/Sm11dYbRWuA8]
[Sso-jKkCaZLW#0] #Denne møtene holdes tre ganger i uka.
[/Sso-jKkCaZLW]
[TDAFpt5yamNL#0] #Jeg har en bil.
[/TDAFpt5yamNL]
[TLxG25naavuu#0] #Hun\/Han er taxisjåfør i Oslo.
[/TLxG25naavuu]
[TONEAq5etP4-#0] hun\/han begynner ikke å lese.
[/TONEAq5etP4-]
[TsfRVZGh-m6m#0] Dere to må begynne å tro på #slik spøkelseshistorier
[/TsfRVZGh-m6m]
[U97rzRhXIvYf#0] hvor lenge var #du der borte?
[/U97rzRhXIvYf]
[UB3u_u8ADkTU#0] Ministeren kom,lovde og gikk igjen.
[/UB3u_u8ADkTU]
[UL8UW9AhI3aa#0] #Jeg lærte å skrive samisk, #min morsmålet.
[/UL8UW9AhI3aa]
[UNugGW1jS4Q-#0] #Jeg så #den som mistillit mot #jeg.
[/UNugGW1jS4Q-]
[UQYgh2nG5-aI#0] Kunne du ikke hjelpe #jeg?
[/UQYgh2nG5-aI]
[UeuRkS9cvRX5#0] #Vi #kjær #Ánne fyller hun\/han 10 år 10. oktober.
[/UeuRkS9cvRX5]
[UgIirDVITxyD#0] Er det far som kommer i morgen?
[/UgIirDVITxyD]
[UkK1-wuXuLiF#0] Men sametingspresidenten derimot vil ikke språksenterlederen kritisere fordi at presidenten ikke snakket samisk i nyttårstalen.
[/UkK1-wuXuLiF]
[Uo9iKGqH8jvy#0] Som ungdom bodde hun\/han i Tromsø.
[/Uo9iKGqH8jvy]
[V-29PC8-pZdd#0] De første instruksene
[/V-29PC8-pZdd]
[V449lbKLhy7o#0] Samtidig er #Arbeiderpartiet for #de det eneste partiet som har en sosialdemokratisk ideologi.
[/V449lbKLhy7o]
[VE7Q_F8ftKST#0] Jeg trodde at kulturkompetansen er et argument.
[/VE7Q_F8ftKST]
[VEsSeJn4wn20#0] #Tre fire
[/VEsSeJn4wn20]
[VLD-qMM29NPM#0] Ellers går hun\/han med hunden tre timer i uka.
[/VLD-qMM29NPM]
[VVLQ5k37MAFe#0] etter #Christina Henriksens oppfatning er språkdebattens retorikk #slik som splitter.
[/VVLQ5k37MAFe]
[VWMknZusZbFR#0] På møtet skal det lages en #ny plan.
[/VWMknZusZbFR]
[VkBgRIZSho-L#0] i #du nattbordskuff?
[/VkBgRIZSho-L]
[Vr600sakZMV1#0] #Tine er fra Norge
[/Vr600sakZMV1]
[VtpN4pkhCeSO#0] #Máhtte har så ikke skrevet.
[/VtpN4pkhCeSO]
[W466ogfkQVPE#0] #Máhtte lager mat.
[/W466ogfkQVPE]
[WXrwDsJF-NW2#0] Takk for gaven.
[/WXrwDsJF-NW2]
[WgHHd01qK-Cl#0] #Vi er nå kommunens mest #stor barnehage.
[/WgHHd01qK-Cl]
[X1VScpfltk3s#0] #Flink samisk pedagogisk ansatt arbeider i barnehagen.
[/X1VScpfltk3s]
[X5J2v_pAqgW0#0] Boka koster to kronene.
[/X5J2v_pAqgW0]
[XBi0R64U_ZAl#0] hun\/han er ikke i ferd med å skrive.
[/XBi0R64U_ZAl]
[XGn2-ziBT9hu#0] 19 #Jovsset
[/XGn2-ziBT9hu]
[XLYPvGkG5_ER#0] ordfører i Kautokeino kommune
[/XLYPvGkG5_ER]
[XYckESRQ2lIG#0] #Jeg stoler på #du
[/XYckESRQ2lIG]
[Xz9OygUnVBR6#0] I Kautokeino er det høyskole.
[/Xz9OygUnVBR6]
[Y-xtmLIjY-bx#0] som ungdom har hun\/han lært det
[/Y-xtmLIjY-bx]
[YYnVOM7XugSi#0] Programmene kaller vi #sakteTV.
[/YYnVOM7XugSi]
[Z3R6BXBpz8OZ#0] Samisk pedagogisk ansatt arbeider der borte.
[/Z3R6BXBpz8OZ]
[Z4FD8HIyhsKB#0] Slik har det ikke skjedd på 567 årene.
[/Z4FD8HIyhsKB]
[Z6SIOVndyTyQ#0] Hun\/han er fra Norge
[/Z6SIOVndyTyQ]
[ZYZ0DHIJvVxG#0] at Norge ikke kunne greie seg mot en flegmatisk krigsmakt.
[/ZYZ0DHIJvVxG]
[_2tlU3RYE0hd#0] #Jeg tenkte med #seg selv.
[/_2tlU3RYE0hd]
[_BHiDLmWYWVe#0] #Denne betyr selvfølgelig mye for #den personen som har vunnet.
[/_BHiDLmWYWVe]
[_M60_MzkThaJ#0] fjerntliggende
[/_M60_MzkThaJ]
[_NaPBKXHSPha#0] landskaps- og naturbegrepene
[/_NaPBKXHSPha]
[_Sa7GmZX9dXK#0] 1,1 + 2.13 1,- 10,99
[/_Sa7GmZX9dXK]
[_XzHvqjYJx6Z#0] Det viste seg at det kom røyk ut fra skolen.
[/_XzHvqjYJx6Z]
[_b9VNEl9VRGA#0] Hun\/han er på Island
[/_b9VNEl9VRGA]
[_lS0M5c4BK6k#0] når du ikke kunne komme.
[/_lS0M5c4BK6k]
[_uGnZ4j6EFWg#0] Ansvaret var blitt satt på kirka, og det var en prest som gjennomførte #den.
[/_uGnZ4j6EFWg]
[_x9qtLj_ENkd#0] Hun\/han kan være med å styrke reindriftas overlevelse i et sårbart område.
[/_x9qtLj_ENkd]
[aD0ym2XuLvXO#0] 5-åringer tannhelsen er ikke  avhengig av barna.
[/aD0ym2XuLvXO]
[aGtsv-sO06Ve#0] I Sverige og Norge
[/aGtsv-sO06Ve]
[aK5f8u80dJkh#0] III er i ferd med å skrive.
[/aK5f8u80dJkh]
[acKui6OBm1JX#0] #hun\/han #sin
[/acKui6OBm1JX]
[ajYAQECWOK6l#0] #Jeg må rydde #min rommet.
[/ajYAQECWOK6l]
[akyaxMb7l7Cm#0] #Samisk høgskole er av en #den høyskolen.
[/akyaxMb7l7Cm]
[amT3nvd1Ju_j#0] Hendelsen berører selvfølgelig #den journalistiske arbeidet.
[/amT3nvd1Ju_j]
[an1vXWo4VF7U#0] jeg begynte å lese
[/an1vXWo4VF7U]
[auBlDCJXuA6C#0] Sammenlign med #annen språk.
[/auBlDCJXuA6C]
[awH9fU-V8Gsb#0] Er  det #sann?
[/awH9fU-V8Gsb]
[bGL8y9p1XojY#0] #Jeg gikk ut for å røyke.
[/bGL8y9p1XojY]
[bHHls7MleFPJ#0] hvert
[/bHHls7MleFPJ]
[bJWwVrX8Z6ah#0] To kronene har kommet.
[/bJWwVrX8Z6ah]
[bSl4yqYBg-vI#0] #God dag.
[/bSl4yqYBg-vI]
[bldWwLO2GqYW#0] Tallene har blitt mer #stor år for år.
[/bldWwLO2GqYW]
[cTrwGlCtz2jf#0] Samiske barn behøver støtte for å bevare og utvikle #sin språket.
[/cTrwGlCtz2jf]
[ceFeg7inobkw#0] Nå må #dere bli #ferdig.
[/ceFeg7inobkw]
[dNexEQxcrlM9#0] #Hun\/Han kommer kanskje hjem.
[/dNexEQxcrlM9]
[dNtA9LGekkN8#0] #Märtha #Louise fikk #den 16 årene siden.
[/dNtA9LGekkN8]
[deY8KHpJxTVT#0] #Máhtte fortalte at bestefar kommer.
[/deY8KHpJxTVT]
[do1YkORc-2a2#0] Så skal man svømme med #den mennesket.
[/do1YkORc-2a2]
[duKmSwN400hX#0] Hvis jeg ikke hadde vært #jeg #selv.
[/duKmSwN400hX]
[dwVbYnlf4T7P#0] Da Kong #Olav ble #syk våren 1990.
[/dwVbYnlf4T7P]
[e4Ga53L14gvn#0] kanskje skal #jeg snakke bare på samisk.
[/e4Ga53L14gvn]
[eCnwdtIcCDtG#0] #Vi savner kunst- og kulturelementet i *Hjertespråket utredninga.
[/eCnwdtIcCDtG]
[eD1C3rWVNmmC#0] Gid #jeg der borte eller #hun\/han her.
[/eD1C3rWVNmmC]
[eWQR1rLY2-5i#0] #Vi ble narret av #de
[/eWQR1rLY2-5i]
[ea4r6edxwNCR#0] Slik tror #jeg også.
[/ea4r6edxwNCR]
[edlK42g7HRH_#0] Ingen av #de vil kommentere saken i avisa.
[/edlK42g7HRH_]
[elgJNuCXDjSx#0] Hun\/han har arbeidet som journalist fra 1983.
[/elgJNuCXDjSx]
[f5uo_C2ADILN#0] #Jeg blir #sint på #du
[/f5uo_C2ADILN]
[fWDeqN-SC4Mh#0] Bare i Hammerfest er det ikke gått ned siden i fjor/ifjor/fjor.
[/fWDeqN-SC4Mh]
[fbAiUySuE2ix#0] #Máhtte sa at #de reiser nå allerede.
[/fbAiUySuE2ix]
[fbD8oXlaicAh#0] #Vi må tenne på bålet.
[/fbD8oXlaicAh]
[fexZ9WSoiS8G#0] ingenting er #bra.
[/fexZ9WSoiS8G]
[fxCDN8Gpn2NM#0] #Hun\/Han vasket seg.
[/fxCDN8Gpn2NM]
[gLiLWKJFjpYS#0] Avisen publiseres helt til lørdag.
[/gLiLWKJFjpYS]
[ge8W90zH5eSv#0] Etter at Kunnskapsløftet begynte å fungere, så har #denne tilskudd forsvunnet.
[/ge8W90zH5eSv]
[go3AerZbHggq#0] #Máhtte fortalte at bestefar kommer.
[/go3AerZbHggq]
[gqIGc8XqyW3Q#0] Sametingspresidenten Larsen snakker igjen.
[/gqIGc8XqyW3Q]
[gvlZmzZoVA9y#0] Det er så langt borte at barna ikke når frem til reinen.
[/gvlZmzZoVA9y]
[gxhxTeJeu0__#0] til #jeg #stor besvær
[/gxhxTeJeu0__]
[hHShlqfnaLiV#0] Rypejakta minket med halvparten.
[/hHShlqfnaLiV]
[hMNYHe8NLfWs#0] Fant du #noe?
[/hMNYHe8NLfWs]
[hNCwi8B-0Teg#0] #Sametinget ser at det kan bli utfordrende for #noe kommuner i Norge å betjene #sin samiskspråklige folket på samisk.
[/hNCwi8B-0Teg]
[hkVL5o0Z_mk4#0] #Jeg reiser fra Norge.
[/hkVL5o0Z_mk4]
[iDPIk6ptT-wP#0] jeg syr
[/iDPIk6ptT-wP]
[iJ09gNZ01_5u#0] #Trefire
[/iJ09gNZ01_5u]
[iKEAoNeiNwk1#0] #Máhtte har kommet.
[/iKEAoNeiNwk1]
[ifECDkBSjLKN#0] hadde #de ansvar for
[/ifECDkBSjLKN]
[ijs8Op5Ro21v#0] #Dere tar bare #deres² tingene med.
[/ijs8Op5Ro21v]
[io8-COmRP_oF#0] Til lederarbeidet går det #mye tid.
[/io8-COmRP_oF]
[iyHv2_1AhnFi#0] hvor lenge var #du der borte?
[/iyHv2_1AhnFi]
[jBcUvObQxTRZ#0] Lærerne hadde kunnet behandle saken bedre.
[/jBcUvObQxTRZ]
[jIXA9C0ojadX#0] #Jeg har blitt #vant å røyke.
[/jIXA9C0ojadX]
[jMlZOpRbtJ4t#0] på #113nødnummeret
[/jMlZOpRbtJ4t]
[jm_APtGKbrsl#0] 22 #år gammel #Tine #Chris Mathisen flyttet helt alene sørfra til Sameland.
[/jm_APtGKbrsl]
[jqEI7efnm5wj#0] De #ny vitners forklaringer styrker de to mennenes sak.
[/jqEI7efnm5wj]
[jrKFBxh62RLO#0] Esther begynte å snakke om slektningen, og slik ble jeg også kjent med henne, forklarer Skoglund.
[/jrKFBxh62RLO]
[jv6A9MDihzlG#0] Nå må man igangsette forsoningsprosessen.
[/jv6A9MDihzlG]
[kBcfZXGKYE2B#0] Bestemor så #seg selv i speilet.
[/kBcfZXGKYE2B]
[kHV7CuJfgBO5#0] #Máhtte betaler to kronene.
[/kHV7CuJfgBO5]
[kJkB0_j3maPU#0] Mor fortalte hvor #viktig #den var at...
[/kJkB0_j3maPU]
[kUf5vL6otk1Z#0] 50,0 %
[/kUf5vL6otk1Z]
[kcVMJr9yaWnE#0] jeg kunne spørre
[/kcVMJr9yaWnE]
[kejdBu7W47Pm#0] #Eilif #Andreas Aslaksen (53) har vokst opp i Tana.
[/kejdBu7W47Pm]
[l0wxcs_UrRDp#0] mest #Stor hendelsen som noensinne har vært.
[/l0wxcs_UrRDp]
[l5Rf05xi6Epu#0] 50 %
[/l5Rf05xi6Epu]
[l8tnDry74bEI#0] Kronprinsesse #Märtha og #vi er
[/l8tnDry74bEI]
[lDCF0fEE5EXv#0] Til Øst-Finnmark er *Ukjendord OS i ferd med å finne på å bygge to vindmølleparker
[/lDCF0fEE5EXv]
[lLYD2AANctWW#0] spør
[/lLYD2AANctWW]
[lOQ6ocJuabb6#0] Nå får du se Vårflyttinga minutt for minutt.
[/lOQ6ocJuabb6]
[lkxKpBS5VaLK#0] jeg visste
[/lkxKpBS5VaLK]
[lp69Qk_y2Zi-#0] Tida mellom folkeskole og lærerseminar.
[/lp69Qk_y2Zi-]
[lpZvFZSZDClJ#0] Lytter #du?
[/lpZvFZSZDClJ]
[ltpTkF1vsrfr#0] 7. september1854
[/ltpTkF1vsrfr]
[mF2ZiR2gWf3s#0] #vi
[/mF2ZiR2gWf3s]
[mZJUVHWjWfHv#0] Det hadde vært #naturlig å granske #denne.
[/mZJUVHWjWfHv]
[mhLQ06PKOypA#0] #Máhtte stemmer nok ikke på #Arbeiderpartiet der borte.
[/mhLQ06PKOypA]
[mxG5i7unLJJv#0] Selv om det er #noe forskjeller, så kan man sammenligne #de skikker med #vi skikker.
[/mxG5i7unLJJv]
[nAP-wch8wDgO#0] #Jeg har #Ánde som medarbeider.
[/nAP-wch8wDgO]
[nYKe0tVAdC7B#0] Samisk kjøkkenansatt arbeider i barnehagen.
[/nYKe0tVAdC7B]
[neKK7IkGonKe#0] Hilsningene er på samisk.
[/neKK7IkGonKe]
[nfLu1BLXnS9C#0] Hun\/han er i Norge
[/nfLu1BLXnS9C]
[oc_GcykyA17O#0] I Norge har det fra 2005 vært en avtale om konsultasjoner statens myndigheters og #Sametinget mellom.
[/oc_GcykyA17O]
[onQnv8s83Il3#0] #Jeg er i butikken.
[/onQnv8s83Il3]
[otFyZHXp6__-#0] Hun\/han var ikke i ferd med å skrive.
[/otFyZHXp6__-]
[p994HfCBG01J#0] #Sametinget ser at det kan bli utfordrende.
[/p994HfCBG01J]
[pENLlTf46nt_#0] Vigjør barnet oppmerksom på.
[/pENLlTf46nt_]
[pPTaaQ2N_5b3#0] Det er #fredelig og samtidig kan hva som helst skje.
[/pPTaaQ2N_5b3]
[pZpc3ZH7dmAs#0] Hun\/han anser samisk tradisjon som verdifull.
[/pZpc3ZH7dmAs]
[qDm97HuoF9_c#0] Verden har forandret seg siden #hun\/han sang #denne melodien.
[/qDm97HuoF9_c]
[qNX2L-KVoKYN#0] Da jeg hørte samisk på #denne reisa
[/qNX2L-KVoKYN]
[qd3UMnVj1gwO#0] Jeg tror at #denne har påvirket mer positivt #de identitetsutvikling.
[/qd3UMnVj1gwO]
[qsuxFofYqUPb#0] Etter min oppfatning er lærlingeordning #viktig.
[/qsuxFofYqUPb]
[rbBca6UsyWin#0] på grunn av #dårlig vær
[/rbBca6UsyWin]
[ruBbgLMrVPQf#0] vi visste
[/ruBbgLMrVPQf]
[sD70zgpuC3um#0] #Máhtte blir igjen på stranda.
[/sD70zgpuC3um]
[sF4kR2Kx5HK-#0] 1,1
[/sF4kR2Kx5HK-]
[sJM3oOML3sxM#0] det regner
[/sJM3oOML3sxM]
[sQMLsqfi8c43#0] Vi var så avsides at vi ikke behøvde å evakuere høsten 1944 og vi bodde der borte #hel tida.
[/sQMLsqfi8c43]
[sQZrPvan5HiC#0] #Vi mister mange #mulig samisklærere.
[/sQZrPvan5HiC]
[svwsWSweoM5W#0] Skolene og undervisningsstedene er mest #viktig stedene.
[/svwsWSweoM5W]
[szUW-9M7_A_P#0] #Vi er folkets framtid avhengig av regjeringa.
[/szUW-9M7_A_P]
[tD3TUduww6y2#0] Hun\/han har ikke kommet.
[/tD3TUduww6y2]
[tLhAZMyaUpNv#0] Tekster som ungdommene har skrevet på samisk.
[/tLhAZMyaUpNv]
[tV4MSQl5haEA#0] #Hun navn er #Máret.
[/tV4MSQl5haEA]
[tlCXdPfDryBq#0] Barna har kommet til skolen.
[/tlCXdPfDryBq]
[tsY0GDMjtMni#0] hun\/han er ikke i ferd med å skrive.
[/tsY0GDMjtMni]
[tsc_9BPq-Z-g#0] er det #Baldur som har kommet?
[/tsc_9BPq-Z-g]
[tymxnrVyth9e#0] jeg begynte å spise
[/tymxnrVyth9e]
[u39tmVSj6Iid#0] «*Prosject z» feirer fem årene.
[/u39tmVSj6Iid]
[uepE5Ju82hmC#0] Kommunen var positiv nettopp så langt som loven pliktet.
[/uepE5Ju82hmC]
[ugN5AJgcyY7i#0] Hun\/han vet ikke enda hvor hun\/han skal arbeide.
[/ugN5AJgcyY7i]
[uohUYxK_2ELB#0] landets #annen nordsamiske navn
[/uohUYxK_2ELB]
[v4b_bXs3PTW5#0] de to artistene #Amund Johnskareng og #Per #Tor #Turi synger og spiller.
[/v4b_bXs3PTW5]
[v8cJjiSDssmD#0] kringkastingskaffe
[/v8cJjiSDssmD]
[v9jPa_DeY2Fz#0] #Hun\/Han var da omtrent 60-åring.
[/v9jPa_DeY2Fz]
[vOcnFQFP4JAm#0] Mange år har hun\/han vært blant de beste.
[/vOcnFQFP4JAm]
[vyjpdgzKNr6e#0] #Den skal #Anne fortelle til Sameland.
[/vyjpdgzKNr6e]
[w4uK8N_9ooy_#0] å reise er #morsom.
[/w4uK8N_9ooy_]
[w9FlBLEei0Gw#0] Men sametingspresidenten vil ikke språksenterlederen kritisere.
[/w9FlBLEei0Gw]
[wQWdU-kWpjfI#0] 1300-tallet
[/wQWdU-kWpjfI]
[w_opNwrZrk6d#0] Ellers går hun\/han med hunden tre timer om dagen.
[/w_opNwrZrk6d]
[wc8a94zSLEpy#0] #De arbeid var det.
[/wc8a94zSLEpy]
[wtWdwuYlwrbG#0] Etter hvert ble samisk forbudt.
[/wtWdwuYlwrbG]
[wxgml3Dc57jm#0] #Máhtte har ikke kommet
[/wxgml3Dc57jm]
[x3XeQQxbdpH_#0] vi kunne spørre
[/x3XeQQxbdpH_]
[x9JN9mI9wzTl#0] #Märtha og #annen
[/x9JN9mI9wzTl]
[xGvg9voQD6A2#0] Vi har samles for å debattere saken.
[/xGvg9voQD6A2]
[xUfexR2JKhG0#0] På møtet skal det lages en plan.
[/xUfexR2JKhG0]
[x_-naClxr0ej#0] #Vi tar bare #vår tingene med.
[/x_-naClxr0ej]
[xcQCO9-nbuWy#0] Hun\/han ryddet sitt rom.
[/xcQCO9-nbuWy]
[xdf9ZxodlyaP#0] Da #Tine Mathisen kom hit nordover så hadde #hun allerede lært samisk.
[/xdf9ZxodlyaP]
[xiwOn1FoSNkz#0] #Jeg skal regne ut #hvor mange #vi er #denne gang.
[/xiwOn1FoSNkz]
[xxmJaBHvyM7f#0] I går fikk kautokeinoværing over 1,3 millioner kroner.
[/xxmJaBHvyM7f]
[yEZ8FmhkaKjk#0] #Máhtte er i ferd med å skrive.
[/yEZ8FmhkaKjk]
[yYHTAIlliYRJ#0] #De har latt oversette heftet til samisk.
[/yYHTAIlliYRJ]
[yarTR8aqq33j#0] For #jeg ble #den bare styrket.
[/yarTR8aqq33j]
[ymUCBE_SvkVG#0] Sames barnehage menes det #den barnehage som har via bestemmelsene grunnlagt barnehagedriften på samisk språk og kultur.
[/ymUCBE_SvkVG]
[zJwnEiFUSQIq#0] som ungdom har hun\/han allerede lært det
[/zJwnEiFUSQIq]
[zsjz3evLEk84#0] Redaktør fra oktober 2015 er #Eilif #Andreas Aslaksen.
[/zsjz3evLEk84]
[zud6qPf69ixv#0] #Den er #all som #jeg har.
[/zud6qPf69ixv]
[zxxTH3VxDqBe#0] Festivalen arrangeres #denne året 1. juli, slik som vanligvis i Bieskkenjárga i Karasjok.
[/zxxTH3VxDqBe]
