[EMCu_DcTpZdh#0] ^Jeg<prn><pers><p1><mf><sg><nom>$ ^se<vblex><pres>$ ^stor<adj><sint><pst><un><pl><ind>$ ^bok<n><f><pl><ind>$ ^bak<pr>$ ^hus<n><nt><sg><def>$^.<sent><clb>$
[/EMCu_DcTpZdh]
[N3EmyGF0tV8b#0] ^Jeg<prn><pers><p1><mf><sg><nom>$ ^se<vblex><pres>$ ^en<det><qnt><f><sg>$ ^stor<adj><sint><pst><mf><sg><ind>$ ^bok<n><f><sg><ind>$^.<sent><clb>$
[/N3EmyGF0tV8b]
[NkR6dWcTJVxY#0] ^Jeg<prn><pers><p1><mf><sg><nom>$ ^se<vblex><pres>$ ^stor<adj><sint><pst><un><pl><ind>$ ^bok<n><f><pl><ind>$ ^bak<pr>$ ^den<det><dem><nt><sg>$ ^r√∏d<adj><sint><pst><un><sp><def>$ ^hus<n><nt><sg><def>$^.<sent><clb>$
[/NkR6dWcTJVxY]
[e3n2HcJxdzsd#0] ^Jeg<prn><pers><p1><mf><sg><nom>$ ^se<vblex><pres>$ ^stor<adj><sint><pst><un><pl><ind>$ ^bok<n><f><pl><ind>$^.<sent><clb>$
[/e3n2HcJxdzsd]
[eMYV9l1YcpOW#0] ^Jeg<prn><pers><p1><mf><sg><nom>$ ^se<vblex><pres>$ ^en<det><qnt><f><sg>$ ^bok<n><f><sg><ind>$
[/eMYV9l1YcpOW]
[lmHmpXXI2PDn#0] ^Jeg<prn><pers><p1><mf><sg><nom>$ ^se<vblex><pres>$ ^en<det><qnt><f><sg>$ ^stor<adj><sint><pst><mf><sg><ind>$ ^bok<n><f><sg><ind>$^.<sent><clb>$
[/lmHmpXXI2PDn]
