[10vuJA_wv6Z4#0] ^Gonagas<n><sem_hum><sg><nom><@→N>/Kong<n><m><sem_hum><sg><nom><@→N>$ ^Harald<np><ant><m><sg><nom><@HNOUN>/Harald<np><ant><m><sg><nom><@HNOUN>$
[/10vuJA_wv6Z4]
[5lw5MRaU9oZe#0] ^dálki<n><sem_wthr><sg><gen><@→P>/vær<n><nt><sg><CD><gen><@→P>$ ^geažil<post><@ADVL>/på grunn av<pr><@ADVL>$
[/5lw5MRaU9oZe]
[7cJvryNjmakD#0] ^giellarevitaliseren<n><sem_act><sg><nom><@HNOUN>/språkrevitalisering<n><m><unc><sem_act><sg><nom><@HNOUN>$
[/7cJvryNjmakD]
[A2pYKBduUi4Q#0] ^Mánná<n><sem_hum><pl><nom><@SUBJ→>/Barn<n><nt><sem_hum><pl><nom><@SUBJ→>$ ^leat<vblex><iv><indic><pres><p3><pl><@+FMAINV>/være<vblex><agreem-pro><pres><p3><pl><@+FMAINV>$ ^iehčanassii<adv><@←ADVL-ine>/alene<adv><@←ADVL-ine>/på egen hånd<adv><@←ADVL-ine>$ ^ruovttus<adv><@←ADVL-ine>/hjemme<adv><@←ADVL-ine>$^.<sent>/.<sent><clb>$
[/A2pYKBduUi4Q]
[EZyWS1Hp7O3O#0] ^muohtasuddan<n><sem_act><sg><gen><@X>/snøsmelting<n><m><unc><sem_act><sg><gen><@X>$
[/EZyWS1Hp7O3O]
[EloK9Q8SACDJ#0] ^Anne<np><ant><f><attr><@→N>/Anne<np><ant><f><attr><@→N>$ ^Tornensis<np><cog><attr><@→N>/Tornensis<np><cog><attr><@→N>$ ^Hætta<np><cog><sg><nom><@HNOUN>/Hætta<np><cog><sg><nom><@HNOUN>$
[/EloK9Q8SACDJ]
[FFAYuJZpZY3g#0] ^Ánne<np><ant><f><sg><nom><@SUBJ→>/Ánne<np><ant><f><sg><nom><@SUBJ→>$ ^ráhkadit<vblex><tv><indic><pres><p3><sg><@+FMAINV>/lage<vblex><pers-pro><pres><p3><sg><@+FMAINV>$ ^biebmu<n><sem_event_food><sg><acc><@←OBJ>/mat<n><m><sg><CD><acc><@←OBJ>$^.<sent>/.<sent><clb>$
[/FFAYuJZpZY3g]
[GmxCMyX7kT7N#0] ^galbmit<vblex><iv><inf><@-FMAINV>/fryse# til<vblex><incongr-pro><inf><@-FMAINV>$
[/GmxCMyX7kT7N]
[HhTSEzVzKwBk#0] ^Mánná<n><sem_hum><sg><nom><@SUBJ→>/Barn<n><nt><sem_hum><sg><nom><@SUBJ→>$ ^oađđit<vblex><iv><indic><pres><p3><sg><@+FMAINV>/sove<vblex><pers-pro><pres><p3><sg><@+FMAINV>$^.<sent>/.<sent><clb>$
[/HhTSEzVzKwBk]
[Ht8MgRVMsB60#0] ^Boahtit<vblex><iv><indic><pres><p3><sg><qst><@+FMAINV>/Komme<vblex><pers-pro><pres><p3><sg><qst><@+FMAINV>$ ^áhčči<n><sem_hum><sg><nom><@←SUBJ>/far<n><m><sem_hum><sg><nom><@←SUBJ>$ ^ihttin<adv><@←ADVL-ela>/i morgen<adv><@←ADVL-ela>$^?<sent>/?<sent><clb>$
[/Ht8MgRVMsB60]
[NN8bEy129TeS#0] ^gáiddusoahpahus<n><sem_edu><sg><ill><@←ADVL>/fjernundervisning<n><m><unc><sem_edu><sg><ill><@←ADVL>$
[/NN8bEy129TeS]
[QtUeuIcMULft#0] ^Giitu<n><sem_prod-cogn><sg><nom><@HNOUN>/Takk<n><m><sg><CD><nom><@HNOUN>$ ^skeaŋka<n><sem_obj><sg><gen><@→P>/gave<n><m><maydetind><sem_obj><sg><gen><@→P>$ ^ovddas<post><@ADVL>/for<pr><@ADVL>$^.<sent>/.<sent><clb>$
[/QtUeuIcMULft]
[UgIirDVITxyD#0] ^Áhčči<n><sem_hum><sg><nom><qst><@SUBJ→>/Far<n><m><sem_hum><sg><nom><qst><@SUBJ→>$ ^boahtit<vblex><iv><indic><pres><p3><sg><@+FMAINV>/komme<vblex><pers-pro><pres><p3><sg><@+FMAINV>$ ^ihttin<adv><@←ADVL-ela>/i morgen<adv><@←ADVL-ela>$^?<sent>/?<sent><clb>$
[/UgIirDVITxyD]
[go3AerZbHggq#0] ^Máhtte<np><ant><m><sg><nom><@SUBJ→>/Máhtte<np><ant><m><sg><nom><@SUBJ→>$ ^muitalit<vblex><tv><indic><pret><p3><sg><@+FMAINV>/fortelle<vblex><pers-pro><pret><p3><sg><@+FMAINV>$ ^ahte<cnjsub><@CVP>/at<cnjsub><@CVP>$ ^áddjá<n><sem_hum><sg><nom><@SUBJ→>/bestefar<n><m><sem_hum><sg><nom><@SUBJ→>$ ^boahtit<vblex><iv><indic><pres><p3><sg><@+FMAINV>/komme<vblex><pers-pro><pres><p3><sg><@+FMAINV>$^.<sent>/.<sent><clb>$
[/go3AerZbHggq]
[hHShlqfnaLiV#0] ^Rievssatbivdu<n><sem_act><sg><nom><@SUBJ→>/Rypejakt<n><f><sg><CD><nom><@SUBJ→>$ ^unnut<vblex><iv><indic><pret><p1><sg><@+FMAINV>/minke<vblex><agreem-pro><pret><p1><sg><@+FMAINV>$ ^bealli<n><sem_hum_part><sg><com><@←ADVL>/halvpart<n><m><maydetind><sem_hum_part><sg><com><@←ADVL>$^.<sent>/.<sent><clb>$
[/hHShlqfnaLiV]
[rbBca6UsyWin#0] ^garas<adj><attr><@→N>/dårlig<adj><sint><pst><GD><ND><@→N>$ ^dálki<n><sem_wthr><sg><gen><@→P>/vær<n><nt><sg><CD><gen><@→P>$ ^geažil<post><@ADVL>/på grunn av<pr><@ADVL>$
[/rbBca6UsyWin]
[uepE5Ju82hmC#0] ^Suohkan<n><sem_org><sg><nom><@SUBJ→>/Kommune<n><m><sem_org><sg><nom><@SUBJ→>$ ^leat<vblex><iv><indic><pret><p3><sg><@+FMAINV>/være<vblex><agreem-pro><pret><p3><sg><@+FMAINV>$ ^positiiva<adj><sg><nom><@←SPRED>/positiv<adj><pst><GD><sg><@←SPRED>$ ^juste<adv><@←ADVL-ine>/nettopp<adv><sadv><@←ADVL-ine>$ ^nu<adv><@→ADVL>/så<adv><sadv><@→ADVL>$ ^guhkás<adv><@←ADVL-ine>/langt<adv><@←ADVL-ine>/hvor langt<adv><@←ADVL-ine>$ ^go<cnjsub><@CVP>/som<cnjsub><@CVP>$ ^láhka<n><sem_rule><sg><nom><@SUBJ→>/lov<n><m><sg><nom><@SUBJ→>$ ^geatnegahttit<vblex><tv><indic><pret><p3><sg><@+FMAINV>/plikte<vblex><pers-pro><pret><p3><sg><@+FMAINV>$^.<sent>/.<sent><clb>$
[/uepE5Ju82hmC]
