[-XoQr4Wxwlg8#0] ^Muhte<cnjcoo><@CVP>$ ^ikte<adv><@ADVL-ine→>$ ^leat<vblex><iv><indic><pret><p3><sg><@+FMAINV>$ ^hui<adv><@→A>$ ^galmmas<adj><sg><nom><@←SPRED>$^!<sent>$
[/-XoQr4Wxwlg8]
[20HgeipBy8NN#0] ^Son<prn><pers><p3><sg><nom><@SUBJ→>$ ^guldalit<vblex><tv><indic><pres><p3><sg><@+FMAINV>$ ^dárkilit<adv><@←ADVL-ine>$^.<sent>$
[/20HgeipBy8NN]
[2AsFxSd_q8It#0] ^Máret<np><ant><f><sg><nom><@SUBJ→>$ ^smiehttat<vblex><tv><indic><pres><p3><sg><@+FMAINV>$^,<cm>$ ^ahte<cnjsub><@CVP>$ ^dat<prn><dem><sg><nom><@SUBJ→>$ ^leat<vblex><iv><indic><pres><p3><sg><@+FAUXV>$ ^oaidnit<vblex><tv><prfprc><@-FMAINV>$ ^gosa<adv><@ADVLcs-ine→>$ ^Jaakko<np><ant><m><sg><nom><@SUBJ→>$ ^leat<vblex><iv><indic><pres><p3><sg><@+FAUXV>$ ^mannat<vblex><iv><prfprc><@-FMAINV>$^:<clb>$ "^Muitalit<vblex><tv><imp><p2><sg><@+FMAINV>$ ^mun<prn><pers><p1><sg><ill><@←ADVL>$ ^gos<adv><@ADVLcs-ine→>$ ^son<prn><pers><p3><sg><nom><@SUBJ→>$ ^leat<vblex><iv><indic><pres><p3><sg><@+FMAINV>$^!<sent>$"^,<cm>$ ^son<prn><pers><p3><sg><nom><@SUBJ→>$ ^dadjat<vblex><tv><indic><pres><p3><sg><@+FMAINV>$ ^eadni<n><sem_hum><sg><ill><px3sg><@←ADVL>$^.<sent>$
[/2AsFxSd_q8It]
[49QBS5nTCoAn#0] ^Son<prn><pers><p3><sg><nom><@SUBJ→>$ ^geahččat<vblex><tv><indic><pres><p3><sg><@+FMAINV>$ ^beavdi<n><sem_furn><sg><gen><@→P>$ ^vuolde<post><@←ADVL-ine>$ ^ja<cnjcoo><@CNP>$ ^stuollu<n><sem_furn><pl><gen><@→P>$ ^vuolde<post><@←ADVL-ine>$^,<cm>$ ^muhte<cnjcoo><@CVP>$ ^Jaakko<np><ant><m><sg><nom><@SUBJ→>$ ^ii<vblex><iv><neg><indic><p3><sg><@+FAUXV>$ ^leat<vblex><iv><indic><pres><conneg><@-FMAINV>$ ^dieppe<adv><@←ADVL-ine>$^.<sent>$
[/49QBS5nTCoAn]
[4az6DzI2UoCs#0] ^Son<prn><pers><p3><sg><nom><@SUBJ→>$ ^ii<vblex><iv><neg><indic><p3><sg><@+FAUXV>$ ^oaidnit<vblex><tv><indic><pres><conneg><@-FMAINV>$ ^mihkke<prn><ind><sg><acc><foc_neg-ge><@←OBJ>$ ^ja<cnjcoo><@CVP>$ ^son<prn><pers><p3><sg><nom><@SUBJ→>$ ^lohkat<vblex><tv><indic><pres><p3><sg><@+FMAINV>$^.<sent>$
[/4az6DzI2UoCs]
[7Hx4JwM5kbFX#0] ^Son<prn><pers><p3><sg><nom><@SUBJ→>$ ^geahččalit<vblex><tv><indic><pres><p3><sg><@+FMAINV>$ ^ain<adv><@←ADVL-ine>$ ^ohcat<vblex><tv><inf><@←OBJ>$ ^Jaakko<np><ant><m><sg><acc><@-F←OBJ>$^.<sent>$
[/7Hx4JwM5kbFX]
[9n7FXDql-dLe#0] ^De<adv><@ADVL-ine→>$ ^son<prn><pers><p3><sg><nom><@SUBJ→>$ ^oaidnit<vblex><tv><indic><pres><p3><sg><@+FMAINV>$ ^unni<adj><attr><@→N>$ ^giehta<n><sem_body><der_dimin><n><sg><acc><@←OBJ>$ ^nai<pcle><@PCLE>$ ^ja<cnjcoo><@CVP>$ ^go<cnjsub><@CVP>$ ^son<prn><pers><p3><sg><nom><@SUBJ→>$ ^boahtit<vblex><iv><indic><pres><p3><sg><@+FMAINV>$ ^lagabui<adv><@←ADVL-ela>$^,<cm>$ ^de<adv><@ADVL-ine→>$ ^son<prn><pers><p3><sg><nom><@SUBJ→>$ ^oaidnit<vblex><tv><indic><pres><p3><sg><@+FMAINV>$ ^son<prn><pers><p3><sg><gen><@→N>$ ^oaivi<n><sem_body_plc-elevate><sg><acc><@←OBJ>$ ^maid<adv><@←ADVL-ine>$^!<sent>$
[/9n7FXDql-dLe]
[AiTlE_q9DH0E#0] ^Jaakko<np><ant><m><sg><acc><@OBJ→>$ ^ja<cnjcoo><@CNP>$ ^Máret<np><ant><f><sg><nom><@SUBJ→>$ ^leat<vblex><iv><indic><pres><p3><du><@+FMAINV>$ ^šillju<n><sem_plc><sg><loc><@←ADVL-ine>$^.<sent>$
[/AiTlE_q9DH0E]
[EMCu_DcTpZdh#0] ^Mun<prn><pers><p1><sg><nom><@SUBJ→>$ ^oaidnit<vblex><tv><indic><pres><p1><sg><@+FMAINV>$ ^stuoris<adj><attr><@→N>$ ^girji<n><sem_txt><pl><acc><@←OBJ>$ ^viessu<n><sem_build><sg><gen><@→P>$ ^duohken<post><@←ADVL-ine>$^.<sent>$
[/EMCu_DcTpZdh]
[F4YGT3BDFa23#0] ^Son<prn><pers><p3><sg><nom><@SUBJ→>$ ^geahččat<vblex><tv><indic><pres><p3><sg><@+FMAINV>$ ^juohke<prn><ind><attr><@→N>$ ^sadji<n><sem_plc_pos><sg><loc><@←ADVL-ine>$^,<cm>$ ^muhte<cnjcoo><@CVP>$ ^ii<vblex><iv><neg><indic><p3><sg><@+FAUXV>$ ^son<prn><pers><p3><sg><nom><@←SUBJ>$ ^sáhttit<vblex><iv><indic><pres><conneg><@-FAUXV>$ ^gávdnat<vblex><tv><inf><@-FMAINV>$ ^Jaakko<np><ant><m><sg><acc><@←OBJ>$^.<sent>$
[/F4YGT3BDFa23]
[FYO2dU7K_S4F#0] ^Ja<cnjcoo><@CVP>$ ^mii<prn><itg><sg><acc><@OBJ→>$ ^Jaakko<np><ant><m><sg><nom><@SUBJ→>$ ^dahkat<vblex><tv><indic><pres><p3><sg><@+FMAINV>$ ^muorra<n><sem_mat_plant><sg><gen><@→P>$ ^luhtte<post><@←ADVL-ine>$^?<sent>$
[/FYO2dU7K_S4F]
[G5vmCm5hj-W6#0] ^Die<adv><@ADVL-ine→>$ ^dat<prn><dem><sg><nom><@→N>$ ^jietna<n><sem_body-abstr_prod-audio_semcon><sg><nom><@SUBJ→>$ ^leat<vblex><iv><indic><pres><p3><sg><@+FMAINV>$ ^fas<adv><@←ADVL-ine>$^!<sent>$
[/G5vmCm5hj-W6]
[JV_evOHUnLTA#0] ^Son<prn><pers><p3><sg><nom><@SUBJ→>$ ^jearrat<vblex><tv><indic><pres><p3><sg><@+FMAINV>$ ^beana<n><sem_ani><sg><loc><@←ADVL-ela>$^:<clb>$ "^Oaidnit<vblex><tv><indic><pres><p3><pl><qst><@+FMAINV>$ ^Jaakko<np><ant><m><sg><acc><@←OBJ>$^?<sent>$"^.<sent>$
[/JV_evOHUnLTA]
[KFHWfkDFyVos#0] ^De<adv><@ADVL-ine→>$ ^son<prn><pers><p3><sg><nom><@SUBJ→>$ ^gullat<vblex><tv><indic><pres><p3><sg><@+FMAINV>$ ^jietna<n><sem_body-abstr_prod-audio_semcon><sg><acc><@←OBJ>$^,<cm>$ ^dat<prn><dem><sg><nom><@SUBJ→>$ ^boahtit<vblex><iv><indic><pres><p3><sg><@+FMAINV>$ ^stuoris<adj><attr><@→N>$ ^boaris<adj><attr><@→N>$ ^muorra<n><sem_mat_plant><sg><gen><@→P>$ ^duohken<post><@←ADVL-ela>$^.<sent>$
[/KFHWfkDFyVos]
[LDlG2Djufa9R#0] ^Jaakko<np><ant><m><sg><acc><@OBJ→>$ ^ja<cnjcoo><@CNP>$ ^Máret<np><ant><f><sg><nom><@SUBJ→>$ ^liikot<vblex><iv><indic><pres><p3><du><@+FMAINV>$ ^stoahkat<vblex><iv><inf><@←ADVL>$^,<cm>$ ^son<prn><pers><p3><du><nom><@SUBJ→>$ ^stoahkat<vblex><iv><indic><pres><p3><du><@+FMAINV>$ ^álo<adv><@←ADVL-ine>$ ^ovttas<adv><@←ADVL-ine>$ ^šillju<n><sem_plc><sg><loc><@←ADVL-ine>$ ^stuoris<adj><attr><@→N>$ ^dállu<n><sem_build><sg><gen><@→P>$ ^olggobealde<post><@←ADVL-ine>$^.<sent>$
[/LDlG2Djufa9R]
[N3EmyGF0tV8b#0] ^Mun<prn><pers><p1><sg><nom><@SUBJ→>$ ^oaidnit<vblex><tv><indic><pres><p1><sg><@+FMAINV>$ ^stuoris<adj><attr><@→N>$ ^girji<n><sem_txt><sg><acc><@←OBJ>$^.<sent>$
[/N3EmyGF0tV8b]
[NkR6dWcTJVxY#0] ^Mun<prn><pers><p1><sg><nom><@SUBJ→>$ ^oaidnit<vblex><tv><indic><pres><p1><sg><@+FMAINV>$ ^stuoris<adj><attr><@→N>$ ^girji<n><sem_txt><pl><acc><@←OBJ>$ ^ruoksat<adj><attr><@→N>$ ^viessu<n><sem_build><sg><gen><@→P>$ ^duohken<post><@←ADVL-ine>$^.<sent>$
[/NkR6dWcTJVxY]
[OWonglBoEVbP#0] ^Diehtit<vblex><tv><indic><pres><p2><sg><qst><@+FMAINV>$ ^manne<adv><subqst><@←ADVL-ine>$^?<sent>$
[/OWonglBoEVbP]
[PJE8USNbWjkm#0] ^Sáhttit<vblex><iv><cond><pres><p3><sg><qst><@+FAUXV>$ ^leat<vblex><iv><inf><@-FMAINV>$ ^Jaakko<np><ant><m><sg><nom><@←SPRED>$^?<sent>$
[/PJE8USNbWjkm]
[QfoPOMULHlxZ#0] ^Unni<adj><attr><@→N>$ ^nieiddaš<n><sem_hum><sg><nom><@SUBJ→>$ ^leat<vblex><iv><indic><pres><p3><sg><@+FMAINV>$ ^son<prn><pers><p3><sg><gen><@→N>$ ^oappáš<n><sem_hum><sg><nom><@←SPRED>$^,<cm>$ ^son<prn><pers><p3><sg><nom><@SUBJ→>$ ^leat<vblex><iv><indic><pres><p3><sg><@+FMAINV>$ ^vihtta<num><sg><nom><@→A>$ ^jahki<n><sem_measr_time><sg><gen><@Num←>$ ^boaris<adj><sg><nom><@←SPRED>$^.<sent>$
[/QfoPOMULHlxZ]
[Qgj3s2Uy1VW6#0] ^Muhte<cnjcoo><@CVP>$ ^bussá<n><sem_ani><sg><nom><@SUBJ→>$ ^leat<vblex><iv><indic><pres><p3><sg><@+FMAINV>$ ^dállu<n><sem_build><sg><loc><@←ADVL-ine>$^,<cm>$ ^bussá<n><sem_ani><sg><nom><@SUBJ→>$ ^oađđit<vblex><iv><indic><pres><p3><sg><@+FMAINV>$^.<sent>$
[/Qgj3s2Uy1VW6]
[S-jPr9xTMYJt#0] ^Beana<n><sem_ani><sg><nom><@SUBJ→>$ ^liikot<vblex><iv><indic><pres><p3><sg><@+FMAINV>$ ^stoahkat<vblex><iv><inf><@←ADVL>$ ^dat<prn><dem><sg><com><@→Num>$ ^guokte<num><sg><com><@→N>$ ^mánná<n><sem_hum><sg><com><@←ADVL>$^.<sent>$
[/S-jPr9xTMYJt]
[SK5RR6iwHpot#0] ^Manne<adv><@ADVLqst-ine→>$ ^son<prn><pers><p3><sg><nom><@SUBJ→>$ ^dahkat<vblex><tv><indic><pres><p3><sg><@+FMAINV>$ ^nu<adv><@←ADVL-ine>$^?<sent>$
[/SK5RR6iwHpot]
[Tu5i0tlrtPSC#0] ^Máret<np><ant><f><sg><nom><@SUBJ→>$ ^čaibmat<vblex><tv><indic><pres><p3><sg><@+FMAINV>$ ^ja<cnjcoo><@CVP>$ ^dadjat<vblex><tv><indic><pres><p3><sg><@+FMAINV>$^:<clb>$ "^Gávdnat<vblex><tv><indic><pret><p1><sg><@+FMAINV>$ ^don<prn><pers><p2><sg><acc><@←OBJ>$^!<sent>$"^.<sent>$
[/Tu5i0tlrtPSC]
[VeE2bOVKhLiU#0] ^Go<cnjsub><@CVP>$ ^Máret<np><ant><f><sg><nom><@SUBJ→>$ ^geargat<vblex><iv><indic><pres><p3><sg><@+FMAINV>$ ^lohkat<vblex><tv><actio><loc><@←ADVL>$^,<cm>$ ^son<prn><pers><p3><sg><nom><@SUBJ→>$ ^geahččat<vblex><tv><indic><pres><p3><sg><@+FMAINV>$ ^birra<adv><@←ADVL-ine>$^.<sent>$
[/VeE2bOVKhLiU]
[XBTSPoad1gJc#0] ^Dat<prn><dem><sg><nom><@SUBJ→>$ ^leat<vblex><iv><indic><pres><p3><sg><@+FMAINV>$ ^stoagus<n><sem_game_obj-play><sg><nom><@←SPRED>$^.<sent>$
[/XBTSPoad1gJc]
[__63zKs1_1Rz#0] ^Leat<vblex><iv><indic><pres><p3><sg><sentinit><@+FMAINV>$ ^buorre<adj><sg><nom><@→N>$ ^dálki<n><sem_wthr><sg><nom><@←SPRED>$ ^odne<adv><@←ADVL-ine>$^,<cm>$ ^leat<vblex><iv><indic><pres><p3><sg><@+FMAINV>$ ^hui<adv><@→A>$ ^liekkas<adj><sg><nom><@←SPRED>$^.<sent>$
[/__63zKs1_1Rz]
[aXUEZt_YHn39#0] ^Leat<vblex><iv><indic><pres><p3><sg><qst><sentinit><@+FMAINV>$ ^Máret<np><ant><f><sg><loc><←hab→><@←ADVLhab>$ ^maid<adv><@←ADVL-ine>$ ^beana<n><sem_ani><sg><nom><←ext→><@←SUBJext>$^?<sent>$
[/aXUEZt_YHn39]
[al6ylYMoQEhH#0] ^birra<pr><@ADVL>$ ^jándor<n><sem_time><sg><gen><@P←>$
[/al6ylYMoQEhH]
[bDRQ4VP0PWaa#0] ^Ii<vblex><iv><neg><indic><p3><sg><@+FAUXV>$^,<cm>$ ^Máret<np><ant><f><sg><loc><←hab→><@ADVLhab→>$ ^ii<vblex><iv><neg><indic><p3><sg><@+FAUXV>$ ^leat<vblex><iv><indic><pres><conneg><@-FMAINV>$ ^beana<n><sem_ani><sg><nom><←ext→><@←SUBJext>$^,<cm>$ ^son<prn><pers><p3><sg><loc><←hab→><@ADVLhab→>$ ^leat<vblex><iv><indic><pres><p3><sg><@+FMAINV>$ ^bussá<n><sem_ani><sg><nom><←ext→><@←SUBJext>$^.<sent>$
[/bDRQ4VP0PWaa]
[cV3vZFz7xOOS#0] ^Dál<adv><@ADVL-ine→>$ ^son<prn><pers><p3><sg><nom><@SUBJ→>$ ^gullat<vblex><tv><indic><pres><p3><sg><@+FMAINV>$ ^dat<prn><dem><sg><acc><@←OBJ>$ ^bures<adv><@←ADVL-ine>$^.<sent>$
[/cV3vZFz7xOOS]
[e3n2HcJxdzsd#0] ^Mun<prn><pers><p1><sg><nom><@SUBJ→>$ ^oaidnit<vblex><tv><indic><pres><p1><sg><@+FMAINV>$ ^stuoris<adj><attr><@→N>$ ^girji<n><sem_txt><pl><acc><@←OBJ>$^.<sent>$
[/e3n2HcJxdzsd]
[eMYV9l1YcpOW#0] ^Mun<prn><pers><p1><sg><nom><@SUBJ→>$ ^oaidnit<vblex><tv><indic><pres><p1><sg><@+FMAINV>$ ^girji<n><sem_txt><sg><acc><@←OBJ>$
[/eMYV9l1YcpOW]
[ea0_LD-ZpoNN#0] ^viessu<n><sem_build><sg><gen><@→P>$ ^haga<post><@ADVL>$
[/ea0_LD-ZpoNN]
[gHI-JpojtCYy#0] "^Ii<vblex><iv><neg><indic><p3><sg><@+FAUXV>$ ^Máret<np><ant><f><sg><nom><@←SUBJ>$^,<cm>$ ^ii<vblex><iv><neg><indic><p1><sg><@+FAUXV>$ ^sáhttit<vblex><iv><indic><pres><conneg><@-FAUXV>$ ^muitalit<vblex><tv><inf><@-FMAINV>$ ^don<prn><pers><p2><sg><ill><@←ADVL>$^!<sent>$"^,<cm>$ ^son<prn><pers><p3><sg><nom><@SUBJ→>$ ^vástidit<vblex><tv><indic><pres><p3><sg><@+FMAINV>$^.<sent>$
[/gHI-JpojtCYy]
[glIcu9gZWRNs#0] ^Oaidnit<vblex><tv><indic><pret><p2><sg><qst><@+FMAINV>$ ^son<prn><pers><p3><sg><acc><@←OBJ>$^?<sent>$
[/glIcu9gZWRNs]
[gyLFWDp2Tan1#0] ^Fertet<vblex><iv><indic><pres><p3><sg><@+FAUXV>$ ^leat<vblex><iv><inf><@-FMAINV>$ ^Jaakko<np><ant><m><sg><nom><@←SPRED>$^!<sent>$
[/gyLFWDp2Tan1]
[iI9PZM-1Ppmb#0] ^Son<prn><pers><p3><du><gen><@→N>$ ^eadni<n><sem_hum><sg><nom><@SUBJ→>$ ^leat<vblex><iv><indic><pres><p3><sg><@+FMAINV>$ ^dállu<n><sem_build><sg><gen><@→P>$ ^siste<post><@←ADVL-ine>$ ^bussá<n><sem_ani><sg><com><@←ADVL>$ ^ovttas<adv><@←ADVL-ine>$^,<cm>$ ^son<prn><pers><p3><sg><nom><@SUBJ→>$ ^geahččat<vblex><tv><indic><pres><p3><sg><@+FMAINV>$ ^láseráigi<n><sem_plc><sg><acc><@←OBJ>$ ^olggos<adv><@←ADVL>$ ^ja<cnjcoo><@CVP>$ ^oaidnit<vblex><tv><indic><pres><p3><sg><@+FMAINV>$ ^Jaakko<np><ant><m><sg><acc><@-FSUBJ→>$ ^ja<cnjcoo><@CNP>$ ^Máret<np><ant><f><sg><acc><@-FSUBJ→>$ ^stoahkat<vblex><iv><actio><ess><@←OBJ>$^.<sent>$
[/iI9PZM-1Ppmb]
[jQ19cXpeiBoP#0] ^Son<prn><pers><p3><du><nom><@SUBJ→>$ ^goappašagat<prn><ind><pl><nom><@SUBJ→>$ ^leat<vblex><iv><indic><pres><p3><du><@+FMAINV>$ ^ilus<adv><@←ADVL-ine>$ ^ja<cnjcoo><@CVP>$ ^mannat<vblex><iv><indic><pres><p3><du><@+FMAINV>$ ^dállu<n><sem_build><sg><ill><@←ADVL>$^,<cm>$ ^leat<vblex><iv><indic><pres><p3><sg><@+FMAINV>$ ^áigi<n><sem_time><sg><nom><@←SPRED>$ ^borrat<vblex><tv><inf><@←ADVL>$ ^juoga<prn><ind><sg><acc><@-F←OBJ>$ ^ja<cnjcoo><@CVP>$ ^juhkat<vblex><tv><inf><@-FMAINV>$ ^veaháš<adv><@→N>$ ^čáhci<n><sem_plc_substnc_wthr><sg><acc><@←OBJ>$^!<sent>$
[/jQ19cXpeiBoP]
[k9CPoPOixGup#0] ^Máret<np><ant><f><sg><nom><@SUBJ→>$ ^ii<vblex><iv><neg><indic><p3><sg><@+FAUXV>$ ^diehtit<vblex><tv><indic><pres><conneg><@-FMAINV>$ ^gos<adv><@ADVLcs-ine→>$ ^Jaakko<np><ant><m><sg><nom><@SUBJ→>$ ^leat<vblex><iv><indic><pres><p3><sg><@+FMAINV>$^.<sent>$
[/k9CPoPOixGup]
[lmHmpXXI2PDn#0] ^Mun<prn><pers><p1><sg><nom><@SUBJ→>$ ^oaidnit<vblex><tv><indic><pres><p1><sg><@+FMAINV>$ ^stuoris<adj><attr><@→N>$ ^girji<n><sem_txt><sg><acc><@←OBJ>$^.<sent>$
[/lmHmpXXI2PDn]
[p0ED9BccKBsd#0] ^Jaakko<np><ant><m><sg><loc><←hab→><@ADVLhab→>$ ^leat<vblex><iv><indic><pres><p3><sg><@+FMAINV>$ ^unni<adj><attr><@→N>$ ^beatnagaš<n><sem_ani><sg><nom><←ext→><@←SUBJext>$^,<cm>$ ^dat<prn><dem><sg><nom><@SUBJ→>$ ^nai<pcle><@PCLE>$ ^leat<vblex><iv><indic><pres><p3><sg><@+FMAINV>$ ^dál<adv><@←ADVL-ine>$ ^gárdin<n><sem_plc><sg><loc><@←ADVL-ine>$^.<sent>$
[/p0ED9BccKBsd]
[r95wrs1edqen#0] ^Máret<np><ant><f><sg><nom><@SUBJ→>$ ^geahččat<vblex><tv><indic><pres><p3><sg><@+FMAINV>$ ^eadni<n><sem_hum><sg><gen><px3sg><@→N>$ ^láse<n><sem_buildpart_ctain_mat><sg><gen><@→P>$ ^duohken<post><@←ADVL-ine>$^,<cm>$ ^son<prn><pers><p3><sg><gen><@→N>$ ^eadni<n><sem_hum><sg><nom><@SUBJ→>$ ^čaibmat<vblex><tv><indic><pres><p3><sg><@+FMAINV>$^.<sent>$
[/r95wrs1edqen]
[rIeKWAHnfLWF#0] ^Máret<np><ant><f><sg><nom><@SUBJ→>$ ^čohkkát<vblex><iv><indic><pres><p3><sg><@+FMAINV>$ ^ja<cnjcoo><@CVP>$ ^son<prn><pers><p3><sg><loc><←hab→><@ADVLhab→>$ ^leat<vblex><iv><indic><pres><p3><pl><@+FMAINV>$ ^giehta<n><sem_body><pl><nom><←ext→><@←SUBJext>$ ^čalbmi<n><sem_body><pl><gen><@→P>$ ^ovddas<post><@←ADVL-ine>$^.<sent>$
[/rIeKWAHnfLWF]
[rTnwJ05zqz7k#0] ^GOS<adv><@ADVLqst-ine→>$ ^JAAKKO<np><ant><m><sg><nom><@SUBJ→>$ ^LEAT<vblex><iv><indic><pres><p3><sg><@+FMAINV>$^?<sent>$
[/rTnwJ05zqz7k]
[rYKt-xziFTYZ#0] ^Son<prn><pers><p3><sg><nom><@SUBJ→>$ ^ohcat<vblex><tv><indic><pres><p3><sg><@+FMAINV>$ ^Jaakko<np><ant><m><sg><acc><@←OBJ>$^:<clb>$ ^gosa<adv><@ADVLqst-ine→>$ ^dat<prn><dem><sg><nom><@SUBJ→>$ ^mannat<vblex><iv><indic><pret><p3><sg><@+FMAINV>$^?<sent>$
[/rYKt-xziFTYZ]
[scTGy9D7WOvE#0] ^Ii<vblex><iv><neg><indic><p3><sg><@+FAUXV>$ ^leat<vblex><iv><indic><pres><conneg><@-FMAINV>$ ^loddi<n><sem_ani><sg><nom><←ext→><@←SUBJext>$ ^ii<vblex><iv><neg><indic><p3><sg><foc_neg-ge><@+FAUXV>$ ^makkár<prn><ind><attr><foc_neg-ge><@→N>$ ^eará<prn><ind><attr><@→N>$ ^ealli<n><sem_ani><nomag><sg><nom><←ext→><@←SUBJext>$^.<sent>$
[/scTGy9D7WOvE]
[sdc4dVjiYXdp#0] ^Vaikko<cnjsub><@CVP>$ ^son<prn><pers><p3><sg><nom><@SUBJ→>$ ^várra<adv><@ADVL-ine→>$ ^diehtit<vblex><tv><indic><pres><p3><sg><@+FMAINV>$ ^gos<adv><@ADVLcs-ine→>$ ^gánda<n><sem_hum><sg><nom><@SUBJ→>$ ^leat<vblex><iv><indic><pres><p3><sg><@+FMAINV>$^,<cm>$ ^son<prn><pers><p3><sg><nom><@SUBJ→>$ ^ii<vblex><iv><neg><indic><p3><sg><@+FAUXV>$ ^sihtat<vblex><tv><indic><pres><conneg><@-FAUXV>$ ^muitalit<vblex><tv><inf><@-FMAINV>$^.<sent>$
[/sdc4dVjiYXdp]
[tNiYrATQN3mQ#0] ^Ii<vblex><iv><neg><indic><p3><sg><@+FAUXV>$ ^gii<prn><ind><sg><nom><foc_neg-ge><@←SUBJ>$ ^oažžut<vblex><tv><indic><pres><conneg><@-FMAINV>$ ^vástádus<n><sem_prod-ling><sg><acc><@←OBJ>$^,<cm>$ ^go<cnjsub><@CVP>$ ^hállat<vblex><tv><indic><pres><p3><pl><@+FMAINV>$ ^beana<n><sem_ani><pl><com><@←ADVL>$^!<sent>$
[/tNiYrATQN3mQ]
[tXdMXCx-CQz4#0] ^Jaakko<np><ant><m><sg><nom><@SUBJ→>$ ^leat<vblex><iv><indic><pres><p3><sg><@+FMAINV>$ ^unni<adj><attr><@→N>$ ^gánddaš<n><sem_hum><sg><nom><@←SPRED>$ ^ja<cnjcoo><@CVP>$ ^son<prn><pers><p3><sg><nom><@SUBJ→>$ ^leat<vblex><iv><indic><pres><p3><sg><@+FMAINV>$ ^guhtta<num><sg><nom><@→A>$ ^jahki<n><sem_measr_time><sg><gen><@Num←>$ ^boaris<adj><sg><nom><@←SPRED>$^.<sent>$
[/tXdMXCx-CQz4]
[toqKiaafxvkh#0] ^viessu<n><sem_build><sg><gen><@→P>$ ^duohken<post><@ADVL>$
[/toqKiaafxvkh]
[usXVdG2H3AVG#0] ^Jaakko<np><ant><m><sg><nom><@SUBJ→>$ ^viehkat<vblex><iv><indic><pres><p3><sg><@+FMAINV>$ ^johtilit<adv><@←ADVL-ela>$ ^stuoris<adj><attr><@→N>$ ^boaris<adj><attr><@→N>$ ^muorra<n><sem_mat_plant><sg><gen><@→P>$ ^lusa<post><@←ADVL-ela>$^,<cm>$ ^son<prn><pers><p3><sg><nom><@SUBJ→>$ ^čiehkádit<vblex><iv><indic><pres><p3><sg><@+FMAINV>$ ^Máret<np><ant><f><sg><loc><@←ADVL-ela>$^.<sent>$
[/usXVdG2H3AVG]
[w8YhA2UhFBkn#0] ^Son<prn><pers><p3><du><nom><@SUBJ→>$ ^ii<vblex><iv><neg><indic><p3><du><@+FAUXV>$ ^sáhttit<vblex><iv><indic><pret><conneg><@-FAUXV>$ ^stoahkat<vblex><iv><inf><@-FMAINV>$ ^dalle<adv><@←ADVL-ine>$ ^olgun<adv><@←ADVL-ine>$^.<sent>$
[/w8YhA2UhFBkn]
[wXMY0IGmmk_n#0] ^Máret<np><ant><f><sg><nom><@SUBJ→>$ ^vázzit<vblex><iv><indic><pres><p3><sg><@+FMAINV>$ ^hihtásit<adv><@←ADVL-ela>$ ^gárdin<n><sem_plc><sg><gen><@→P>$ ^čađa<post><@←ADVL-ela>$^.<sent>$
[/wXMY0IGmmk_n]
[yba_4ge-5sbv#0] ^Muhte<cnjcoo><@CVP>$ ^beana<n><sem_ani><sg><nom><@SUBJ→>$ ^dieđusge<adv><@ADVL-ine→>$ ^ii<vblex><iv><neg><indic><p3><sg><@+FAUXV>$ ^máhttit<vblex><tv><indic><pres><conneg><@-FAUXV>$ ^hállat<vblex><tv><inf><@-FMAINV>$^!<sent>$ ^Máret<np><ant><f><sg><nom><@SUBJ→>$ ^ii<vblex><iv><neg><indic><p3><sg><@+FAUXV>$ ^oažžut<vblex><tv><indic><pres><conneg><@-FMAINV>$ ^vástádus<n><sem_prod-ling><sg><acc><@←OBJ>$ ^gažaldat<n><sem_prod-ling><sg><ill><px3sg><@←ADVL>$^.<sent>$
[/yba_4ge-5sbv]
