[-XoQr4Wxwlg8#0] Men i går var det svært kaldt!
[/-XoQr4Wxwlg8]
[20HgeipBy8NN#0] Hun\/han lytter nøyaktig.
[/20HgeipBy8NN]
[2AsFxSd_q8It#0] Máret tenker, at det har sett hvor Jaakko har gått: "Fortell til meg hvor han er!", han sier til mor.
[/2AsFxSd_q8It]
[49QBS5nTCoAn#0] Hun\/han ser under bordet og under stolene, men Jaakko er ikke derfra.
[/49QBS5nTCoAn]
[4az6DzI2UoCs#0] Hun\/han ser ikke noe og hun\/han leser.
[/4az6DzI2UoCs]
[7Hx4JwM5kbFX#0] Han prøver enda å søke Jaakko.
[/7Hx4JwM5kbFX]
[9n7FXDql-dLe#0] Så ser hun\/han liten hånd også og når hun\/han kommer nærmere, så ser hun\/han hennes\/hans hode også!
[/9n7FXDql-dLe]
[AiTlE_q9DH0E#0] Jaakko og Máret er de to på gårdsplassen.
[/AiTlE_q9DH0E]
[EMCu_DcTpZdh#0] Jeg ser store bøker bak huset.
[/EMCu_DcTpZdh]
[F4YGT3BDFa23#0] Hun\/han ser på hvert sted, men han kan ikke finne Jaakko.
[/F4YGT3BDFa23]
[FYO2dU7K_S4F#0] Og hva gjør Jaakko hos treet?
[/FYO2dU7K_S4F]
[G5vmCm5hj-W6#0] Der er den stemmen igjen!
[/G5vmCm5hj-W6]
[JV_evOHUnLTA#0] Hun\/han spør fra hunden: "Ser de Jaakko?".
[/JV_evOHUnLTA]
[KFHWfkDFyVos#0] Så hører hun\/han stemmen, det kommer avhengig av stort gammelt tre.
[/KFHWfkDFyVos]
[LDlG2Djufa9R#0] Jaakko og Máret liker de to for å leke, de to leker alltid sammen på gårdsplassen utenfor stort hus.
[/LDlG2Djufa9R]
[N3EmyGF0tV8b#0] Jeg ser ei stor bok.
[/N3EmyGF0tV8b]
[NkR6dWcTJVxY#0] Jeg ser store bøker bak rødt hus.
[/NkR6dWcTJVxY]
[OWonglBoEVbP#0] Vet du hvorfor?
[/OWonglBoEVbP]
[PJE8USNbWjkm#0] Kunne hun\/han være Jaakko?
[/PJE8USNbWjkm]
[QfoPOMULHlxZ#0] Ei liten småjente er hennes\/hans lillesøster, hun\/han er fem år gammel.
[/QfoPOMULHlxZ]
[Qgj3s2Uy1VW6#0] Men katten er i huset, en katt sover.
[/Qgj3s2Uy1VW6]
[S-jPr9xTMYJt#0] Hunden liker for å leke med de to barnet.
[/S-jPr9xTMYJt]
[SK5RR6iwHpot#0] Hvorfor gjør hun\/han så?
[/SK5RR6iwHpot]
[Tu5i0tlrtPSC#0] Máret ler og sier: "Jeg fant deg!".
[/Tu5i0tlrtPSC]
[VeE2bOVKhLiU#0] Når Máret blir ferdig å si, hun ser omkring.
[/VeE2bOVKhLiU]
[XBTSPoad1gJc#0] Det er leke.
[/XBTSPoad1gJc]
[__63zKs1_1Rz#0] Det er godt vær i dag, det er svært varmt.
[/__63zKs1_1Rz]
[aXUEZt_YHn39#0] Har Máret også en hund?
[/aXUEZt_YHn39]
[al6ylYMoQEhH#0] rundt døgnet
[/al6ylYMoQEhH]
[bDRQ4VP0PWaa#0] Ikke, Máret har ikke en hund, hun har en katt.
[/bDRQ4VP0PWaa]
[cV3vZFz7xOOS#0] Nå hører hun\/han det godt.
[/cV3vZFz7xOOS]
[e3n2HcJxdzsd#0] Jeg ser store bøker.
[/e3n2HcJxdzsd]
[eMYV9l1YcpOW#0] Jeg ser boka
[/eMYV9l1YcpOW]
[ea0_LD-ZpoNN#0] uten huset
[/ea0_LD-ZpoNN]
[gHI-JpojtCYy#0] "Máret ikke, jeg kan ikke fortelle til deg!", hun svarer.
[/gHI-JpojtCYy]
[glIcu9gZWRNs#0] Så du henne\/han?
[/glIcu9gZWRNs]
[gyLFWDp2Tan1#0] Hun\/han må være Jaakko!
[/gyLFWDp2Tan1]
[iI9PZM-1Ppmb#0] Deres mor er i huset med katten sammen, hun\/han ser vinduet ut og hun\/han ser at Jaakko og Máret lekte.
[/iI9PZM-1Ppmb]
[jQ19cXpeiBoP#0] De to #begge er glad og de to går til huset, det er tid for å spise noe og drikke #litt vann!
[/jQ19cXpeiBoP]
[k9CPoPOixGup#0] Máret vet ikke hvor Jaakko er.
[/k9CPoPOixGup]
[lmHmpXXI2PDn#0] Jeg ser ei stor bok.
[/lmHmpXXI2PDn]
[p0ED9BccKBsd#0] Jaakko har en liten #liten hund, det også det er nå i gården.
[/p0ED9BccKBsd]
[r95wrs1edqen#0] Máret ser avhengig av mors glass, hennes mor ler.
[/r95wrs1edqen]
[rIeKWAHnfLWF#0] Máret sitter og hun har hender for øynene.
[/rIeKWAHnfLWF]
[rTnwJ05zqz7k#0] HVOR ER JAAKKO?
[/rTnwJ05zqz7k]
[rYKt-xziFTYZ#0] Han søker Jaakko: hvor gikk det?
[/rYKt-xziFTYZ]
[scTGy9D7WOvE#0] det er ikke en fugl ingen annet dyr.
[/scTGy9D7WOvE]
[sdc4dVjiYXdp#0] Selv om hun\/han kanskje vet hvor gutten er, han ønsker ikke fortelle.
[/sdc4dVjiYXdp]
[tNiYrATQN3mQ#0] Ingen får svar, når de snakker med hunder!
[/tNiYrATQN3mQ]
[tXdMXCx-CQz4#0] Jaakko er en liten smågutt og han er seks år gammel.
[/tXdMXCx-CQz4]
[toqKiaafxvkh#0] bak huset
[/toqKiaafxvkh]
[usXVdG2H3AVG#0] Jaakko løper fort til stort gammelt tre, han gjemmer seg hos Máret.
[/usXVdG2H3AVG]
[w8YhA2UhFBkn#0] De to kunne ikke leke da ute.
[/w8YhA2UhFBkn]
[wXMY0IGmmk_n#0] Máret går sakte gjennom gården.
[/wXMY0IGmmk_n]
[yba_4ge-5sbv#0] Men hunden kan selvfølgelig ikke snakke! Máret får ikke svar til spørsmålet.
[/yba_4ge-5sbv]
