[EMCu_DcTpZdh#0] ^Mun<prn><pers><p1><sg><nom><@SUBJ→>/Jeg<prn><pers><p1><mf><sg><nom><@SUBJ→>$ ^oaidnit<vblex><tv><indic><pres><p1><sg><@+FMAINV>/se<vblex><pers-pro><pres><p1><sg><@+FMAINV>$ ^stuoris<adj><attr><@→N>/stor<adj><sint><pst><GD><ND><@→N>$ ^girji<n><sem_txt><pl><acc><@←OBJ>/bok<n><f><maydetind><sem_txt><pl><acc><@←OBJ>$ ^viessu<n><sem_build><sg><gen><@→P>/hus<n><nt><maydetind><sem_build><sg><gen><@→P>$ ^duohken<post><@←ADVL-ine>/bak<pr><@←ADVL-ine>/avhengig av<pr><@←ADVL-ine>$^.<sent>/.<sent><clb>$
[/EMCu_DcTpZdh]
[N3EmyGF0tV8b#0] ^Mun<prn><pers><p1><sg><nom><@SUBJ→>/Jeg<prn><pers><p1><mf><sg><nom><@SUBJ→>$ ^oaidnit<vblex><tv><indic><pres><p1><sg><@+FMAINV>/se<vblex><pers-pro><pres><p1><sg><@+FMAINV>$ ^stuoris<adj><attr><@→N>/stor<adj><sint><pst><GD><ND><@→N>$ ^girji<n><sem_txt><sg><acc><@←OBJ>/bok<n><f><maydetind><sem_txt><sg><acc><@←OBJ>$^.<sent>/.<sent><clb>$
[/N3EmyGF0tV8b]
[NkR6dWcTJVxY#0] ^Mun<prn><pers><p1><sg><nom><@SUBJ→>/Jeg<prn><pers><p1><mf><sg><nom><@SUBJ→>$ ^oaidnit<vblex><tv><indic><pres><p1><sg><@+FMAINV>/se<vblex><pers-pro><pres><p1><sg><@+FMAINV>$ ^stuoris<adj><attr><@→N>/stor<adj><sint><pst><GD><ND><@→N>$ ^girji<n><sem_txt><pl><acc><@←OBJ>/bok<n><f><maydetind><sem_txt><pl><acc><@←OBJ>$ ^ruoksat<adj><attr><@→N>/rød<adj><sint><pst><GD><ND><@→N>$ ^viessu<n><sem_build><sg><gen><@→P>/hus<n><nt><maydetind><sem_build><sg><gen><@→P>$ ^duohken<post><@←ADVL-ine>/bak<pr><@←ADVL-ine>/avhengig av<pr><@←ADVL-ine>$^.<sent>/.<sent><clb>$
[/NkR6dWcTJVxY]
[e3n2HcJxdzsd#0] ^Mun<prn><pers><p1><sg><nom><@SUBJ→>/Jeg<prn><pers><p1><mf><sg><nom><@SUBJ→>$ ^oaidnit<vblex><tv><indic><pres><p1><sg><@+FMAINV>/se<vblex><pers-pro><pres><p1><sg><@+FMAINV>$ ^stuoris<adj><attr><@→N>/stor<adj><sint><pst><GD><ND><@→N>$ ^girji<n><sem_txt><pl><acc><@←OBJ>/bok<n><f><maydetind><sem_txt><pl><acc><@←OBJ>$^.<sent>/.<sent><clb>$
[/e3n2HcJxdzsd]
[eMYV9l1YcpOW#0] ^Mun<prn><pers><p1><sg><nom><@SUBJ→>/Jeg<prn><pers><p1><mf><sg><nom><@SUBJ→>$ ^oaidnit<vblex><tv><indic><pres><p1><sg><@+FMAINV>/se<vblex><pers-pro><pres><p1><sg><@+FMAINV>$ ^girji<n><sem_txt><sg><acc><@←OBJ>/bok<n><f><maydetind><sem_txt><sg><acc><@←OBJ>$
[/eMYV9l1YcpOW]
[lmHmpXXI2PDn#0] ^Mun<prn><pers><p1><sg><nom><@SUBJ→>/Jeg<prn><pers><p1><mf><sg><nom><@SUBJ→>$ ^oaidnit<vblex><tv><indic><pres><p1><sg><@+FMAINV>/se<vblex><pers-pro><pres><p1><sg><@+FMAINV>$ ^stuoris<adj><attr><@→N>/stor<adj><sint><pst><GD><ND><@→N>$ ^girji<n><sem_txt><sg><acc><@←OBJ>/bok<n><f><maydetind><sem_txt><sg><acc><@←OBJ>$^.<sent>/.<sent><clb>$
[/lmHmpXXI2PDn]
