[-5PCMgK-lLrc#0] #en 6 i filmen
[/-5PCMgK-lLrc]
[-5QWUhjErQpD#0] Han skadet #seg selv.
[/-5QWUhjErQpD]
[-6d0wXwglT1u#0] #Jeg må hente vann.
[/-6d0wXwglT1u]
[-M9sFjVNvkUF#0] april #15. d. er
[/-M9sFjVNvkUF]
[-UUtdHWTkzzP#0] Da #være #tale om samebarn #som #ha ikke #lære samisk hjemme.
[/-UUtdHWTkzzP]
[-VcTt2gy59cw#0] en Sentral høring
[/-VcTt2gy59cw]
[-XxjGZz1Nw_2#0] #Jeg pleier ofte synge
[/-XxjGZz1Nw_2]
[-dqN0cnNhC_q#0] Senere på døden  #forhøye Kong Olav #hellig
[/-dqN0cnNhC_q]
[-mJUB1e0miGQ#0] Hvis tar 60 poeng på samisk
[/-mJUB1e0miGQ]
[-obIBqF6kOac#0] Var lite #som #skille en ung prins skolegang #annen på skolebarnene.
[/-obIBqF6kOac]
[-vurF6z5niTk#0] Sjaman #være ikke bak tua.
[/-vurF6z5niTk]
[-x_w-xVVmRuY#0] #Være ei ung jente #som kjørte bil og #hun er nå #sende til legesjekk
[/-x_w-xVVmRuY]
[01i6yQ44V_yQ#0] Karen Ellen Marie Siri Utsi viser hvor hunden var #påkjøre
[/01i6yQ44V_yQ]
[05dquhg_CJtg#0] Sameforening leder, Mikkel Eskil Mikkelsen, er svært fornøyd.
[/05dquhg_CJtg]
[07ZF3kjw0qKC#0] #lytte ikke
[/07ZF3kjw0qKC]
[0BpZj9sENnZ0#0] for at ei  flegmatisk okkupasjonsmakt #få ikke #de ta fast.
[/0BpZj9sENnZ0]
[0F2SDbwsvCSE#0] #Sist vinter #reise gruppe Karasjok og Kautokeino.
[/0F2SDbwsvCSE]
[0PgYYrxHZpTj#0] Harald sverget at ikke skulle klippe hår.
[/0PgYYrxHZpTj]
[0emxxAWcKrbe#0] til Mappa er en særskilt forklaring.
[/0emxxAWcKrbe]
[0lsrZ2bCPpo8#0] #Jeg sluttet røyke.
[/0lsrZ2bCPpo8]
[0mlFizefo7E_#0] #du spiser
[/0mlFizefo7E_]
[0nZIiqEPQC1a#0] #selv dens fortalte
[/0nZIiqEPQC1a]
[10vuJA_wv6Z4#0] Kong Harald
[/10vuJA_wv6Z4]
[1TREq8HZH50Y#0] #vi til den yngste gutten
[/1TREq8HZH50Y]
[1YLKQr8w8qR8#0] #Jeg lærte å skrive norsk.
[/1YLKQr8w8qR8]
[1_sULRVxEl5U#0] på #Vi har #selv enda husdyr.
[/1_sULRVxEl5U]
[1elYzyqVDWuj#0] Jeg betaler, hvis du ønsker.
[/1elYzyqVDWuj]
[1qDfgwSitUwe#0] Da #han far døde så forbød.
[/1qDfgwSitUwe]
[1uRI6JNSW6j6#0] Skole har #være en #stor del av prosjektet.
[/1uRI6JNSW6j6]
[2Gzgiib4ukbB#0] på #Jeg har kjøttet koke.
[/2Gzgiib4ukbB]
[2Vt8nNH49gbm#0] #De #møtes på lagmannsretten.
[/2Vt8nNH49gbm]
[2dVhANMA97tK#0] #Hva skal gjøre når slutter på jobben?
[/2dVhANMA97tK]
[2tfZGONor6x8#0] 32 en år gammel fotballspiller #dra igjen Tromsø.
[/2tfZGONor6x8]
[2tsNUVe2zhB3#0] på #Jeg #ha undervisning #mellom to og fire.
[/2tsNUVe2zhB3]
[38kStrA5h0xz#0] #§§ 1 -1984.
[/38kStrA5h0xz]
[3Fse0GMmim5w#0] Han er kulturarbeider, #som #ha  reindriftsbakgrunn.
[/3Fse0GMmim5w]
[3IIBGHMxqoL5#0] #Samisk områder #ulik språksituasjoner.
[/3IIBGHMxqoL5]
[3NGJIHu2MJmo#0] #Vi ventet været bedre.
[/3NGJIHu2MJmo]
[3UlzOgCnNpfP#0] #Denne allianse målet er å gi.
[/3UlzOgCnNpfP]
[3gzGWmWeERAD#0] #Hva #du drikker?
[/3gzGWmWeERAD]
[3int6PcsPD6u#0] på #jeg har erfaringene #nevne på ministeriet
[/3int6PcsPD6u]
[3oIJwzwLhiq1#0] #all med slags steinene
[/3oIJwzwLhiq1]
[3qUtlSOn1OMt#0] ei #nærmere midten klokke 17.00 og 21.00
[/3qUtlSOn1OMt]
[3v8mC-aeJvI8#0] #Den #skulle Anne Henriette Hætta Reinås og Marita Kristin Eilertsen Tøsse fortelle Sameland.
[/3v8mC-aeJvI8]
[3xEHfJwKFthQ#0] Slik at senger hadde #tilsøle med urinen og ensomme barn med tårene.
[/3xEHfJwKFthQ]
[4FYMQDKCRer3#0] Han #ha ikke #skrive.
[/4FYMQDKCRer3]
[4LFfteswR6p0#0] Språkarbeid i barnehagen krever et mye arbeid både på #ansatt og på foreldrene.
[/4LFfteswR6p0]
[4PaEyDnPSq1u#0] er ikke #skrive.
[/4PaEyDnPSq1u]
[4YHR4LrKoFUI#0] #du #skrive brev
[/4YHR4LrKoFUI]
[4cm5kxpxFPmV#0] Barn kikket #seg selv i speilet.
[/4cm5kxpxFPmV]
[4g6Jr7m8_-rD#0] Og så begynte å snø og ble så #kjølig at frøs #han klær
[/4g6Jr7m8_-rD]
[4tsK5uY8O4Cm#0] Stat vegvesen har nå #skrive avtale Hasvik #snørydding til arbeidene.
[/4tsK5uY8O4Cm]
[4uuTr1H9W7Xs#0] Hvordan var så til barna på #den på leirene?
[/4uuTr1H9W7Xs]
[581gEJHXNsZE#0] #Gå barneskole Máze fra 1960 høster inntil på 1966 somre.
[/581gEJHXNsZE]
[5Kpra_fy2sMI#0] Han #ha ikke #skrive.
[/5Kpra_fy2sMI]
[5hFyJH0adBF8#0] #en i februar, #en i april, #en om sommeren og #en seinhøster
[/5hFyJH0adBF8]
[5ibkA1RiPVTp#0] Festival arrangerte #sist år juli en #1. dag.
[/5ibkA1RiPVTp]
[5lw5MRaU9oZe#0] på grunn av været
[/5lw5MRaU9oZe]
[6JGxXufAiVa4#0] Barnet bet til hunden
[/6JGxXufAiVa4]
[6RqtldRDL-PZ#0] Gi til barnet mat
[/6RqtldRDL-PZ]
[6YpUMPWctzHW#0] kjærlighet og fattigdom og grunne.
[/6YpUMPWctzHW]
[6e9lg2SVWhyN#0] ha ikke #skrive
[/6e9lg2SVWhyN]
[6rEgbSD2EMQB#0] #Velkommen.
[/6rEgbSD2EMQB]
[6z9AkXsCJkNc#0] #utholdende
[/6z9AkXsCJkNc]
[6zGUz6vD6F74#0] Så #være Larsen #mulig framføre nyttårstale til samisk.
[/6zGUz6vD6F74]
[700HajgkJun1#0] lærere Nord-Norge til skolene
[/700HajgkJun1]
[71Af1Va17V8w#0] Samisk høgskole er #en på #den på høyskolene #som fra høsten fungerer.
[/71Af1Va17V8w]
[72mmZIQzJXnc#0] #komme ikke.
[/72mmZIQzJXnc]
[73nhiW1ATL6h#0] er ikke #skrive
[/73nhiW1ATL6h]
[7Cbp4X4cniSf#0] når #denne #være ikke kommunal vei
[/7Cbp4X4cniSf]
[7E8tuzsUAJVV#0] dens
[/7E8tuzsUAJVV]
[7WBJTd67TtXc#0] #Jeg pleier ofte fryse
[/7WBJTd67TtXc]
[7WnjqMJYqSfG#0] #Noe i områdene #være undervisning en #viktig oppgave.
[/7WnjqMJYqSfG]
[7XHW9JDWTl_K#0] Men #de fleste #de forblir på nåværende listene.
[/7XHW9JDWTl_K]
[7cJvryNjmakD#0] språkrevitalisering
[/7cJvryNjmakD]
[7d1W7_FI-rUn#0] #Invitere gjestene kom.
[/7d1W7_FI-rUn]
[7h0scrrzr2CS#0] Derfor #slutte Aslaksen Wikipedia som #sjef.
[/7h0scrrzr2CS]
[7hH8b3KbFsgn#0] FeFo styre skal en #24. dag på #denne på måneden bestemme #hva gjør med saken.
[/7hH8b3KbFsgn]
[7uA8UkGFYQPL#0] #Hva #være barn navn?
[/7uA8UkGFYQPL]
[8PbpByExWSQa#0] #ha ikke #skrive.
[/8PbpByExWSQa]
[8h-EJrW8To1X#0] Maten er på #jeg
[/8h-EJrW8To1X]
[8kNcl-Uy5S5O#0] Larsen selvfølgelig skriver brev.
[/8kNcl-Uy5S5O]
[8kX0Fb0ETBoW#0] Forklaringene #finnes ikke, #bare samiske manus kopier.
[/8kX0Fb0ETBoW]
[8qYz6QCCjLTy#0] Norge.o en #viktig oppgave er guide brukere til offentlige tjenestene.
[/8qYz6QCCjLTy]
[9Cm_r-PW0mIG#0] 1971 #etablere Nordreisa #gymnas klasse og handelsskole
[/9Cm_r-PW0mIG]
[9GB5-6PyDm-q#0] Kaker han lager svært goder
[/9GB5-6PyDm-q]
[9Xi0Y-enQ_cA#0] Han er en flink gutt.
[/9Xi0Y-enQ_cA]
[9ZasDnx05jDX#0] #Være ei ung jente #som kjørte bil, og #hun er nå #sende til sykehuset.
[/9ZasDnx05jDX]
[9dhAZPN-z2in#0] #Vi drar til politistasjonen.
[/9dhAZPN-z2in]
[A2pYKBduUi4Q#0] Barna er alene hjemme.
[/A2pYKBduUi4Q]
[AEMTy_T2VIMR#0] Time før midnatten #være kulturarrangement Karasjok på slalåmbakken.
[/AEMTy_T2VIMR]
[ALOg_J4L31BW#0] Allerede april en #10. dag mot natta reiste Harald over grensa.
[/ALOg_J4L31BW]
[AR-AyrizxZkm#0] Han #ha ikke #skrive.
[/AR-AyrizxZkm]
[AsSNa76SZ1XA#0] Var #noe kjenninger #prate sammen del til samisk del til norsken.
[/AsSNa76SZ1XA]
[AtqWFpFUyS-I#0] Vibeke Larsen #se #den #mistillit som #uttalelse #seg #mot.
[/AtqWFpFUyS-I]
[AzFLhhO7qLwd#0] Allerede april en #10. dag mot natta #reise Kronprinsesse Märtha over grensa Sverige sammen Kronprinspar tre med barnet
[/AzFLhhO7qLwd]
[BCAHvQSZzEBv#0] Skoler samarbeider bry om riksgrensene.
[/BCAHvQSZzEBv]
[BUD3_oheny-E#0] Regjeringer har #nedvurdere #denne forslag #som framførte 11 år her før.
[/BUD3_oheny-E]
[Brqq5Lkm3rpi#0] så #tore å ønske komme 20 #god #blant.
[/Brqq5Lkm3rpi]
[C0aYrBkGgMsQ#0] #komme ikke?
[/C0aYrBkGgMsQ]
[CEO8GquOZxJ5#0] ei liten avis
[/CEO8GquOZxJ5]
[CGxxpgwlPuoQ#0] #Den er rare folk.
[/CGxxpgwlPuoQ]
[CSmhhlAiGl1_#0] skinner
[/CSmhhlAiGl1_]
[CSqytBSesZNg#0] #Hvilken av de to er #viktig, rovdyr eller menneske?
[/CSqytBSesZNg]
[CTjq5CEv5BYn#0] Kåfjord #samisk språksenter
[/CTjq5CEv5BYn]
[CdmcP77QyNjl#0] Myndigheter har #godkjenne #de anlegg slik som dens er nå.
[/CdmcP77QyNjl]
[Cpxhar0Pz6SV#0] visste
[/Cpxhar0Pz6SV]
[Cqq7O_GpU1Fy#0] Tine Chris Mathisen har #få være med på reindriftsarbeidene
[/Cqq7O_GpU1Fy]
[CqvJ7fqcK8WL#0] #Vi greier #på egen hånd.
[/CqvJ7fqcK8WL]
[CrrvY6onsagY#0] Máhtte #komme ikke.
[/CrrvY6onsagY]
[Csk0-Wwf_x-k#0] Märtha Louise #få #den 16 år siden.
[/Csk0-Wwf_x-k]
[D2XDa0_EH8Ub#0] #Vi også bor.
[/D2XDa0_EH8Ub]
[D4A86DDc9eW7#0] 110f f og §110a
[/D4A86DDc9eW7]
[DB3NiFYKvhyK#0] #jeg sa #den til samisk
[/DB3NiFYKvhyK]
[DTOs2WF8L6Cy#0] Husker at var alltid litt frykt på dens
[/DTOs2WF8L6Cy]
[DgZrdA70evFT#0] #Jeg har #slutte røyke.
[/DgZrdA70evFT]
[Dlsn1fM13zx6#0] etter dens forbød samisk.
[/Dlsn1fM13zx6]
[EDChLbfVF8ps#0] Samer eller samer bor Russland, Finland, Sverige og Norge.
[/EDChLbfVF8ps]
[EVQIt1GlRdkO#0] Kautokeino var en full krig #sist uke.
[/EVQIt1GlRdkO]
[EZyWS1Hp7O3O#0] snøsmelting
[/EZyWS1Hp7O3O]
[EloK9Q8SACDJ#0] Anne Tornensis Hætta
[/EloK9Q8SACDJ]
[FFAYuJZpZY3g#0] Ánne lager mat.
[/FFAYuJZpZY3g]
[FSuCmOMLaZ10#0] nordmann skole kopi
[/FSuCmOMLaZ10]
[FauY-LTMj1xG#0] #Jeg snakker om den gule bilen
[/FauY-LTMj1xG]
[FpOKvcJZRP4k#0] Reindriftssame Jovsset Ánte Sara møtte stat på lagmannsretten nylig.
[/FpOKvcJZRP4k]
[FxeSaxaF3yTw#0] Ser barn?
[/FxeSaxaF3yTw]
[G0_p1eBmdcQP#0] dansekurs
[/G0_p1eBmdcQP]
[GC3lUWfIWKvu#0] Han bodde Tromsø som #barn.
[/GC3lUWfIWKvu]
[GGYB7_RRv0Cy#0] Ellers går han med hunden tre ganger til uka.
[/GGYB7_RRv0Cy]
[GRmYad8i_BLg#0] på #Jeg kom en nasjonal følelse.
[/GRmYad8i_BLg]
[Ge2G69Mytavp#0] Kniv han hadde #lage på stålet og på hornet.
[/Ge2G69Mytavp]
[GmxCMyX7kT7N#0] fryse til
[/GmxCMyX7kT7N]
[H47IHFIuY8pW#0] Hvorfor #du ser på #jeg?
[/H47IHFIuY8pW]
[HEGFbL8BVvjY#0] en God kveld.
[/HEGFbL8BVvjY]
[HPYh1eXo_9dw#0] til offentlige tjenestene
[/HPYh1eXo_9dw]
[HS5J_zRSf84_#0] Bord flyttet #annen til rommet.
[/HS5J_zRSf84_]
[HUvNcYLamN7A#0] #stor #replisere er der borte
[/HUvNcYLamN7A]
[H_tFbxvk0w98#0] på grunn av #vi
[/H_tFbxvk0w98]
[HhTSEzVzKwBk#0] Barnet sover.
[/HhTSEzVzKwBk]
[HlhqxiR_AN2V#0] Stryk #denne.
[/HlhqxiR_AN2V]
[Ht8MgRVMsB60#0] Kommer far i morgen?
[/Ht8MgRVMsB60]
[HwRC7z5hB_0x#0] #Jeg arbeidet #de som #medarbeider.
[/HwRC7z5hB_0x]
[I1eQXiqOIfSD#0] #Den  vet #vanskelig
[/I1eQXiqOIfSD]
[IL9srmTZ6i5I#0] og så ville komme 20 #god #blant.
[/IL9srmTZ6i5I]
[IOmXVIK8B-fB#0] til Dens er sikkert mange forklaringer.
[/IOmXVIK8B-fB]
[Ikn_M40snmqq#0] Da Per Mathisen kom hit nordover så allerede hadde det han #lære samisk.
[/Ikn_M40snmqq]
[Iu6Z_E52Rbvp#0] Skammen snakker når lider
[/Iu6Z_E52Rbvp]
[Jbt4hG7v0FnN#0] kommer #da nå?
[/Jbt4hG7v0FnN]
[JdpAop1aMiwc#0] #Hun er ei flink jente.
[/JdpAop1aMiwc]
[K5QaW47xL82W#0] er ikke #skrive.
[/K5QaW47xL82W]
[KHBxZWuIv2KF#0] #Jeg hørte at bestefar ikke #kjenne dens småfugl.
[/KHBxZWuIv2KF]
[KP2ujerjHW6v#0] 50 %
[/KP2ujerjHW6v]
[KPLG7wSaUC8M#0] Dens skjer juli på slutten.
[/KPLG7wSaUC8M]
[K_9Ht82s_-iK#0] Dens er både #bra og #dårlig.
[/K_9Ht82s_-iK]
[KeXxc12EgVeM#0] Ikke kaffen drikker?
[/KeXxc12EgVeM]
[Kf0j2hQwOLH7#0] #Den vet #vanskelig
[/Kf0j2hQwOLH7]
[Kn9MSWiGM-Tk#0] Her viser til reglene.
[/Kn9MSWiGM-Tk]
[Kykm8_tSarYD#0] Er enda #viktig samarbeide godt.
[/Kykm8_tSarYD]
[KzbB7eUPpcPZ#0] Ellers går han med hunden tre ganger til dagen.
[/KzbB7eUPpcPZ]
[L-VXjKQ7z-er#0] Reindriftskvinner ikke #være# fornøyd kommune barnehage til tilbudet
[/L-VXjKQ7z-er]
[L4DjPm8Q_XEc#0] ikke #noe er bra.
[/L4DjPm8Q_XEc]
[L6X0gXfzy6Gn#0] Der borte han bodde uke.
[/L6X0gXfzy6Gn]
[L8IGcnBCEZhv#0] Ikke så ham på ti år.
[/L8IGcnBCEZhv]
[LKHUtI_Gpq3u#0] #hvem #du ser rein?
[/LKHUtI_Gpq3u]
[LNo25mZWaf34#0] jeg
[/LNo25mZWaf34]
[LRLEip0e7lbl#0] #Jeg tok bil.
[/LRLEip0e7lbl]
[LkUKTUr1y41L#0] #Jeg bad hjelp.
[/LkUKTUr1y41L]
[M3wuk8sEd6oQ#0] Dens berører til #de #som #ha ikke lærere.
[/M3wuk8sEd6oQ]
[MMdd5uIYyAm7#0] #Vi vil vite skjer #da #noe, og hvis så gjør, #hvilken i tidsfristene på #denne i saken
[/MMdd5uIYyAm7]
[MMrQ5TZNINar#0] Prinsesse Märtha og #annen
[/MMrQ5TZNINar]
[MjICYPSQlgWm#0] #Jeg setter opp om så #selv filmfestival
[/MjICYPSQlgWm]
[Mxb2CpMsUbmo#0] Sametinget Kiruna koordinerer et nytt program.
[/Mxb2CpMsUbmo]
[NBlz2d9IDsKi#0] #Vi ønsker til #han #velkommen, rektor Gunvor Guttorm sier.
[/NBlz2d9IDsKi]
[NHm7r6QqhAAk#0] #Ta ting #du #med.
[/NHm7r6QqhAAk]
[NKqPZETrUzqo#0] reparere
[/NKqPZETrUzqo]
[NN5aZSvuTcka#0] «*Prosject» feirer fem år.
[/NN5aZSvuTcka]
[NN8bEy129TeS#0] til fjernundervisningen
[/NN8bEy129TeS]
[NVuNrc544m6d#0] Han tror #seg selv #frelse.
[/NVuNrc544m6d]
[N_H-gauiwoRs#0] Prøvde å trøste #vi.
[/N_H-gauiwoRs]
[O2u_4R2cWc0X#0] Ikke #jeg kan tale russisk.
[/O2u_4R2cWc0X]
[OMuR7cYd98se#0] Men minst en gang er skolen #bruke til dens at retter på viltre ungdommer istedenfor dens når sende #de til skolehjemmet.
[/OMuR7cYd98se]
[ObtbPJcKz6h5#0] Da var allerede i arbeidet Sameskolen i Troms
[/ObtbPJcKz6h5]
[OnWzNYbSqD7-#0] #du må først hunden drikke.
[/OnWzNYbSqD7-]
[Op_IXbjGdqpy#0] Alvorlig er det #denne Sameradioen mening?
[/Op_IXbjGdqpy]
[Ot8nwe5WlTBn#0] #1814 Grunnloven
[/Ot8nwe5WlTBn]
[OwEyYbCA9qYt#0] #Ot.prp. #nr. #41 1949 og #Ot.prp. #nr. #9 1951. Og
[/OwEyYbCA9qYt]
[Ox_MLqVZbBBS#0] #Vi behøver en samiskspråklig #ansatt.
[/Ox_MLqVZbBBS]
[P-dupwP5IRC1#0] påvirke
[/P-dupwP5IRC1]
[P2kzPOm9lZVf#0] #vi #ung folk
[/P2kzPOm9lZVf]
[P7gZKFLvNXhG#0] Oppdaget #hva som er #skje.
[/P7gZKFLvNXhG]
[PAegvg_388i-#0] Larsen igjen skynder.
[/PAegvg_388i-]
[PDY-fblp4PeR#0] Men #barn barnet skal sy kofte.
[/PDY-fblp4PeR]
[PDhdMSXSRZZI#0] Språk var et #stor problem.
[/PDhdMSXSRZZI]
[PUUX-hT-EQrM#0] #kjøpe ikke #noe.
[/PUUX-hT-EQrM]
[PXlerwK_2QhY#0] Var #en en viktig forskjell.
[/PXlerwK_2QhY]
[PmOpiQNAiKyn#0] Dens #være #jeg #egen skyld.
[/PmOpiQNAiKyn]
[QBDwyKeRZHOY#0] #selv #jeg tøver
[/QBDwyKeRZHOY]
[QCOvlm2z3QSV#0] Er så langt borte at ikke barn lenger når frem til reinen.
[/QCOvlm2z3QSV]
[QFUpOSn-OfpF#0] #Jeg spydde
[/QFUpOSn-OfpF]
[QQZbHGeraarb#0] nye saker påmelding
[/QQZbHGeraarb]
[QkZtvjzliaqo#0] #Vi skal sette kamera til lederreinen.
[/QkZtvjzliaqo]
[QtUeuIcMULft#0] Takk for gaven.
[/QtUeuIcMULft]
[RDJTEv4n_CWE#0] på grunn av #denne
[/RDJTEv4n_CWE]
[RP2amDc9zQPL#0] Ikke #da kommer #jeg som #hjelp?
[/RP2amDc9zQPL]
[RUnyjFnjY1Ug#0] Er så langt borte at ikke barna når frem til reinen der borte.
[/RUnyjFnjY1Ug]
[RV_2-0B1tLu6#0] Her #være sider #som kan tolke på to måter.
[/RV_2-0B1tLu6]
[RaH5GsgygvAC#0] ikke #noe om allmenningen.
[/RaH5GsgygvAC]
[Rl1X-GJLovxz#0] 10 år grunnskole #samisk studieplaner
[/Rl1X-GJLovxz]
[Rt7MIzbY69pQ#0] Men #jeg bor Karasjok.
[/Rt7MIzbY69pQ]
[S8Nx04KoYnG1#0] at forsto #noe på dens #som sa
[/S8Nx04KoYnG1]
[SCxFH5gbKsIw#0] kanskje #jeg skal snakke bare til samisk på #denne på kanalen.
[/SCxFH5gbKsIw]
[SRctdJ9pVo_Z#0] #Jeg snakker om været
[/SRctdJ9pVo_Z]
[SXT1hGCq4xjU#0] Dens er #jeg bord.
[/SXT1hGCq4xjU]
[SZ6aeRNg2Ouh#0] på grunn av dens
[/SZ6aeRNg2Ouh]
[SZJ8pCKuW4lX#0] Kong Haakon #komme juni en #7. dag, på dagen fem år etter at Konge var #bli å forlate land.
[/SZJ8pCKuW4lX]
[Sm11dYbRWuA8#0] Han fra Er det #Island
[/Sm11dYbRWuA8]
[Sso-jKkCaZLW#0] #Denne møtene holder tre ganger til uka.
[/Sso-jKkCaZLW]
[T-PD4LD9Pm6_#0] #komme ikke
[/T-PD4LD9Pm6_]
[TAN8bH9uVBGk#0] Så lytter
[/TAN8bH9uVBGk]
[TDAFpt5yamNL#0] #Jeg #ha #en  bil.
[/TDAFpt5yamNL]
[TLxG25naavuu#0] Han er #taxi som #sjåfør Oslo.
[/TLxG25naavuu]
[TONEAq5etP4-#0] #lese ikke.
[/TONEAq5etP4-]
[TsfRVZGh-m6m#0] Må tro #slik i spøkelseshistoriene
[/TsfRVZGh-m6m]
[U97rzRhXIvYf#0] lenge #da #du var der borte?
[/U97rzRhXIvYf]
[UB3u_u8ADkTU#0] Ministeren kom, lovde og gikk igjen.
[/UB3u_u8ADkTU]
[UL8UW9AhI3aa#0] #Jeg lærte å skrive samisk, #min morsmål.
[/UL8UW9AhI3aa]
[UNugGW1jS4Q-#0] #Jeg så #den som #mistillit #jeg #mot.
[/UNugGW1jS4Q-]
[UQYgh2nG5-aI#0] #hjelpe ikke #jeg?
[/UQYgh2nG5-aI]
[URGcwglYtSPR#0] Kaker han lager goder
[/URGcwglYtSPR]
[UeuRkS9cvRX5#0] #Vi #kjær Ánne fyller 10 år oktober en #10. dag.
[/UeuRkS9cvRX5]
[UgIirDVITxyD#0] Faren kommer i morgen?
[/UgIirDVITxyD]
[UhZ4NW62G95W#0] Larsen selvfølgelig skynder.
[/UhZ4NW62G95W]
[UjDfzj3f-r0r#0] skal *gásttašahttit barn til presten
[/UjDfzj3f-r0r]
[UkK1-wuXuLiF#0] Men sametingspresident derimot ikke #ville #språksenter lederen kritisere fordi at president #snakke ikke på nyttårstalen.
[/UkK1-wuXuLiF]
[Uo9iKGqH8jvy#0] som #Ungdom han bodde Tromsø.
[/Uo9iKGqH8jvy]
[V-29PC8-pZdd#0] Første instrukser
[/V-29PC8-pZdd]
[V449lbKLhy7o#0] Samtidig #Arbeiderpartiet er for #de et eneste parti #som #ha  en sosialdemokratisk ideologi.
[/V449lbKLhy7o]
[VBh2HgqSRxtt#0] Sender gjerne til #vi e-post.
[/VBh2HgqSRxtt]
[VE7Q_F8ftKST#0] Trodde kulturkompetanse være #en som #argument.
[/VE7Q_F8ftKST]
[VEsSeJn4wn20#0] #Tre fire
[/VEsSeJn4wn20]
[VLD-qMM29NPM#0] Ellers går han med hunden tre time til uka.
[/VLD-qMM29NPM]
[VVLQ5k37MAFe#0] Christina oppfatning Henriksen #være språkdebatt retorikk #slik #som splitter.
[/VVLQ5k37MAFe]
[VWMknZusZbFR#0] Møtet skal lage en ny plan.
[/VWMknZusZbFR]
[VkBgRIZSho-L#0] #du #natt #bord i skuffen?
[/VkBgRIZSho-L]
[Vr600sakZMV1#0] Tine fra Er det #Norge
[/Vr600sakZMV1]
[VtpN4pkhCeSO#0] Máhtte #ha ikke #skrive.
[/VtpN4pkhCeSO]
[W466ogfkQVPE#0] Máhtte lager mat.
[/W466ogfkQVPE]
[WXrwDsJF-NW2#0] Takk på gaven.
[/WXrwDsJF-NW2]
[WbGjEDtdimwA#0] Når ekstraen arbeider, så dens er som en varm honning
[/WbGjEDtdimwA]
[WgHHd01qK-Cl#0] #Vi er nå kommune en #stor barnehage.
[/WgHHd01qK-Cl]
[X1VScpfltk3s#0] #en #Flink #samisk den pedagogiske #ansatt arbeider i barnehagen.
[/X1VScpfltk3s]
[X5J2v_pAqgW0#0] Bok koster to krone.
[/X5J2v_pAqgW0]
[XBi0R64U_ZAl#0] er ikke #skrive.
[/XBi0R64U_ZAl]
[XGn2-ziBT9hu#0] #19 Jovsset
[/XGn2-ziBT9hu]
[XLYPvGkG5_ER#0] Kautokeino kommune ordfører
[/XLYPvGkG5_ER]
[XYckESRQ2lIG#0] #Jeg stoler på #du
[/XYckESRQ2lIG]
[Xz9OygUnVBR6#0] Kautokeino er høyskole.
[/Xz9OygUnVBR6]
[Y-xtmLIjY-bx#0] som #ungdom han har #den #lære
[/Y-xtmLIjY-bx]
[Y27Up7iyPaXF#0] Himmel var den røde sola #gå
[/Y27Up7iyPaXF]
[Y7vXk-R2hBZf#0] #Vi mister #mange en mulig samisklærer.
[/Y7vXk-R2hBZf]
[YYnVOM7XugSi#0] Programmene kaller som sakte #TV.
[/YYnVOM7XugSi]
[YpHTmbmhnsVR#0] skole samisk opplæring og #samisk verdier opplæring grunnlag
[/YpHTmbmhnsVR]
[Z3R6BXBpz8OZ#0] #Samisk den pedagogiske #ansatt arbeider der borte.
[/Z3R6BXBpz8OZ]
[Z4FD8HIyhsKB#0] Så har ikke #skje på 567 år.
[/Z4FD8HIyhsKB]
[Z4dah_Ub4iH3#0] er ikke #skrive.
[/Z4dah_Ub4iH3]
[Z6SIOVndyTyQ#0] Han fra Er det #Norge
[/Z6SIOVndyTyQ]
[Z70kRJIQ3n95#0] er ikke #skrive
[/Z70kRJIQ3n95]
[ZYZ0DHIJvVxG#0] at Norge #kunne ikke greie mot den flegmatiske krigsmakten.
[/ZYZ0DHIJvVxG]
[_2tlU3RYE0hd#0] #Jeg tenkte #seg selv.
[/_2tlU3RYE0hd]
[_BHiDLmWYWVe#0] #Denne selvfølgelig betyr mye til dens til personen #som har #vinne.
[/_BHiDLmWYWVe]
[_DGwfZHIvSqG#0] 1964 #komme Nordreisa husmorskole
[/_DGwfZHIvSqG]
[_M60_MzkThaJ#0] #fjerntliggende
[/_M60_MzkThaJ]
[_NaPBKXHSPha#0] landskap og #natur begrep
[/_NaPBKXHSPha]
[_Sa7GmZX9dXK#0] #1,1 #+ 2.13 #1,- 10.99
[/_Sa7GmZX9dXK]
[_XzHvqjYJx6Z#0] Viste at kom røyk ut på skolen.
[/_XzHvqjYJx6Z]
[_b9VNEl9VRGA#0] Han er Island
[/_b9VNEl9VRGA]
[_lS0M5c4BK6k#0] når #komme ikke.
[/_lS0M5c4BK6k]
[_uGnZ4j6EFWg#0] Ansvar var #sette til kirka, og #være prest #som #den gjennomførte.
[/_uGnZ4j6EFWg]
[_x9qtLj_ENkd#0] Kan være med #styrke reindrift overlevelse i det sårbare området.
[/_x9qtLj_ENkd]
[a9inKTkiVdok#0] #Rar da #komme ikke.
[/a9inKTkiVdok]
[aD0ym2XuLvXO#0] 5 en år gammel tannhelse #være ikke  avhengig av barna.
[/aD0ym2XuLvXO]
[aGtsv-sO06Ve#0] Sverige og Norge
[/aGtsv-sO06Ve]
[acKui6OBm1JX#0] ham #sin
[/acKui6OBm1JX]
[ajYAQECWOK6l#0] #Jeg må rydde #min rom.
[/ajYAQECWOK6l]
[akyaxMb7l7Cm#0] Samisk høgskole er #en på #den på høyskolene.
[/akyaxMb7l7Cm]
[amT3nvd1Ju_j#0] Hendelse selvfølgelig berører dens til det journalistiske arbeidet.
[/amT3nvd1Ju_j]
[an1vXWo4VF7U#0] leste
[/an1vXWo4VF7U]
[auBlDCJXuA6C#0] Sammenlign #annen med språkene.
[/auBlDCJXuA6C]
[awH9fU-V8Gsb#0] Er sant?
[/awH9fU-V8Gsb]
[bBR03yhEEXoo#0] Foreldre drømte å få et særskilt hus barnehage til bruken
[/bBR03yhEEXoo]
[bGL8y9p1XojY#0] #Jeg gikk ut røyke.
[/bGL8y9p1XojY]
[bHHls7MleFPJ#0] #hver
[/bHHls7MleFPJ]
[bJWwVrX8Z6ah#0] To kroner har #komme.
[/bJWwVrX8Z6ah]
[bPQGBWN8HJwk#0] #Jeg visste hest på #han #være
[/bPQGBWN8HJwk]
[bSl4yqYBg-vI#0] en God dag.
[/bSl4yqYBg-vI]
[bXXjqJR1K9_T#0] brukere til offentlige tjenestene
[/bXXjqJR1K9_T]
[bldWwLO2GqYW#0] Tall har #stor år til året.
[/bldWwLO2GqYW]
[cIH-YVAwyMmO#0] #Jeg vet pengene #være på bestemor.
[/cIH-YVAwyMmO]
[cTrwGlCtz2jf#0] #Samisk barn behøver støtta bevare og utvikle #sin språk.
[/cTrwGlCtz2jf]
[ceFeg7inobkw#0] Nå #dere må #ferdig.
[/ceFeg7inobkw]
[dNexEQxcrlM9#0] Han #kanskje komme hjem.
[/dNexEQxcrlM9]
[dNtA9LGekkN8#0] Märtha Louise #få #den 16 år siden.
[/dNtA9LGekkN8]
[deY8KHpJxTVT#0] Máhtte fortalte bestefaren komme.
[/deY8KHpJxTVT]
[df6tE6FYXL6E#0] #Jeg #ha #en  mat
[/df6tE6FYXL6E]
[dnsZ98V8xiSC#0] Og så begynte å snø
[/dnsZ98V8xiSC]
[do1YkORc-2a2#0] Så skal svømme dens med mennesket.
[/do1YkORc-2a2]
[duKmSwN400hX#0] Hvis ikke #være #jeg #selv.
[/duKmSwN400hX]
[dwVbYnlf4T7P#0] Da Kong Olav #syk 1990 vårer.
[/dwVbYnlf4T7P]
[e4Ga53L14gvn#0] kanskje #jeg skal snakke bare til samisk.
[/e4Ga53L14gvn]
[eCnwdtIcCDtG#0] #Vi savner kunst og kulturelement *Hjertespråket i utredninga.
[/eCnwdtIcCDtG]
[eD1C3rWVNmmC#0] Gid #jeg der borte eller han her.
[/eD1C3rWVNmmC]
[eHQkhUrZWmzV#0] er ikke #skrive
[/eHQkhUrZWmzV]
[eWQR1rLY2-5i#0] #Vi narret til #de
[/eWQR1rLY2-5i]
[ea4r6edxwNCR#0] Så tror #jeg.
[/ea4r6edxwNCR]
[edlK42g7HRH_#0] Ikke #noe på #de vil kommentere sak på avisa.
[/edlK42g7HRH_]
[eeqSwHn5BDDP#0] #Hver år konfirmerer omtrent 40 000 ungdommer Den norske kirke
[/eeqSwHn5BDDP]
[elgJNuCXDjSx#0] Han har #arbeide som #journalist år 1983 #fra.
[/elgJNuCXDjSx]
[f5uo_C2ADILN#0] #Jeg #sint på #du
[/f5uo_C2ADILN]
[f8BCPQbcUwNA#0] Dit #komme mann #som var for den #i tretti tien.
[/f8BCPQbcUwNA]
[fJQ0iDuEWJhV#0] Reindriftssaker blir #del av dens på saksmengden #som skal behandle
[/fJQ0iDuEWJhV]
[fT-pLmZkkuaf#0] til den #I seksti tien kvinna antar #drepe.
[/fT-pLmZkkuaf]
[fWDeqN-SC4Mh#0] Bare Hammerfest #være ikke #gå i fjor siden.
[/fWDeqN-SC4Mh]
[fbAiUySuE2ix#0] Máhtte sa #de reise nå allerede.
[/fbAiUySuE2ix]
[fbD8oXlaicAh#0] #Vi må å tenne på bål.
[/fbD8oXlaicAh]
[fexZ9WSoiS8G#0] ikke #noe er bra.
[/fexZ9WSoiS8G]
[fxCDN8Gpn2NM#0] Han vasket.
[/fxCDN8Gpn2NM]
[gLiLWKJFjpYS#0] Avis publiserer helt til lørdag.
[/gLiLWKJFjpYS]
[gXVEGC6HnnMy#0] #Bra #nok fortelle #all
[/gXVEGC6HnnMy]
[ge8W90zH5eSv#0] Etter at Kunnskapsløftet fungerte, så #ha #denne tilskuddet #forsvinne.
[/ge8W90zH5eSv]
[gkwqNznBp4jj#0] forsyning
[/gkwqNznBp4jj]
[go3AerZbHggq#0] Máhtte fortalte at bestefaren kommer.
[/go3AerZbHggq]
[goDwmH0TNt1j#0] Nå har på #han 137 geiter
[/goDwmH0TNt1j]
[gqIGc8XqyW3Q#0] Sametingspresident Larsen igjen snakker.
[/gqIGc8XqyW3Q]
[gvlZmzZoVA9y#0] Er så langt borte at ikke barna når frem til reinen.
[/gvlZmzZoVA9y]
[gxhxTeJeu0__#0] #jeg til det store besværet
[/gxhxTeJeu0__]
[h0IYDMnGBXMb#0] Etter at parlamentarismen etablerte
[/h0IYDMnGBXMb]
[hHShlqfnaLiV#0] Rypejakta minket med halvparten.
[/hHShlqfnaLiV]
[hMNYHe8NLfWs#0] Fant #noe?
[/hMNYHe8NLfWs]
[hNCwi8B-0Teg#0] Sametinget ser at kan bli #utfordrende #noe til kommunene Norge betjene #seg selv et samiskspråklig folk til samisk.
[/hNCwi8B-0Teg]
[hkVL5o0Z_mk4#0] #Jeg reiser Norge.
[/hkVL5o0Z_mk4]
[hmBdB1Y6V9IP#0] #samisk verdier opplæring grunnlag
[/hmBdB1Y6V9IP]
[iDPIk6ptT-wP#0] syr
[/iDPIk6ptT-wP]
[iJ09gNZ01_5u#0] #Tre fire
[/iJ09gNZ01_5u]
[iKEAoNeiNwk1#0] Máhtte har #komme.
[/iKEAoNeiNwk1]
[ifECDkBSjLKN#0] hadde ansvar for #de
[/ifECDkBSjLKN]
[ijs8Op5Ro21v#0] #Dere tar bare #deres² ting med.
[/ijs8Op5Ro21v]
[io8-COmRP_oF#0] #Leder til arbeidet går ei mye tid.
[/io8-COmRP_oF]
[iyHv2_1AhnFi#0] lenge #du var der borte?
[/iyHv2_1AhnFi]
[izSZrzktA4h0#0] Stat vegvesen har nå #skrive avtaler Kautokeino, Alta, Loppa og Hasvik #snørydding til arbeidene.
[/izSZrzktA4h0]
[jBcUvObQxTRZ#0] Lærere har #kunne behandle sak bedre.
[/jBcUvObQxTRZ]
[jIXA9C0ojadX#0] #Jeg har #vant røyke.
[/jIXA9C0ojadX]
[jMlZOpRbtJ4t#0] 113 på nødnummeret
[/jMlZOpRbtJ4t]
[jbxMnPWn4Nuf#0] Skole for det meste var bare en vanlig nordmann skole kopi
[/jbxMnPWn4Nuf]
[jm_APtGKbrsl#0] 22 #år gammel Tine Chris Mathisen flyttet helt alene sørfra Sameland.
[/jm_APtGKbrsl]
[jqEI7efnm5wj#0] Nye vitner forklaringer #styrke #mann #to personer sak.
[/jqEI7efnm5wj]
[jrKFBxh62RLO#0] Esther begynte å snakke om slektningen, og så #kjent også til #hun, forklarer Skoglund.
[/jrKFBxh62RLO]
[jv6A9MDihzlG#0] Nå må forsoningsprosessen igangsette.
[/jv6A9MDihzlG]
[kBcfZXGKYE2B#0] Bestemor så #seg selv i speilet.
[/kBcfZXGKYE2B]
[kHV7CuJfgBO5#0] Máhtte betaler to krone.
[/kHV7CuJfgBO5]
[kJkB0_j3maPU#0] Mor fortalte hvor #viktig dens var at...
[/kJkB0_j3maPU]
[kN1Y3CFsxZ9F#0] som #Lærer #samisk i grunnskolen
[/kN1Y3CFsxZ9F]
[kUf5vL6otk1Z#0] 50.0 %
[/kUf5vL6otk1Z]
[k_SnCmpNCAeS#0] Finnmark aviser i tekstene
[/k_SnCmpNCAeS]
[kcVMJr9yaWnE#0] spør
[/kcVMJr9yaWnE]
[kejdBu7W47Pm#0] Eilif Andreas Aslaksen (53) har #vokse Tana.
[/kejdBu7W47Pm]
[l0wxcs_UrRDp#0] en #Stor hendelse #som noensinne har #være.
[/l0wxcs_UrRDp]
[l5Rf05xi6Epu#0] 50 %
[/l5Rf05xi6Epu]
[l8tnDry74bEI#0] Kronprinsesse Märtha og #vi er
[/l8tnDry74bEI]
[lDCF0fEE5EXv#0] Øst-Finnmark er *Ukjendord OS #finne å bygge to vindmøllepark
[/lDCF0fEE5EXv]
[lLYD2AANctWW#0] spør
[/lLYD2AANctWW]
[lOQ6ocJuabb6#0] Nå får se Vårflytting på minuttet til minuttet.
[/lOQ6ocJuabb6]
[lQCrOQxZQuM5#0] Lavangen samiskundervisning vurdering
[/lQCrOQxZQuM5]
[lUxqE8sGuPR2#0] Larsen igjen skriver brev.
[/lUxqE8sGuPR2]
[lkWroHf7o16h#0] vet ikke var #da #sann
[/lkWroHf7o16h]
[lkxKpBS5VaLK#0] visste
[/lkxKpBS5VaLK]
[lp69Qk_y2Zi-#0] Folkeskole og lærerseminar ei #mellom tid.
[/lp69Qk_y2Zi-]
[lpZvFZSZDClJ#0] Lytter #da #du?
[/lpZvFZSZDClJ]
[ltpTkF1vsrfr#0] september #7.d. 1854
[/ltpTkF1vsrfr]
[lzi6TkRTrdSE#0] Han vet kommer #da hjem
[/lzi6TkRTrdSE]
[m9TOzaE23g4u#0] #replisere er der borte
[/m9TOzaE23g4u]
[mF2ZiR2gWf3s#0] #vi
[/mF2ZiR2gWf3s]
[mZJUVHWjWfHv#0] Er naturlig granske #denne.
[/mZJUVHWjWfHv]
[mb7U1JOL_jTm#0] #vi greier #på egen hånd
[/mb7U1JOL_jTm]
[mhLQ06PKOypA#0] Máhtte ikke #nok stemme #Arbeiderpartiet der borte.
[/mhLQ06PKOypA]
[mmQ3HvHMzLL6#0] Sa #seg selv #drikke en mye alkohol
[/mmQ3HvHMzLL6]
[mwd-2VYEqoKJ#0] Kjørereinene løper som er #frykte.
[/mwd-2VYEqoKJ]
[mxG5i7unLJJv#0] Selv om er #noe forskjeller, så kan sammenligne #de skikker #vi skikker.
[/mxG5i7unLJJv]
[nAP-wch8wDgO#0] #Jeg har Ánde som #medarbeider.
[/nAP-wch8wDgO]
[nUKNF0NPG8pF#0] #Tanaværing Hilde Porsanger har lyst #dra hjem Tana til kommunen, men #manglende #leie hus kommunen forårsaker at blir utgangspunkt til far flytte
[/nUKNF0NPG8pF]
[nYKe0tVAdC7B#0] #Samisk #kjøkken #ansatt arbeider i barnehagen.
[/nYKe0tVAdC7B]
[neKK7IkGonKe#0] Hilsningene er for samisken.
[/neKK7IkGonKe]
[nfLu1BLXnS9C#0] Han er Norge
[/nfLu1BLXnS9C]
[nx-TlFek4KKl#0] #Noe også #utstå ikke, #tore ikke se eller berøre.
[/nx-TlFek4KKl]
[oc_GcykyA17O#0] Norge har 2005 #fra #være avtale om konsultasjonene stat myndigheter og mellom Sametinget.
[/oc_GcykyA17O]
[ofKvR6p1NDXO#0] #Du i medisinen
[/ofKvR6p1NDXO]
[onQnv8s83Il3#0] #Jeg er på butikken.
[/onQnv8s83Il3]
[otFyZHXp6__-#0] er ikke #skrive.
[/otFyZHXp6__-]
[p994HfCBG01J#0] Sametinget ser at kan bli #utfordrende.
[/p994HfCBG01J]
[pENLlTf46nt_#0] Gjør oppmerksom på barn.
[/pENLlTf46nt_]
[pPTaaQ2N_5b3#0] Er #fredelig og samtidig kan om så #hva skje.
[/pPTaaQ2N_5b3]
[pZpc3ZH7dmAs#0] #Anse #samisk tradisjon på #verdifull.
[/pZpc3ZH7dmAs]
[pizyhwnJsDm5#0] #denne år på valget
[/pizyhwnJsDm5]
[qDm97HuoF9_c#0] Verden har #forandre på dens siden da han #synge #denne melodi.
[/qDm97HuoF9_c]
[qN2KR33PWqjT#0] Lille vedkassene var som #benk og til dens enda #i tillegg #vi #egen matkister.
[/qN2KR33PWqjT]
[qNX2L-KVoKYN#0] Da hørte samisk på #denne på reisa
[/qNX2L-KVoKYN]
[qd3UMnVj1gwO#0] Tror at #denne har #påvirke #positiv #de identitetsutvikling.
[/qd3UMnVj1gwO]
[qsuxFofYqUPb#0] oppfatning #Jeg #være lærlingeordning #viktig.
[/qsuxFofYqUPb]
[rbBca6UsyWin#0] på grunn av det dårlige været
[/rbBca6UsyWin]
[rhqXZlAg6q6Q#0] 1997 fikk 10 år grunnskole studieplan
[/rhqXZlAg6q6Q]
[ruBbgLMrVPQf#0] visste
[/ruBbgLMrVPQf]
[s-k2_PU3C1IR#0] så få å banke dør først
[/s-k2_PU3C1IR]
[s5KZdxgtXZoS#0] Bedre er å flytte når bli
[/s5KZdxgtXZoS]
[sD70zgpuC3um#0] Máhtte #igjen på stranda.
[/sD70zgpuC3um]
[sF4kR2Kx5HK-#0] 1.1
[/sF4kR2Kx5HK-]
[sJM3oOML3sxM#0] regner
[/sJM3oOML3sxM]
[sKguV2WqYChT#0] Máhtte roste #seg selv #vinne dens konkurranse
[/sKguV2WqYChT]
[sQMLsqfi8c43#0] Var så avsides at #behøve ikke evakuere 1944 høsten og bodde der borte ei hel tid.
[/sQMLsqfi8c43]
[sRbPPvcMTSFK#0] Samisk grunnfag er morsmålsfag
[/sRbPPvcMTSFK]
[sXR7vHXrKhKt#0] Himmelen var rød, da sola gikk ned
[/sXR7vHXrKhKt]
[sl6bc6DQ7cHd#0] Da #han far døde så forbød samisken snakke i telefonen
[/sl6bc6DQ7cHd]
[svwsWSweoM5W#0] Skoler og undervisningssteder er #viktig steder.
[/svwsWSweoM5W]
[szUW-9M7_A_P#0] #Vi folk framtiden er avhengig av regjeringa.
[/szUW-9M7_A_P]
[tD3TUduww6y2#0] #ha ikke #komme.
[/tD3TUduww6y2]
[tKSjKM3C1jtE#0] #Samisk barn behøver støtta bevare og utvikle #sin språk og kultur hvor nå enn bor i landet.
[/tKSjKM3C1jtE]
[tLhAZMyaUpNv#0] Ungdommene #skrive tekster til samisk.
[/tLhAZMyaUpNv]
[tV4MSQl5haEA#0] #Hun navn er Máret.
[/tV4MSQl5haEA]
[tlCXdPfDryBq#0] Barn har #komme til skolen.
[/tlCXdPfDryBq]
[tsY0GDMjtMni#0] er ikke #skrive.
[/tsY0GDMjtMni]
[tsc_9BPq-Z-g#0] Baldur #da har #komme?
[/tsc_9BPq-Z-g]
[tyDRBznYhJFv#0] Vest-Finnmark lærere forening årsmøte
[/tyDRBznYhJFv]
[tymxnrVyth9e#0] spiste
[/tymxnrVyth9e]
[u39tmVSj6Iid#0] «*Prosject Z» feirer fem år.
[/u39tmVSj6Iid]
[uSt8a1-GKvIe#0] er ikke #skrive
[/uSt8a1-GKvIe]
[ucazX2k2Uyta#0] Arbeider hjemme til lunsj
[/ucazX2k2Uyta]
[uepE5Ju82hmC#0] Kommunen var positiv nettopp så langt som loven pliktet.
[/uepE5Ju82hmC]
[ugN5AJgcyY7i#0] Ikke enda vet hvor skal arbeide.
[/ugN5AJgcyY7i]
[uohUYxK_2ELB#0] land #annen et nordsamisk navn
[/uohUYxK_2ELB]
[uvGiiCy3L0CH#0] Er #nevne at svensker prøvde Finnmark ta 1600 på tallet
[/uvGiiCy3L0CH]
[v4b_bXs3PTW5#0] artist #de to Amund Johnskareng og Per Tor Turi synger og spiller.
[/v4b_bXs3PTW5]
[v8cJjiSDssmD#0] #kringkasting kaffe
[/v8cJjiSDssmD]
[v9jPa_DeY2Fz#0] Han var da omtrent 60 #år gammel.
[/v9jPa_DeY2Fz]
[vLJM3c-kglpQ#0] Her #være gave #dere til den flinke gutten
[/vLJM3c-kglpQ]
[vOcnFQFP4JAm#0] #Mange år han har #være beste #blant.
[/vOcnFQFP4JAm]
[vyjpdgzKNr6e#0] #Den skal Anne fortelle Sameland.
[/vyjpdgzKNr6e]
[w4uK8N_9ooy_#0] reise er morsomt.
[/w4uK8N_9ooy_]
[w9FlBLEei0Gw#0] Men sametingspresident ikke #ville #språksenter lederen kritisere.
[/w9FlBLEei0Gw]
[wQWdU-kWpjfI#0] 1300 tall
[/wQWdU-kWpjfI]
[w_opNwrZrk6d#0] Ellers går han med hunden tre time til dagen.
[/w_opNwrZrk6d]
[wc8a94zSLEpy#0] #De #arbeid var.
[/wc8a94zSLEpy]
[wtWdwuYlwrbG#0] Etter hvert forbød samisk.
[/wtWdwuYlwrbG]
[wxgml3Dc57jm#0] Máhtte #ha ikke #komme
[/wxgml3Dc57jm]
[x3XeQQxbdpH_#0] spør
[/x3XeQQxbdpH_]
[x9JN9mI9wzTl#0] Märtha og #annen
[/x9JN9mI9wzTl]
[x9KPyBc8nlJI#0] Økonomiske støtter
[/x9KPyBc8nlJI]
[xFOrhAl3uD45#0] Nå han #være Reindriftsbarn barnehage sjef
[/xFOrhAl3uD45]
[xGvg9voQD6A2#0] #Vi har #samles å debattere sak.
[/xGvg9voQD6A2]
[xUfexR2JKhG0#0] Møtet skal lage plan.
[/xUfexR2JKhG0]
[x_-naClxr0ej#0] #Vi tar bare #vår ting med.
[/x_-naClxr0ej]
[xcQCO9-nbuWy#0] Han ryddet #sin rom.
[/xcQCO9-nbuWy]
[xdf9ZxodlyaP#0] Da Tine Mathisen kom hit nordover så allerede hadde det #hun #lære samisk.
[/xdf9ZxodlyaP]
[xeAx6qYdGGh8#0] Han ville undersøke bodde #da folk der borte
[/xeAx6qYdGGh8]
[xiwOn1FoSNkz#0] #Jeg skal regne ut #hvor mange #vi #være #denne gang.
[/xiwOn1FoSNkz]
[xxmJaBHvyM7f#0] I går fikk kautokeinoværing over #1,3 million krone.
[/xxmJaBHvyM7f]
[yEZ8FmhkaKjk#0] Máhtte er #skrive.
[/yEZ8FmhkaKjk]
[yYHTAIlliYRJ#0] #De har #oversette hefte til samisk.
[/yYHTAIlliYRJ]
[yarTR8aqq33j#0] for #Jeg dens bare styrket.
[/yarTR8aqq33j]
[ymUCBE_SvkVG#0] #Samisk som #barnehage #mene dens barnehage #som via bestemmelsene har #grunnlegge barnehagedrift #samisk til språket og til kulturen.
[/ymUCBE_SvkVG]
[yspq23rWW2D7#0] så kan dens gi til #du 60 000 krone
[/yspq23rWW2D7]
[yuDJwvrbkMXQ#0] #Du medisin kunne #være nytte
[/yuDJwvrbkMXQ]
[zJwnEiFUSQIq#0] som #ungdom han allerede har det #den #lære
[/zJwnEiFUSQIq]
[z_qgb4EbhxgI#0] #nå# frem #den #hver på stedet
[/z_qgb4EbhxgI]
[zsjz3evLEk84#0] som #Redaktør år fra 2015 oktoberer #være Eilif Andreas Aslaksen.
[/zsjz3evLEk84]
[zud6qPf69ixv#0] Dens er #all #som #jeg har.
[/zud6qPf69ixv]
[zxHISrl9IJk4#0] #Være dag #bra
[/zxHISrl9IJk4]
[zxxTH3VxDqBe#0] Festival #arrangere #denne år juli en #1. dag, slik som vanligvis Bieskkenjárga Karasjok.
[/zxxTH3VxDqBe]
