[10vuJA_wv6Z4#0] ^Gonagas/gonagas<n><sem_hum><sg><nom><←sme→>$ ^Harald/Harald<np><ant><m><sg><nom><←sme→>$
[/10vuJA_wv6Z4]
[5lw5MRaU9oZe#0] ^dálkki/dálki<n><sem_wthr><sg><gen><←sme→>$ ^geažil/geažil<post><←sme→>$
[/5lw5MRaU9oZe]
[7cJvryNjmakD#0] ^giellarevitaliseren/giellarevitaliseren<n><sem_act><sg><nom><←sme→>$
[/7cJvryNjmakD]
[A2pYKBduUi4Q#0] ^Mánát/mánná<n><sem_hum><pl><nom><←sme→>$ ^leat/leat<vblex><iv><indic><pres><p3><pl><←sme→><@+FMAINV>$ ^iehčanassii/iehčanassii<adv><←sme→>$ ^ruovttus/ruovttus<adv><←sme→>/ruovttus<adv><sem_plc><←sme→>$^./.<sent>$
[/A2pYKBduUi4Q]
[EZyWS1Hp7O3O#0] ^muohtasuddama/muohtasuddan<n><sem_act><sg><gen><←sme→>$
[/EZyWS1Hp7O3O]
[EloK9Q8SACDJ#0] ^Anne/Anne<np><ant><f><attr><←sme→>$ ^Tornensis/Tornensis<np><cog><attr><←sme→>$ ^Hætta/Hætta<np><cog><sg><nom><←sme→>$
[/EloK9Q8SACDJ]
[FFAYuJZpZY3g#0] ^Ánne/Ánne<np><ant><f><sg><nom><←sme→>$ ^ráhkada/ráhkadit<vblex><tv><indic><pres><p3><sg><←sme→><@+FMAINV>$ ^biepmu/biebmu<n><sem_event_food><sg><acc><←sme→>$^./.<sent>$
[/FFAYuJZpZY3g]
[GmxCMyX7kT7N#0] ^galbmit/galbmit<vblex><iv><inf><←sme→><@-FMAINV>$
[/GmxCMyX7kT7N]
[HhTSEzVzKwBk#0] ^Mánná/mánná<n><sem_hum><sg><nom><←sme→>$ ^oađđá/oađđit<vblex><iv><indic><pres><p3><sg><←sme→><@+FMAINV>$^./.<sent>$
[/HhTSEzVzKwBk]
[Ht8MgRVMsB60#0] ^Boahtágo/boahtit<vblex><iv><indic><pres><p3><sg><qst><←sme→><@+FMAINV>$ ^áhčči/áhčči<n><sem_hum><sg><nom><←sme→>$ ^ihttin/ihttin<adv><←sme→>/ihttin<adv><sem_time><←sme→>$^?/?<sent>$
[/Ht8MgRVMsB60]
[NN8bEy129TeS#0] ^gáiddusoahpahussii/gáiddusoahpahus<n><sem_edu><sg><ill><←sme→>$
[/NN8bEy129TeS]
[QtUeuIcMULft#0] ^Giitu/giitu<n><sem_prod-cogn><sg><nom><←sme→>$ ^skeaŋkka/skeaŋka<n><sem_obj><sg><gen><←sme→>$ ^ovddas/ovddas<post><←sme→>$^./.<sent>$
[/QtUeuIcMULft]
[UgIirDVITxyD#0] ^Áhččigo/áhčči<n><sem_hum><sg><nom><qst><←sme→>$ ^boahtá/boahtit<vblex><iv><indic><pres><p3><sg><←sme→><@+FMAINV>$ ^ihttin/ihttin<adv><←sme→>/ihttin<adv><sem_time><←sme→>$^?/?<sent>$
[/UgIirDVITxyD]
[go3AerZbHggq#0] ^Máhtte/Máhtte<np><ant><m><sg><nom><←sme→>$ ^muitalii/muitalit<vblex><tv><indic><pret><p3><sg><←sme→><@+FMAINV>$ ^ahte/ahte<cnjsub><←sme→><@CVP>$ ^áddjá/áddjá<n><sem_hum><sg><nom><←sme→>$ ^boahtá/boahtit<vblex><iv><indic><pres><p3><sg><←sme→><@+FMAINV>$^./.<sent>$
[/go3AerZbHggq]
[hHShlqfnaLiV#0] ^Rievssatbivdu/rievssatbivdu<n><sem_act><sg><nom><←sme→>$ ^unnon/unnut<vblex><iv><indic><pret><p1><sg><←sme→><@+FMAINV>$ ^beliin/bealli<n><sem_hum_part><sg><com><←sme→>$^./.<sent>$
[/hHShlqfnaLiV]
[rbBca6UsyWin#0] ^garra/garas<adj><attr><←sme→>$ ^dálkki/dálki<n><sem_wthr><sg><gen><←sme→>$ ^geažil/geažil<post><←sme→>$
[/rbBca6UsyWin]
[rtfC5S_yOAH0#0] ^Beana/beana<n><sem_ani><sg><nom><←sme→>$ ^lea/leat<vblex><iv><indic><pres><p3><sg><←sme→><@+FMAINV>$ ^hui/hui<adv><←sme→>$ ^ilolaš/ilolaš<adj><sg><nom><←sme→>$ ^dál/dál<adv><←sme→>/dál<adv><sem_time><←sme→>$^./.<sent>$
[/rtfC5S_yOAH0]
[uepE5Ju82hmC#0] ^Suohkan/suohkan<n><sem_org><sg><nom><←sme→>/suohkan<n><sg><nom><←sme→>$ ^lei/leat<vblex><iv><indic><pret><p3><sg><←sme→><@+FMAINV>$ ^positiiva/positiiva<adj><sg><nom><←sme→>$ ^juste/juste<adv><←sme→>$ ^nu/nu<adv><←sme→>$ ^guhkás/guhkás<adv><←sme→>/guhkás<adv><sem_plc><←sme→>$ ^go/go<cnjsub><←sme→><@CVP>$ ^láhka/láhka<n><sem_rule><sg><nom><←sme→>$ ^geatnegahtii/geatnegahttit<vblex><tv><indic><pret><p3><sg><←sme→><@+FMAINV>$^./.<sent>$
[/uepE5Ju82hmC]
