[-XoQr4Wxwlg8#0] ^Men<cnjcoo>$ ^i går<adv>$ ^være<vblex><pret>$ ^prpers<prn><pers><p3><nt><sg><nom>$ ^svært<adv>$ ^kald<adj><sint><pst><nt><sg><ind>$^!<sent><clb>$
[/-XoQr4Wxwlg8]
[20HgeipBy8NN#0] ^Hun/Han<prn><pers><p3><GD_pers><sg><nom>$ ^lytte<vblex><pres>$ ^nøyaktig<adv>$^.<sent><clb>$
[/20HgeipBy8NN]
[2AsFxSd_q8It#0] ^Máret<np><ant><f>$ ^tenke<vblex><pres>$^,<cm><clb>$ ^at<cnjsub>$ ^den<det><dem><nt><sg>$ ^ha<vblex><pres>$ ^se<vblex><pp>$ ^hvor<adv>$ ^Jaakko<np><ant><m>$ ^ha<vblex><pres>$ ^gå<vblex><pp>$^:<sent><clb>$ "^Fortelle<vblex><imp>$ ^til<pr>$ ^jeg<prn><pers><p1><mf><sg><acc>$ ^hvor<adv>$ ^prpers<prn><pers><p3><m><sg><nom>$ ^være<vblex><pres>$^!<sent><clb>$"^,<cm><clb>$ ^prpers<prn><pers><p3><m><sg><nom>$ ^si<vblex><pres>$ ^til<pr>$ ^mor<n><f><sg><ind>$^.<sent><clb>$
[/2AsFxSd_q8It]
[49QBS5nTCoAn#0] ^Hun/Han<prn><pers><p3><GD_pers><sg><nom>$ ^se<vblex><pres>$ ^under<pr>$ ^bord<n><nt><sg><def>$ ^og<cnjcoo>$ ^under<pr>$ ^stol<n><m><pl><def>$^,<cm><clb>$ ^men<cnjcoo>$ ^Jaakko<np><ant><m>$ ^være<vblex><pres>$ ^ikke<adv>$ ^derfra<adv>$^.<sent><clb>$
[/49QBS5nTCoAn]
[4az6DzI2UoCs#0] ^Hun/Han<prn><pers><p3><GD_pers><sg><nom>$ ^se<vblex><pres>$ ^ikke<adv>$ ^noe<det><qnt><nt><sg>$ ^og<cnjcoo>$ ^hun/han<prn><pers><p3><GD_pers><sg><nom>$ ^lese<vblex><pres>$^.<sent><clb>$
[/4az6DzI2UoCs]
[7Hx4JwM5kbFX#0] ^Prpers<prn><pers><p3><m><sg><nom>$ ^prøve<vblex><pres>$ ^enda<adv>$ ^å<part>$ ^søke<vblex><inf>$ ^Jaakko<np><ant><m>$^.<sent><clb>$
[/7Hx4JwM5kbFX]
[9n7FXDql-dLe#0] ^Så<adv>$ ^se<vblex><pres>$ ^hun/han<prn><pers><p3><GD_pers><sg><nom>$ ^liten<adj><sint><pst><mf><sg><ind>$ ^hånd<n><f><sg><ind>$ ^også<adv>$ ^og<cnjcoo>$ ^når<cnjsub>$ ^hun/han<prn><pers><p3><GD_pers><sg><nom>$ ^komme<vblex><pres>$ ^nærmere<adv>$^,<cm><clb>$ ^så<adv>$ ^se<vblex><pres>$ ^hun/han<prn><pers><p3><GD_pers><sg><nom>$ ^hun/han<det><pos><nt><sg>$ ^hode<n><nt><sg><ind>$ ^også<adv>$^!<sent><clb>$
[/9n7FXDql-dLe]
[AiTlE_q9DH0E#0] ^Jaakko<np><ant><m>$ ^og<cnjcoo>$ ^Máret<np><ant><f>$ ^være<vblex><pres>$ ^prpers<prn><pers><p3><mf><du><nom>$ ^på<pr>$ ^gårdsplass<n><m><sg><def>$^.<sent><clb>$
[/AiTlE_q9DH0E]
[EMCu_DcTpZdh#0] ^Jeg<prn><pers><p1><mf><sg><nom>$ ^se<vblex><pres>$ ^stor<adj><sint><pst><un><pl><ind>$ ^bok<n><f><pl><ind>$ ^bak<pr>$ ^hus<n><nt><sg><def>$^.<sent><clb>$
[/EMCu_DcTpZdh]
[F4YGT3BDFa23#0] ^Hun/Han<prn><pers><p3><GD_pers><sg><nom>$ ^se<vblex><pres>$ ^på<pr>$ ^hver<det><qnt><nt><sg>$ ^sted<n><nt><sg><ind>$^,<cm><clb>$ ^men<cnjcoo>$ ^prpers<prn><pers><p3><m><sg><nom>$ ^kunne<vblex><pres>$ ^ikke<adv>$ ^finne<vblex><inf>$ ^Jaakko<np><ant><m>$^.<sent><clb>$
[/F4YGT3BDFa23]
[FYO2dU7K_S4F#0] ^Og<cnjcoo>$ ^hva<prn><itg>$ ^gjøre<vblex><pres>$ ^Jaakko<np><ant><m>$ ^hos<pr>$ ^tre<n><nt><sg><def>$^?<sent><clb>$
[/FYO2dU7K_S4F]
[G5vmCm5hj-W6#0] ^Der<adv>$ ^være<vblex><pres>$ ^den<det><dem><m><sg>$ ^stemme<n><m><sg><def>$ ^igjen<adv>$^!<sent><clb>$
[/G5vmCm5hj-W6]
[JV_evOHUnLTA#0] ^Hun/Han<prn><pers><p3><GD_pers><sg><nom>$ ^spørre<vblex><pres>$ ^fra<pr>$ ^hund<n><m><sg><def>$^:<sent><clb>$ "^Se<vblex><pres>$ ^prpers<prn><pers><p3><un><pl><nom>$ ^Jaakko<np><ant><m>$^?<sent><clb>$"^.<sent><clb>$
[/JV_evOHUnLTA]
[KFHWfkDFyVos#0] ^Så<adv>$ ^høre<vblex><pres>$ ^hun/han<prn><pers><p3><GD_pers><sg><nom>$ ^stemme<n><m><sg><def>$^,<cm><clb>$ ^den<det><dem><nt><sg>$ ^komme<vblex><pres>$ ^avhengig av<pr>$ ^stor<adj><sint><pst><nt><sg><ind>$ ^gammel<adj><sint><pst><nt><sg><ind>$ ^tre<n><nt><sg><ind>$^.<sent><clb>$
[/KFHWfkDFyVos]
[LDlG2Djufa9R#0] ^Jaakko<np><ant><m>$ ^og<cnjcoo>$ ^Máret<np><ant><f>$ ^like<vblex><pres>$ ^prpers<prn><pers><p3><mf><du><nom>$ ^for<pr>$ ^å<part>$ ^leke<vblex><inf>$^,<cm><clb>$ ^de<prn><pers><p3><mf><du><nom>$ ^leke<vblex><pres>$ ^alltid<adv>$ ^sammen<adv>$ ^på<pr>$ ^gårdsplass<n><m><sg><def>$ ^utenfor<pr>$ ^stor<adj><sint><pst><nt><sg><ind>$ ^hus<n><nt><sg><ind>$^.<sent><clb>$
[/LDlG2Djufa9R]
[N3EmyGF0tV8b#0] ^Jeg<prn><pers><p1><mf><sg><nom>$ ^se<vblex><pres>$ ^en<det><qnt><f><sg>$ ^stor<adj><sint><pst><mf><sg><ind>$ ^bok<n><f><sg><ind>$^.<sent><clb>$
[/N3EmyGF0tV8b]
[NkR6dWcTJVxY#0] ^Jeg<prn><pers><p1><mf><sg><nom>$ ^se<vblex><pres>$ ^stor<adj><sint><pst><un><pl><ind>$ ^bok<n><f><pl><ind>$ ^bak<pr>$ ^rød<adj><sint><pst><nt><sg><ind>$ ^hus<n><nt><sg><ind>$^.<sent><clb>$
[/NkR6dWcTJVxY]
[OWonglBoEVbP#0] ^Vite<vblex><pres>$ ^prpers<prn><pers><p2><mf><sg><nom>$ ^hvorfor<adv>$^?<sent><clb>$
[/OWonglBoEVbP]
[PJE8USNbWjkm#0] ^Kunne<vblex><pret>$ ^prpers<prn><pers><p3><GD_pers><sg><nom>$ ^være<vblex><inf>$ ^Jaakko<np><ant><m>$^?<sent><clb>$
[/PJE8USNbWjkm]
[QfoPOMULHlxZ#0] ^En<det><qnt><f><sg>$ ^liten<adj><sint><pst><mf><sg><ind>$ ^småjente<n><f><sg><ind>$ ^være<vblex><pres>$ ^hun/han<det><pos><m><sg>$ ^lillesøster<n><m><sg><ind>$^,<cm><clb>$ ^hun/han<prn><pers><p3><GD_pers><sg><nom>$ ^være<vblex><pres>$ ^fem<det><qnt><un><pl>$ ^år<n><nt><pl><ind>$ ^gammel<adj><sint><pst><mf><sg><ind>$^.<sent><clb>$
[/QfoPOMULHlxZ]
[Qgj3s2Uy1VW6#0] ^Men<cnjcoo>$ ^katt<n><m><sg><def>$ ^være<vblex><pres>$ ^i<pr>$ ^hus<n><nt><sg><def>$^,<cm><clb>$ ^en<det><qnt><m><sg>$ ^katt<n><m><sg><ind>$ ^sove<vblex><pres>$^.<sent><clb>$
[/Qgj3s2Uy1VW6]
[S-jPr9xTMYJt#0] ^Hund<n><m><sg><def>$ ^like<vblex><pres>$ ^for<pr>$ ^å<part>$ ^leke<vblex><inf>$ ^med<pr>$ ^den<det><dem><un><pl>$ ^to<det><qnt><un><pl>$ ^barn<n><nt><sg><def>$^.<sent><clb>$
[/S-jPr9xTMYJt]
[SK5RR6iwHpot#0] ^Hvorfor<adv>$ ^gjøre<vblex><pres>$ ^hun/han<prn><pers><p3><GD_pers><sg><nom>$ ^så<adv>$^?<sent><clb>$
[/SK5RR6iwHpot]
[Tu5i0tlrtPSC#0] ^Máret<np><ant><f>$ ^le<vblex><pres>$ ^og<cnjcoo>$ ^si<vblex><pres>$^:<sent><clb>$ "^Prpers<prn><pers><p1><mf><sg><nom>$ ^finne<vblex><pret>$ ^du<prn><pers><p2><mf><sg><acc>$^!<sent><clb>$"^.<sent><clb>$
[/Tu5i0tlrtPSC]
[VeE2bOVKhLiU#0] ^Når<cnjsub>$ ^Máret<np><ant><f>$ ^bli<vblex><pres>$ ^ferdig<adj><sint><pst><mf><sg><ind>$ ^å<part>$ ^si<vblex><inf>$^,<cm><clb>$ ^prpers<prn><pers><p3><f><sg><nom>$ ^se<vblex><pres>$ ^omkring<adv>$^.<sent><clb>$
[/VeE2bOVKhLiU]
[XBTSPoad1gJc#0] ^Den<det><dem><nt><sg>$ ^være<vblex><pres>$ ^leke<n><m><sg><ind>$^.<sent><clb>$
[/XBTSPoad1gJc]
[__63zKs1_1Rz#0] ^Prpers<prn><pers><p3><nt><sg><nom>$ ^være<vblex><pres>$ ^god<adj><sint><pst><nt><sg><ind>$ ^vær<n><nt><sg><ind>$ ^i dag<adv>$^,<cm><clb>$ ^prpers<prn><pers><p3><nt><sg><nom>$ ^være<vblex><pres>$ ^svært<adv>$ ^varm<adj><sint><pst><nt><sg><ind>$^.<sent><clb>$
[/__63zKs1_1Rz]
[aXUEZt_YHn39#0] ^Ha<vblex><pres>$ ^Máret<np><ant><f>$ ^også<adv>$ ^en<det><qnt><m><sg>$ ^hund<n><m><sg><ind>$^?<sent><clb>$
[/aXUEZt_YHn39]
[al6ylYMoQEhH#0] ^rundt<pr>$ ^døgn<n><nt><sg><def>$
[/al6ylYMoQEhH]
[bDRQ4VP0PWaa#0] ^Ikke<adv>$^,<cm><clb>$ ^Máret<np><ant><f>$ ^ha<vblex><pres>$ ^ikke<adv>$ ^en<det><qnt><m><sg>$ ^hund<n><m><sg><ind>$^,<cm><clb>$ ^prpers<prn><pers><p3><f><sg><nom>$ ^ha<vblex><pres>$ ^en<det><qnt><m><sg>$ ^katt<n><m><sg><ind>$^.<sent><clb>$
[/bDRQ4VP0PWaa]
[cV3vZFz7xOOS#0] ^Nå<adv>$ ^høre<vblex><pres>$ ^hun/han<prn><pers><p3><GD_pers><sg><nom>$ ^den<prn><pers><p3><nt><sg><acc>$ ^godt<adv>$^.<sent><clb>$
[/cV3vZFz7xOOS]
[e3n2HcJxdzsd#0] ^Jeg<prn><pers><p1><mf><sg><nom>$ ^se<vblex><pres>$ ^stor<adj><sint><pst><un><pl><ind>$ ^bok<n><f><pl><ind>$^.<sent><clb>$
[/e3n2HcJxdzsd]
[eMYV9l1YcpOW#0] ^Jeg<prn><pers><p1><mf><sg><nom>$ ^se<vblex><pres>$ ^bok<n><f><sg><def>$
[/eMYV9l1YcpOW]
[ea0_LD-ZpoNN#0] ^uten<pr>$ ^hus<n><nt><sg><def>$
[/ea0_LD-ZpoNN]
[gHI-JpojtCYy#0] "^Máret<np><ant><f>$ ^ikke<adv>$^,<cm><clb>$ ^prpers<prn><pers><p1><mf><sg><nom>$ ^kunne<vblex><pres>$ ^ikke<adv>$ ^fortelle<vblex><inf>$ ^til<pr>$ ^du<prn><pers><p2><mf><sg><acc>$^!<sent><clb>$"^,<cm><clb>$ ^prpers<prn><pers><p3><f><sg><nom>$ ^svare<vblex><pres>$^.<sent><clb>$
[/gHI-JpojtCYy]
[glIcu9gZWRNs#0] ^Se<vblex><pret>$ ^prpers<prn><pers><p2><mf><sg><nom>$ ^hun/han<prn><pers><p3><GD_pers><sg><acc>$^?<sent><clb>$
[/glIcu9gZWRNs]
[gyLFWDp2Tan1#0] ^Prpers<prn><pers><p3><GD_pers><sg><nom>$ ^måtte<vblex><pres>$ ^være<vblex><inf>$ ^Jaakko<np><ant><m>$^!<sent><clb>$
[/gyLFWDp2Tan1]
[iI9PZM-1Ppmb#0] ^De<det><pos><f><sg>$ ^mor<n><f><sg><ind>$ ^være<vblex><pres>$ ^i<pr>$ ^hus<n><nt><sg><def>$ ^med<pr>$ ^katt<n><m><sg><def>$ ^sammen<adv>$^,<cm><clb>$ ^hun/han<prn><pers><p3><GD_pers><sg><nom>$ ^se<vblex><pres>$ ^vindu<n><nt><sg><def>$ ^ut<adv>$ ^og<cnjcoo>$ ^prpers<prn><pers><p3><GD_pers><sg><nom>$ ^se<vblex><pres>$ ^at<cnjsub>$ ^Jaakko<np><ant><m>$ ^og<cnjcoo>$ ^Máret<np><ant><f>$ ^leke<vblex><pret>$^.<sent><clb>$
[/iI9PZM-1Ppmb]
[jQ19cXpeiBoP#0] ^De<prn><pers><p3><mf><du><nom>$ ^begge<pl><ind><acc>$ ^være<vblex><pres>$ ^glad<adv>$ ^og<cnjcoo>$ ^prpers<prn><pers><p3><mf><du><nom>$ ^gå<vblex><pres>$ ^til<pr>$ ^hus<n><nt><sg><def>$^,<cm><clb>$ ^prpers<prn><pers><p3><nt><sg><nom>$ ^være<vblex><pres>$ ^tid<n><f><sg><ind>$ ^for<pr>$ ^å<part>$ ^spise<vblex><inf>$ ^noe<det><qnt><nt><sg>$ ^og<cnjcoo>$ ^drikke<vblex><inf>$ ^litt<adv><ind>$ ^vann<n><nt><sg><ind>$^!<sent><clb>$
[/jQ19cXpeiBoP]
[k9CPoPOixGup#0] ^Máret<np><ant><f>$ ^vite<vblex><pres>$ ^ikke<adv>$ ^hvor<adv>$ ^Jaakko<np><ant><m>$ ^være<vblex><pres>$^.<sent><clb>$
[/k9CPoPOixGup]
[lmHmpXXI2PDn#0] ^Jeg<prn><pers><p1><mf><sg><nom>$ ^se<vblex><pres>$ ^en<det><qnt><f><sg>$ ^stor<adj><sint><pst><mf><sg><ind>$ ^bok<n><f><sg><ind>$^.<sent><clb>$
[/lmHmpXXI2PDn]
[p0ED9BccKBsd#0] ^Jaakko<np><ant><m>$ ^ha<vblex><pres>$ ^en<det><qnt><m><sg>$ ^liten<adj><sint><pst><mf><sg><ind>$ ^liten hund<n><m><sg><ind>$^,<cm><clb>$ ^den<det><dem><nt><sg>$ ^også<adv>$ ^prpers<prn><pers><p3><nt><sg><nom>$ ^være<vblex><pres>$ ^nå<adv>$ ^i<pr>$ ^gård<n><m><sg><def>$^.<sent><clb>$
[/p0ED9BccKBsd]
[r95wrs1edqen#0] ^Máret<np><ant><f>$ ^se<vblex><pres>$ ^avhengig av<pr>$ ^mor<n><f><sg><ind><gen>$ ^glass<n><nt><sg><ind>$^,<cm><clb>$ ^hun<det><pos><f><sg>$ ^mor<n><f><sg><ind>$ ^le<vblex><pres>$^.<sent><clb>$
[/r95wrs1edqen]
[rIeKWAHnfLWF#0] ^Máret<np><ant><f>$ ^sitte<vblex><pres>$ ^og<cnjcoo>$ ^prpers<prn><pers><p3><f><sg><nom>$ ^ha<vblex><pres>$ ^hånd<n><f><pl><ind>$ ^for<pr>$ ^øye<n><nt><pl><def>$^.<sent><clb>$
[/rIeKWAHnfLWF]
[rTnwJ05zqz7k#0] ^HVOR<adv>$ ^VÆRE<vblex><pres>$ ^JAAKKO<np><ant><m>$^?<sent><clb>$
[/rTnwJ05zqz7k]
[rYKt-xziFTYZ#0] ^Prpers<prn><pers><p3><m><sg><nom>$ ^søke<vblex><pres>$ ^Jaakko<np><ant><m>$^:<sent><clb>$ ^hvor<adv>$ ^gå<vblex><pret>$ ^den<det><dem><nt><sg>$^?<sent><clb>$
[/rYKt-xziFTYZ]
[scTGy9D7WOvE#0] ^prpers<prn><pers><p3><nt><sg><nom>$ ^være<vblex><pres>$ ^ikke<adv>$ ^en<det><qnt><m><sg>$ ^fugl<n><m><sg><ind>$ ^ingen<det><qnt><m><sg>$ ^annen<det><dem><nt><sg><ind>$ ^dyr<n><nt><sg><ind>$^.<sent><clb>$
[/scTGy9D7WOvE]
[sdc4dVjiYXdp#0] ^Selv om<cnjsub>$ ^hun/han<prn><pers><p3><GD_pers><sg><nom>$ ^kanskje<adv>$ ^vite<vblex><pres>$ ^hvor<adv>$ ^gutt<n><m><sg><def>$ ^være<vblex><pres>$^,<cm><clb>$ ^prpers<prn><pers><p3><m><sg><nom>$ ^ønske<vblex><pres>$ ^ikke<adv>$ ^fortelle<vblex><inf>$^.<sent><clb>$
[/sdc4dVjiYXdp]
[tNiYrATQN3mQ#0] ^Ingen<det><qnt><m><sg>$ ^få<vblex><pres>$ ^svar<n><nt><sg><ind>$^,<cm><clb>$ ^når<cnjsub>$ ^prpers<prn><pers><p3><un><pl><nom>$ ^snakke<vblex><pres>$ ^med<pr>$ ^hund<n><m><pl><ind>$^!<sent><clb>$
[/tNiYrATQN3mQ]
[tXdMXCx-CQz4#0] ^Jaakko<np><ant><m>$ ^være<vblex><pres>$ ^en<det><qnt><m><sg>$ ^liten<adj><sint><pst><mf><sg><ind>$ ^smågutt<n><m><sg><ind>$ ^og<cnjcoo>$ ^prpers<prn><pers><p3><m><sg><nom>$ ^være<vblex><pres>$ ^seks<det><qnt><un><pl>$ ^år<n><nt><pl><ind>$ ^gammel<adj><sint><pst><mf><sg><ind>$^.<sent><clb>$
[/tXdMXCx-CQz4]
[toqKiaafxvkh#0] ^bak<pr>$ ^hus<n><nt><sg><def>$
[/toqKiaafxvkh]
[usXVdG2H3AVG#0] ^Jaakko<np><ant><m>$ ^løpe<vblex><pres>$ ^fort<adv>$ ^til<pr>$ ^stor<adj><sint><pst><nt><sg><ind>$ ^gammel<adj><sint><pst><nt><sg><ind>$ ^tre<n><nt><sg><ind>$^,<cm><clb>$ ^prpers<prn><pers><p3><m><sg><nom>$ ^gjemme<vblex><pres>$ ^seg<prn><ref><p3><un><sp><acc>$ ^hos<pr>$ ^Máret<np><ant><f>$^.<sent><clb>$
[/usXVdG2H3AVG]
[w8YhA2UhFBkn#0] ^De<prn><pers><p3><mf><du><nom>$ ^kunne<vblex><pret>$ ^ikke<adv>$ ^leke<vblex><inf>$ ^da<adv>$ ^ute<adv>$^.<sent><clb>$
[/w8YhA2UhFBkn]
[wXMY0IGmmk_n#0] ^Máret<np><ant><f>$ ^gå<vblex><pres>$ ^sakte<adv>$ ^gjennom<pr>$ ^gård<n><m><sg><def>$^.<sent><clb>$
[/wXMY0IGmmk_n]
[yba_4ge-5sbv#0] ^Men<cnjcoo>$ ^hund<n><m><sg><def>$ ^kunne<vblex><pres>$ ^selvfølgelig<adv>$ ^ikke<adv>$ ^snakke<vblex><inf>$^!<sent><clb>$ ^Máret<np><ant><f>$ ^få<vblex><pres>$ ^ikke<adv>$ ^svar<n><nt><sg><ind>$ ^til<pr>$ ^spørsmål<n><nt><sg><def>$^.<sent><clb>$
[/yba_4ge-5sbv]
