[20HgeipBy8NN#0] ^Han<prn><pers><p3><m><sg><nom>$ ^lytte<vblex><pres>$ ^nøyaktig<adv>$^.<sent><clb>$
[/20HgeipBy8NN]
[2AsFxSd_q8It#0] ^Máret<np><ant><f>$ ^tenke<vblex><pres>$^,<cm><clb>$ ^at<cnjsub>$ ^den<det><pos><nt><sg>$ ^ha<vblex><pres>$ ^se<vblex>$ ^hvor<adv>$ ^Jaakko<np><ant><m>$ ^ha<vblex><pres>$ ^gå<vblex>$^:<sent><clb>$ "^Fortelle<vblex><imp>$ ^til<pr>$ ^jeg<prn><pers><p1><m><sg><ill>$ ^hvor<adv>$ ^han<prn><pers><p3><m><sg><nom>$ ^være<vblex><pres>$^!<sent><clb>$"^,<cm><clb>$ ^han<prn><pers><p3><m><sg><nom>$ ^si<vblex><pres>$ ^til<pr>$ ^mor<n><f><sg><ind>$^.<sent><clb>$
[/2AsFxSd_q8It]
[49QBS5nTCoAn#0] ^Han<prn><pers><p3><m><sg><nom>$ ^se<vblex><pres>$ ^under<pr>$ ^bord<n><nt><sg><def>$ ^og<cnjcoo>$ ^under<pr>$ ^stol<n><m><pl><def>$^,<cm><clb>$ ^men<cnjcoo>$ ^Jaakko<np><ant><m>$ ^være<vblex>$ ^ikke<adv>$ ^derfra<adv>$^.<sent><clb>$
[/49QBS5nTCoAn]
[4az6DzI2UoCs#0] ^Han<prn><pers><p3><m><sg><nom>$ ^se<vblex>$ ^ikke<adv>$ ^noe<det><qnt><GD><sg><acc><foc_neg-ge><@←OBJ>$ ^og<cnjcoo>$ ^han<prn><pers><p3><m><sg><nom>$ ^lese<vblex><pres>$^.<sent><clb>$
[/4az6DzI2UoCs]
[7Hx4JwM5kbFX#0] ^Han<prn><pers><p3><m><sg><nom>$ ^prøve<vblex><pres>$ ^enda<adv>$ ^søke<vblex><inf>$ ^Jaakko<np><ant><m>$^.<sent><clb>$
[/7Hx4JwM5kbFX]
[9n7FXDql-dLe#0] ^Så<adv>$ ^han<prn><pers><p3><m><sg><nom>$ ^se<vblex><pres>$ ^en<det><qnt><f><sg>$ ^liten<adj><sint><pst><mf><sg><ind>$ ^hånd<n><f><sg><ind>$ ^også<adv><sadv><@PCLE>$ ^og<cnjcoo>$ ^når<cnjsub>$ ^han<prn><pers><p3><m><sg><nom>$ ^komme<vblex><pres>$ ^nærmere<adv>$^,<cm><clb>$ ^så<adv>$ ^han<prn><pers><p3><m><sg><nom>$ ^se<vblex><pres>$ ^han<prn><pos><sg>$ ^hode<n><nt><sg><ind>$ ^også<adv>$^!<sent><clb>$
[/9n7FXDql-dLe]
[AiTlE_q9DH0E#0] ^Jaakko<np><ant><m>$ ^og<cnjcoo>$ ^Máret<np><ant><f>$ ^være<vblex><pres>$ ^på<pr>$ ^gårdsplass<n><m><sg><def>$^.<sent><clb>$
[/AiTlE_q9DH0E]
[EMCu_DcTpZdh#0] ^Jeg<prn><pers><p1><m><sg><nom>$ ^se<vblex><pres>$ ^stor<adj><sint><pst><un><pl><ind>$ ^bok<n><f><pl><ind>$ ^bak<pr>$ ^hus<n><nt><sg><def>$^.<sent><clb>$
[/EMCu_DcTpZdh]
[F4YGT3BDFa23#0] ^Han<prn><pers><p3><m><sg><nom>$ ^se<vblex><pres>$ ^hver<det><qnt><GD><ND><@→N>$ ^på<pr>$ ^sted<n><nt><sg><def>$^,<cm><clb>$ ^men<cnjcoo>$ ^ikke<adv>$ ^han<prn><pers><p3><m><sg><nom>$ ^kunne<vblex><pres>$ ^finne<vblex><inf>$ ^Jaakko<np><ant><m>$^.<sent><clb>$
[/F4YGT3BDFa23]
[FYO2dU7K_S4F#0] ^Og<cnjcoo>$ ^hva<prn><itg><sg><acc><@OBJ→>$ ^Jaakko<np><ant><m>$ ^gjøre<vblex><pres>$ ^hos<pr>$ ^ved<n><m><sg><def>$^?<sent><clb>$
[/FYO2dU7K_S4F]
[G5vmCm5hj-W6#0] ^Der<adv>$ ^den<det><pos><nt><sg>$ ^stemme<n><m><sg><def>$ ^være<vblex><pres>$ ^igjen<adv>$^!<sent><clb>$
[/G5vmCm5hj-W6]
[JV_evOHUnLTA#0] ^Han<prn><pers><p3><m><sg><nom>$ ^spørre<vblex><pres>$ ^på<pr>$ ^hund<n><m><sg><def>$^:<sent><clb>$ "^Se<vblex><pres>$ ^Jaakko<np><ant><m>$^?<sent><clb>$"^.<sent><clb>$
[/JV_evOHUnLTA]
[KFHWfkDFyVos#0] ^Så<adv>$ ^han<prn><pers><p3><m><sg><nom>$ ^høre<vblex><pres>$ ^stemme<n><m><sg><ind>$^,<cm><clb>$ ^den<det><pos><nt><sg>$ ^komme<vblex><pres>$ ^stor<adj><sint><pst><ind>$ ^avhengig av<pr>$ ^den<det><dem><m><sg>$ ^gammel<adj><sint><pst><un><sp><def>$ ^ved<n><m><sg><def>$^.<sent><clb>$
[/KFHWfkDFyVos]
[LDlG2Djufa9R#0] ^Jaakko<np><ant><m>$ ^og<cnjcoo>$ ^Máret<np><ant><f>$ ^like<vblex><pres>$ ^å<part>$ ^leke<vblex><inf>$^,<cm><clb>$ ^de<prn><pers><p3><m><du><nom>$ ^leke<vblex><pres>$ ^alltid<adv>$ ^sammen<adv>$ ^på<pr>$ ^gårdsplass<n><m><sg><def>$ ^utenfor<pr>$ ^den<det><dem><nt><sg>$ ^stor<adj><sint><pst><un><sp><def>$ ^hus<n><nt><sg><def>$^.<sent><clb>$
[/LDlG2Djufa9R]
[N3EmyGF0tV8b#0] ^Jeg<prn><pers><p1><m><sg><nom>$ ^se<vblex><pres>$ ^en<det><qnt><f><sg>$ ^stor<adj><sint><pst><mf><sg><ind>$ ^bok<n><f><sg><ind>$^.<sent><clb>$
[/N3EmyGF0tV8b]
[NkR6dWcTJVxY#0] ^Jeg<prn><pers><p1><m><sg><nom>$ ^se<vblex><pres>$ ^stor<adj><sint><pst><un><pl><ind>$ ^bok<n><f><pl><ind>$ ^bak<pr>$ ^den<det><dem><nt><sg>$ ^rød<adj><sint><pst><un><sp><def>$ ^hus<n><nt><sg><def>$^.<sent><clb>$
[/NkR6dWcTJVxY]
[OWonglBoEVbP#0] ^Vite<vblex><pres>$ ^hvorfor<adv>$^?<sent><clb>$
[/OWonglBoEVbP]
[PJE8USNbWjkm#0] ^Kunne<vblex><pres>$ ^være<vblex><inf>$ ^Jaakko<np><ant><m>$^?<sent><clb>$
[/PJE8USNbWjkm]
[QfoPOMULHlxZ#0] ^en<det><qnt><f><sg>$ ^Liten<adj><sint><pst><mf><sg><ind>$ ^småjente<n><f><sg><ind>$ ^være<vblex><pres>$ ^han<prn><pos><sg>$ ^lillesøster<n><m><sg><ind>$^,<cm><clb>$ ^han<prn><pers><p3><m><sg><nom>$ ^være<vblex><agreem-pro><pres><p3><sg><@+FMAINV>$ ^fem<det><qnt><un><pl>$ ^år<n><nt><pl><ind>$ ^gammel<adj><sint><pst><sg><ind>$^.<sent><clb>$
[/QfoPOMULHlxZ]
[Qgj3s2Uy1VW6#0] ^Men<cnjcoo>$ ^katt<n><m><sg><def>$ ^være<vblex><pres>$ ^i<pr>$ ^hus<n><nt><sg><def>$^,<cm><clb>$ ^katt<n><m><sg><def>$ ^sove<vblex><pres>$^.<sent><clb>$
[/Qgj3s2Uy1VW6]
[S-jPr9xTMYJt#0] ^Hund<n><m><sg><ind>$ ^like<vblex><pres>$ ^å<part>$ ^leke<vblex><inf>$ ^den<det><pos><nt><sg>$ ^to<det><qnt><un><pl>$ ^med<pr>$ ^barn<n><nt><sg><def>$^.<sent><clb>$
[/S-jPr9xTMYJt]
[SK5RR6iwHpot#0] ^Hvorfor<adv>$ ^han<prn><pers><p3><m><sg><nom>$ ^gjøre<vblex><pres>$ ^så<adv>$^?<sent><clb>$
[/SK5RR6iwHpot]
[Tu5i0tlrtPSC#0] ^Máret<np><ant><f>$ ^le<vblex><pres>$ ^og<cnjcoo>$ ^si<vblex><pres>$^:<sent><clb>$ "^Finne<vblex><pret>$ ^du<prn><pers><p2><m><sg><acc>$^!<sent><clb>$"^.<sent><clb>$
[/Tu5i0tlrtPSC]
[VeE2bOVKhLiU#0] ^Når<cnjsub>$ ^Máret<np><ant><f>$ ^ferdig<adj><pres>$ ^si<vblex><inf>$^,<cm><clb>$ ^hun<prn><pers><p3><m><sg><nom>$ ^se<vblex><pres>$ ^omkring<adv>$^.<sent><clb>$
[/VeE2bOVKhLiU]
[XBTSPoad1gJc#0] ^Den<det><pos><nt><sg>$ ^være<vblex><pres>$ ^leke<n><m><sg><ind>$^.<sent><clb>$
[/XBTSPoad1gJc]
[__63zKs1_1Rz#0] ^I Dag<adv>$ ^være<vblex><pres>$ ^den<prn><pers><p3><nt><sg><nom>$ ^en<det><qnt><nt><sg>$ ^god<adj><sint><pst><nt><sg><ind>$ ^vær<n><nt><sg><ind>$^,<cm><clb>$ ^være<vblex><pres>$ ^svært<adv>$ ^varm<adj><sint><pst><nt><sg><ind>$^.<sent><clb>$
[/__63zKs1_1Rz]
[aXUEZt_YHn39#0] ^Også<adv>$ ^Ha<vblex><pres>$ ^den<prn><pers><p3><nt><sg><nom>$ ^Máret<np><ant><nt>$ ^hund<n><m><sg><ind>$^?<sent><clb>$
[/aXUEZt_YHn39]
[bDRQ4VP0PWaa#0] ^nei<ij>$^,<cm>$ ^Máret<np><ant><f>$ ^ha<vblex>$ ^ikke<adv>$ ^hund<n><m><sg><ind>$^,<cm><clb>$ ^hun<prn><pers><p3><m><sg><nom>$ ^ha<vblex>$ ^en<det><qnt><f><sg>$  ^katt<n><m><sg><ind>$^.<sent><clb>$
[/bDRQ4VP0PWaa]
[cV3vZFz7xOOS#0] ^Nå<adv>$ ^han<prn><pers><p3><m><sg><nom>$ ^høre<vblex><pres>$ ^den<prn><pers><p3><m><sg>$ ^godt<adv>$^.<sent><clb>$
[/cV3vZFz7xOOS]
[e3n2HcJxdzsd#0] ^Jeg<prn><pers><p1><m><sg><nom>$ ^se<vblex><pres>$ ^stor<adj><sint><pst><un><pl><ind>$ ^bok<n><f><pl><ind>$^.<sent><clb>$
[/e3n2HcJxdzsd]
[eMYV9l1YcpOW#0] ^Jeg<prn><pers><p1><m><sg><nom>$ ^se<vblex><pres>$ ^bok<n><f><sg><ind>$
[/eMYV9l1YcpOW]
[ea0_LD-ZpoNN#0] ^uten<pr>$ ^hus<n><nt><sg><def>$
[/ea0_LD-ZpoNN]
[gHI-JpojtCYy#0] "^Ikke<adv>$ ^Máret<np><ant><f>$^,<cm><clb>$ ^kunne<vblex>$ ^ikke<adv>$ ^fortelle<vblex><inf>$ ^til<pr>$ ^du<prn><pers><p2><m><sg><ill>$^!<sent><clb>$"^,<cm><clb>$ ^hun<prn><pers><p3><m><sg><nom>$ ^svare<vblex><pres>$^.<sent><clb>$
[/gHI-JpojtCYy]
[gQYXApgNZ4RH#0] ^omkring<adv>$ ^*jandora$
[/gQYXApgNZ4RH]
[glIcu9gZWRNs#0] ^Se<vblex><pret>$ ^han<prn><pers><p3><m><sg><acc>$^?<sent><clb>$
[/glIcu9gZWRNs]
[gyLFWDp2Tan1#0] ^Måtte<vblex><pres>$ ^være<vblex><inf>$ ^Jaakko<np><ant><m>$^!<sent><clb>$
[/gyLFWDp2Tan1]
[iI9PZM-1Ppmb#0] ^De<prn><pos><mf><du>$ ^mor<n><f><sg><ind>$ ^være<vblex><pres>$ ^i<pr>$ ^hus<n><nt><sg><def>$ ^med<pr>$ ^katt<n><m><sg><def>$ ^sammen<adv>$^,<cm><clb>$ ^han<prn><pers><p3><m><sg><nom>$ ^se<vblex><pres>$ ^vindu<n><nt><sg><ind>$ ^ut<adv>$ ^og<cnjcoo>$ ^se<vblex><pres>$ ^Jaakko<np><ant><m>$ ^og<cnjcoo>$ ^Máret<np><ant><f>$ ^leke<vblex>$^.<sent><clb>$
[/iI9PZM-1Ppmb]
[jQ19cXpeiBoP#0] ^De<prn><pers><p3><m><du><nom>$ ^begge<prn><ind><pl><nom><@SUBJ→>$ ^være<vblex><pres>$ ^glad<adv>$ ^og<cnjcoo>$ ^gå<vblex><pres>$ ^til<pr>$ ^hus<n><nt><sg><def>$^,<cm><clb>$ ^være<vblex><pres>$ ^tid<n><f><sg><ind>$ ^spise<vblex><inf>$ ^noe<det><qnt><nt><sg><acc><@-F←OBJ>$ ^og<cnjcoo>$ ^drikke<vblex><inf>$ ^litt<adv>$ ^vann<n><nt><sg><ind>$^!<sent><clb>$
[/jQ19cXpeiBoP]
[k9CPoPOixGup#0] ^Máret<np><ant><f>$ ^vite<vblex>$ ^ikke<adv>$ ^hvor<adv>$ ^Jaakko<np><ant><m>$ ^være<vblex><pres>$^.<sent><clb>$
[/k9CPoPOixGup]
[lf7ZXyOSiRwO#0] ^Men<cnjcoo>$ ^i går<adv>$ ^være<vblex><pret>$ ^den<prn><pers><p3><nt><sg><nom>$ ^svært<adv>$ ^kald<adj><sint><pst><nt><sg><ind>$^!<sent><clb>$ ^De<prn><pers><p3><m><du><nom>$ ^kunne<vblex>$ ^ikke<adv>$ ^leke<vblex><inf>$ ^da<adv>$ ^ute<adv>$^.<sent><clb>$
[/lf7ZXyOSiRwO]
[lmHmpXXI2PDn#0] ^Jeg<prn><pers><p1><m><sg><nom>$ ^se<vblex><pres>$ ^en<det><qnt><f><sg>$ ^stor<adj><sint><pst><mf><sg><ind>$ ^bok<n><f><sg><ind>$^.<sent><clb>$
[/lmHmpXXI2PDn]
[p0ED9BccKBsd#0] ^Jaakko<np><ant><m>$ ^ha<vblex><pres>$ ^en<det><qnt><m><sg>$ ^liten<adj><sint><pst><mf><sg><ind>$ ^liten hund<n><m><sg><ind>$^,<cm><clb>$ ^den<det><pos><nt><sg>$ ^også<adv><sadv><@PCLE>$ ^være<vblex><pres>$ ^nå<adv>$ ^på<pr>$ ^gård<n><m><sg><def>$^.<sent><clb>$
[/p0ED9BccKBsd]
[r95wrs1edqen#0] ^Máret<np><ant><f>$ ^se<vblex><pres>$ ^mor<n><f><sg><ind>$ ^avhengig av<pr>$ ^glass<n><nt><sg><def>$^,<cm><clb>$ ^hun<prn><pos><f><sg>$ ^mor<n><f><sg><ind>$ ^le<vblex><pres>$^.<sent><clb>$
[/r95wrs1edqen]
[rIeKWAHnfLWF#0] ^Máret<np><ant><f>$ ^sitte<vblex><pres>$ ^og<cnjcoo>$ ^hun<prn><pers><p3><m><sg><loc>$ ^ha<vblex><pres>$ ^hånd<n><f><pl><ind>$ ^for<pr>$ ^øye<n><nt><pl><def>$^.<sent><clb>$
[/rIeKWAHnfLWF]
[rTnwJ05zqz7k#0] ^HVOR<adv>$ ^JAAKKO<np><ant><m>$ ^VÆRE<vblex><pres>$^?<sent><clb>$
[/rTnwJ05zqz7k]
[rYKt-xziFTYZ#0] ^Han<prn><pers><p3><m><sg><nom>$ ^søke<vblex><pres>$ ^Jaakko<np><ant><m>$^:<sent><clb>$ ^hvor<adv>$ ^den<det><pos><nt><sg>$ ^gå<vblex><pret>$^?<sent><clb>$
[/rYKt-xziFTYZ]
[rtfC5S_yOAH0#0] ^Hund<n><m><sg><def>$ ^være<vblex><pres>$ ^svært<adv>$ ^gledelig<adj><sint><pst><mf><sg><ind>$ ^nå<adv>$^.<sent><clb>$
[/rtfC5S_yOAH0]
[scTGy9D7WOvE#0] ^være<vblex>$ ^ikke<adv>$ ^fugl<n><m><sg><ind>$ ^eller<cnjcoo>$ ^noe slags<det><qnt><GD><ND><foc_neg-ge><@→N>$ ^annen<det><dem><DD><GD><ND><@→N>$ ^dyr<n><nt><sg><ind>$^.<sent><clb>$
[/scTGy9D7WOvE]
[sdc4dVjiYXdp#0] ^Selv om<cnjsub>$ ^han<prn><pers><p3><m><sg><nom>$ ^kanskje<adv>$ ^vite<vblex><pres>$ ^hvor<adv>$ ^gutt<n><m><sg><def>$ ^være<vblex><pres>$^,<cm><clb>$ ^han<prn><pers><p3><m><sg><nom>$ ^ønske<vblex>$ ^ikke<adv>$ ^fortelle<vblex><inf>$^.<sent><clb>$
[/sdc4dVjiYXdp]
[tNiYrATQN3mQ#0] ^Ikke<adv>$ ^noe<det><qnt><GD><sg><nom><foc_neg-ge><@←SUBJ>$ ^få<vblex><pres>$ ^svar<n><nt><sg><ind>$^,<cm><clb>$ ^når<cnjsub>$ ^snakke<vblex><pres>$ ^med<pr>$ ^hund<n><m><pl><def>$^!<sent><clb>$
[/tNiYrATQN3mQ]
[tXdMXCx-CQz4#0] ^Jaakko<np><ant><m>$ ^være<vblex><pres>$ ^en<det><qnt><m><sg>$ ^liten<adj><sint><pst><mf><sg><ind>$ ^smågutt<n><m><sg><ind>$ ^og<cnjcoo>$ ^han<prn><pers><p3><m><sg><nom>$ ^være<vblex><agreem-pro><pres><p3><sg><@+FMAINV>$ ^seks<det><qnt><un><pl>$ ^år<n><nt><pl><ind>$ ^gammel<adj><sint><pst><sg><ind>$^.<sent><clb>$
[/tXdMXCx-CQz4]
[toqKiaafxvkh#0] ^bak<pr>$ ^hus<n><nt><sg><def>$
[/toqKiaafxvkh]
[usXVdG2H3AVG#0] ^Jaakko<np><ant><m>$ ^løpe<vblex><pres>$ ^fort<adv>$ ^stor<adj><sint><pst><ind>$ ^til<pr>$ ^den<det><dem><m><sg>$ ^gammel<adj><sint><pst><un><sp><def>$ ^ved<n><m><sg><def>$^,<cm><clb>$ ^han<prn><pers><p3><m><sg><nom>$ ^gjemme<vblex><pres>$ ^Máret<np><ant><f>$^.<sent><clb>$
[/usXVdG2H3AVG]
[wXMY0IGmmk_n#0] ^Máret<np><ant><f>$ ^gå<vblex><pres>$ ^sakte<adv>$ ^gjennom<pr>$ ^gård<n><m><sg><def>$^.<sent><clb>$
[/wXMY0IGmmk_n]
[yba_4ge-5sbv#0] ^Men<cnjcoo>$ ^hund<n><m><sg><ind>$ ^selvfølgelig<adv>$ ^kunne<vblex>$ ^ikke<adv>$ ^snakke<vblex><inf>$^!<sent><clb>$ ^Máret<np><ant><f>$ ^ikke<adv>$ ^få<vblex><pres>$ ^svar<n><nt><sg><ind>$ ^til<pr>$ ^spørsmål<n><nt><sg><def>$^.<sent><clb>$
[/yba_4ge-5sbv]
