[10vuJA_wv6Z4#0] ^Gonagas<n><sem_hum><sg><nom><@→N>$ ^Harald<np><ant><m><sg><nom><@HNOUN>$
[/10vuJA_wv6Z4]
[5lw5MRaU9oZe#0] ^dálki<n><sem_wthr><sg><gen><@→P>$ ^geažil<post><@ADVL>$
[/5lw5MRaU9oZe]
[7cJvryNjmakD#0] ^giellarevitaliseren<n><sem_act><sg><nom><@HNOUN>$
[/7cJvryNjmakD]
[A2pYKBduUi4Q#0] ^Mánná<n><sem_hum><pl><nom><@SUBJ→>$ ^leat<vblex><iv><indic><pres><p3><pl><@+FMAINV>$ ^iehčanassii<adv><@←ADVL-ine>$ ^ruovttus<adv><@←ADVL-ine>$^.<sent>$
[/A2pYKBduUi4Q]
[EZyWS1Hp7O3O#0] ^muohtasuddan<n><sem_act><sg><gen><@X>$
[/EZyWS1Hp7O3O]
[EloK9Q8SACDJ#0] ^Anne<np><ant><f><attr><@→N>$ ^Tornensis<np><cog><attr><@→N>$ ^Hætta<np><cog><sg><nom><@HNOUN>$
[/EloK9Q8SACDJ]
[FFAYuJZpZY3g#0] ^Ánne<np><ant><f><sg><nom><@SUBJ→>$ ^ráhkadit<vblex><tv><indic><pres><p3><sg><@+FMAINV>$ ^biebmu<n><sem_event_food><sg><acc><@←OBJ>$^.<sent>$
[/FFAYuJZpZY3g]
[GmxCMyX7kT7N#0] ^galbmit<vblex><iv><inf><@-FMAINV>$
[/GmxCMyX7kT7N]
[HhTSEzVzKwBk#0] ^Mánná<n><sem_hum><sg><nom><@SUBJ→>$ ^oađđit<vblex><iv><indic><pres><p3><sg><@+FMAINV>$^.<sent>$
[/HhTSEzVzKwBk]
[Ht8MgRVMsB60#0] ^Boahtit<vblex><iv><indic><pres><p3><sg><qst><@+FMAINV>$ ^áhčči<n><sem_hum><sg><nom><@←SUBJ>$ ^ihttin<adv><@←ADVL-ela>$^?<sent>$
[/Ht8MgRVMsB60]
[NN8bEy129TeS#0] ^gáiddusoahpahus<n><sem_edu><sg><ill><@←ADVL>$
[/NN8bEy129TeS]
[QtUeuIcMULft#0] ^Giitu<n><sem_prod-cogn><sg><nom><@HNOUN>$ ^skeaŋka<n><sem_obj><sg><gen><@→P>$ ^ovddas<post><@ADVL>$^.<sent>$
[/QtUeuIcMULft]
[UgIirDVITxyD#0] ^Áhčči<n><sem_hum><sg><nom><qst><@SUBJ→>$ ^boahtit<vblex><iv><indic><pres><p3><sg><@+FMAINV>$ ^ihttin<adv><@←ADVL-ela>$^?<sent>$
[/UgIirDVITxyD]
[go3AerZbHggq#0] ^Máhtte<np><ant><m><sg><nom><@SUBJ→>$ ^muitalit<vblex><tv><indic><pret><p3><sg><@+FMAINV>$ ^ahte<cnjsub><@CVP>$ ^áddjá<n><sem_hum><sg><nom><@SUBJ→>$ ^boahtit<vblex><iv><indic><pres><p3><sg><@+FMAINV>$^.<sent>$
[/go3AerZbHggq]
[hHShlqfnaLiV#0] ^Rievssatbivdu<n><sem_act><sg><nom><@SUBJ→>$ ^unnut<vblex><iv><indic><pret><p1><sg><@+FMAINV>$ ^bealli<n><sem_hum_part><sg><com><@←ADVL>$^.<sent>$
[/hHShlqfnaLiV]
[rbBca6UsyWin#0] ^garas<adj><attr><@→N>$ ^dálki<n><sem_wthr><sg><gen><@→P>$ ^geažil<post><@ADVL>$
[/rbBca6UsyWin]
[uepE5Ju82hmC#0] ^Suohkan<n><sem_org><sg><nom><@SUBJ→>$ ^leat<vblex><iv><indic><pret><p3><sg><@+FMAINV>$ ^positiiva<adj><sg><nom><@←SPRED>$ ^juste<adv><@←ADVL-ine>$ ^nu<adv><@→ADVL>$ ^guhkás<adv><@←ADVL-ine>$ ^go<cnjsub><@CVP>$ ^láhka<n><sem_rule><sg><nom><@SUBJ→>$ ^geatnegahttit<vblex><tv><indic><pret><p3><sg><@+FMAINV>$^.<sent>$
[/uepE5Ju82hmC]
