[10vuJA_wv6Z4#0] ^Kong<n><m><sg><ind>$ ^Harald<np><ant><m>$
[/10vuJA_wv6Z4]
[5lw5MRaU9oZe#0] ^på grunn av<pr>$ ^vær<n><nt><sg><def>$
[/5lw5MRaU9oZe]
[7cJvryNjmakD#0] ^språkrevitalisering<n><m><sg><ind>$
[/7cJvryNjmakD]
[A2pYKBduUi4Q#0] ^Barn<n><nt><pl><def>$ ^være<vblex><pres>$ ^alene<adv>$ ^hjemme<adv>$^.<sent><clb>$
[/A2pYKBduUi4Q]
[EZyWS1Hp7O3O#0] ^snøsmelting<n><m><sg><ind>$
[/EZyWS1Hp7O3O]
[EloK9Q8SACDJ#0] ^Anne<np><ant><f>$ ^Tornensis<np>$ ^Hætta<np>$
[/EloK9Q8SACDJ]
[FFAYuJZpZY3g#0] ^Ánne<np><ant><f>$ ^lage<vblex><pres>$ ^mat<n><m><sg><ind>$^.<sent><clb>$
[/FFAYuJZpZY3g]
[GmxCMyX7kT7N#0] ^fryse<vblex><inf># til$
[/GmxCMyX7kT7N]
[HhTSEzVzKwBk#0] ^Barn<n><nt><sg><def>$ ^sove<vblex><pres>$^.<sent><clb>$
[/HhTSEzVzKwBk]
[Ht8MgRVMsB60#0] ^Komme<vblex><pres>$ ^far<n><m><sg><ind>$ ^i morgen<adv>$^?<sent><clb>$
[/Ht8MgRVMsB60]
[NN8bEy129TeS#0] ^til<pr>$ ^fjernundervisning<n><m><sg><def>$
[/NN8bEy129TeS]
[QtUeuIcMULft#0] ^Takk<n><m><sg><ind>$ ^for<pr>$ ^gave<n><m><sg><def>$^.<sent><clb>$
[/QtUeuIcMULft]
[UgIirDVITxyD#0] ^Far<n><m><sg><def>$ ^komme<vblex><pres>$ ^i morgen<adv>$^?<sent><clb>$
[/UgIirDVITxyD]
[go3AerZbHggq#0] ^Máhtte<np><ant><m>$ ^fortelle<vblex><pret>$ ^at<cnjsub>$ ^bestefar<n><m><sg><def>$ ^komme<vblex><pres>$^.<sent><clb>$
[/go3AerZbHggq]
[hHShlqfnaLiV#0] ^Rypejakt<n><f><sg><def>$ ^minke<vblex><pret>$ ^med<pr>$ ^halvpart<n><m><sg><def>$^.<sent><clb>$
[/hHShlqfnaLiV]
[rbBca6UsyWin#0] ^på grunn av<pr>$ ^den<det><dem><nt><sg>$ ^dårlig<adj><sint><pst><un><sp><def>$ ^vær<n><nt><sg><def>$
[/rbBca6UsyWin]
[uepE5Ju82hmC#0] ^Kommune<n><m><sg><def>$ ^være<vblex><pret>$ ^positiv<adj><pst><mf><sg><ind>$ ^nettopp<adv>$ ^så<adv>$ ^langt<adv>$ ^som<cnjsub>$ ^lov<n><m><sg><def>$ ^plikte<vblex><pret>$^.<sent><clb>$
[/uepE5Ju82hmC]
