[EMCu_DcTpZdh#0] ^Mun<prn><pers><p1><sg><nom><@SUBJ→>$ ^oaidnit<vblex><tv><indic><pres><p1><sg><@+FMAINV>$ ^stuoris<adj><attr><@→N>$ ^girji<n><sem_txt><pl><acc><@←OBJ>$ ^viessu<n><sem_build><sg><gen><@→P>$ ^duohken<post><@←ADVL-ine>$^.<sent>$
[/EMCu_DcTpZdh]
[N3EmyGF0tV8b#0] ^Mun<prn><pers><p1><sg><nom><@SUBJ→>$ ^oaidnit<vblex><tv><indic><pres><p1><sg><@+FMAINV>$ ^stuoris<adj><attr><@→N>$ ^girji<n><sem_txt><sg><acc><@←OBJ>$^.<sent>$
[/N3EmyGF0tV8b]
[NkR6dWcTJVxY#0] ^Mun<prn><pers><p1><sg><nom><@SUBJ→>$ ^oaidnit<vblex><tv><indic><pres><p1><sg><@+FMAINV>$ ^stuoris<adj><attr><@→N>$ ^girji<n><sem_txt><pl><acc><@←OBJ>$ ^ruoksat<adj><attr><@→N>$ ^viessu<n><sem_build><sg><gen><@→P>$ ^duohken<post><@←ADVL-ine>$^.<sent>$
[/NkR6dWcTJVxY]
[e3n2HcJxdzsd#0] ^Mun<prn><pers><p1><sg><nom><@SUBJ→>$ ^oaidnit<vblex><tv><indic><pres><p1><sg><@+FMAINV>$ ^stuoris<adj><attr><@→N>$ ^girji<n><sem_txt><pl><acc><@←OBJ>$^.<sent>$
[/e3n2HcJxdzsd]
[eMYV9l1YcpOW#0] ^Mun<prn><pers><p1><sg><nom><@SUBJ→>$ ^oaidnit<vblex><tv><indic><pres><p1><sg><@+FMAINV>$ ^girji<n><sem_txt><sg><acc><@←OBJ>$
[/eMYV9l1YcpOW]
[lmHmpXXI2PDn#0] ^Mun<prn><pers><p1><sg><nom><@SUBJ→>$ ^oaidnit<vblex><tv><indic><pres><p1><sg><@+FMAINV>$ ^stuoris<adj><attr><@→N>$ ^girji<n><sem_txt><sg><acc><@←OBJ>$^.<sent>$
[/lmHmpXXI2PDn]
